******************************************************************************
                  MSP430 Linker PC v18.1.3                     
******************************************************************************
>> Linked Fri Jul 31 20:53:23 2020

OUTPUT FILE NAME:   <Measure.out>
ENTRY POINT SYMBOL: "_c_int00_noargs"  address: 0000eae8


MEMORY CONFIGURATION

         name            origin    length      used     unused   attr    fill
----------------------  --------  ---------  --------  --------  ----  --------
  SFR                   00000000   00000010  00000000  00000010  RWIX
  PERIPHERALS_8BIT      00000010   000000f0  00000000  000000f0  RWIX
  PERIPHERALS_16BIT     00000100   00000100  00000000  00000100  RWIX
  RAM                   00000200   00000200  0000008d  00000173  RWIX
  INFOD                 00001000   00000040  00000000  00000040  RWIX
  INFOC                 00001040   00000040  00000000  00000040  RWIX
  INFOB                 00001080   00000040  00000000  00000040  RWIX
  INFOA                 000010c0   00000040  00000000  00000040  RWIX
  FLASH                 0000c000   00003fde  00002cf0  000012ee  RWIX
  BSLSIGNATURE          0000ffde   00000002  00000002  00000000  RWIX  ffff 
  INT00                 0000ffe0   00000002  00000002  00000000  RWIX
  INT01                 0000ffe2   00000002  00000000  00000002  RWIX
  INT02                 0000ffe4   00000002  00000002  00000000  RWIX
  INT03                 0000ffe6   00000002  00000002  00000000  RWIX
  INT04                 0000ffe8   00000002  00000000  00000002  RWIX
  INT05                 0000ffea   00000002  00000002  00000000  RWIX
  INT06                 0000ffec   00000002  00000002  00000000  RWIX
  INT07                 0000ffee   00000002  00000002  00000000  RWIX
  INT08                 0000fff0   00000002  00000002  00000000  RWIX
  INT09                 0000fff2   00000002  00000002  00000000  RWIX
  INT10                 0000fff4   00000002  00000002  00000000  RWIX
  INT11                 0000fff6   00000002  00000002  00000000  RWIX
  INT12                 0000fff8   00000002  00000002  00000000  RWIX
  INT13                 0000fffa   00000002  00000002  00000000  RWIX
  INT14                 0000fffc   00000002  00000002  00000000  RWIX
  RESET                 0000fffe   00000002  00000002  00000000  RWIX


SECTION ALLOCATION MAP

 output                                  attributes/
section   page    origin      length       input sections
--------  ----  ----------  ----------   ----------------
.bss       0    00000200    00000037     UNINITIALIZED
                  00000200    00000018     (.common:RT_Info)
                  00000218    00000014     (.common:double_buff)
                  0000022c    00000008     (.common:pitch_f)
                  00000234    00000002     (.common:txData)
                  00000236    00000001     (.common:rxBuffer)

.data      0    00000238    00000006     UNINITIALIZED
                  00000238    00000003     Uart.obj (.data)
                  0000023b    00000001     --HOLE--
                  0000023c    00000002     rts430_eabi.lib : errno.c.obj (.data)

.stack     0    000003b0    00000050     UNINITIALIZED
                  000003b0    00000002     rts430_eabi.lib : boot.c.obj (.stack)
                  000003b2    0000004e     --HOLE--

.text      0    0000c000    00002c38     
                  0000c000    000004b8     rts430_eabi.lib : s_atan.c.obj (.text:atan)
                  0000c4b8    00000478                     : frcdivd.c.obj (.text:__TI_frcdivd)
                  0000c930    000002fa                     : addd.c.obj (.text:__mspabi_addd)
                  0000cc2a    000002f8                     : e_sqrt.c.obj (.text:sqrt)
                  0000cf22    00000286                     : frcmpyd.c.obj (.text:__TI_frcmpyd)
                  0000d1a8    0000026e                     : mpyd.c.obj (.text:__mspabi_mpyd)
                  0000d416    00000260                     : frcaddd.c.obj (.text:__TI_frcaddd)
                  0000d676    00000238                     : divd.c.obj (.text:__mspabi_divd)
                  0000d8ae    0000020c     measure.obj (.text:make_angle)
                  0000daba    00000132     rts430_eabi.lib : fs_add.asm.obj (.text)
                  0000dbec    000000dc                     : cmpd.c.obj (.text:__mspabi_cmpd)
                  0000dcc8    000000c8     double2str.obj (.text:float2str)
                  0000dd90    000000c4     rts430_eabi.lib : fs_mpy.asm.obj (.text)
                  0000de54    000000be                     : renormd.c.obj (.text:__TI_renormd)
                  0000df12    000000ac                     : fltlid.c.obj (.text:__mspabi_fltlid)
                  0000dfbe    000000a8     adxl345.obj (.text:Multiple_read_ADXL345)
                  0000e066    00000098     adxl345.obj (.text:Init_ADXL345)
                  0000e0fe    0000008c     rts430_eabi.lib : cvtdf.c.obj (.text:__mspabi_cvtdf)
                  0000e18a    0000007c                     : copy_decompress_lzss.c.obj (.text:decompress:lzss:__TI_decompress_lzss)
                  0000e206    00000072                     : cvtfd.c.obj (.text:__mspabi_cvtfd)
                  0000e278    00000072                     : fixdli.c.obj (.text:__mspabi_fixdli)
                  0000e2ea    00000072     measure.obj (.text:get_raw_value)
                  0000e35c    00000062     main.obj (.text:main)
                  0000e3be    00000062     measure.obj (.text:make_g_float)
                  0000e420    0000005c     rts430_eabi.lib : lsr32.asm.obj (.text:l_lsr_const)
                  0000e47c    00000054     Uart.obj (.text:Timer_A1_ISR)
                  0000e4d0    00000050     IIC.obj (.text:IIC_Readbyte)
                  0000e520    0000004c     IIC.obj (.text:IIC_Sendbyte)
                  0000e56c    0000004c     IIC.obj (.text:IIC_Waitack)
                  0000e5b8    0000004c     rts430_eabi.lib : lsr16.asm.obj (.text)
                  0000e604    0000004a     double2str.obj (.text:abs1)
                  0000e64e    00000046     IIC.obj (.text:B_IIC_Sendbyte)
                  0000e694    00000046     IIC.obj (.text:B_IIC_Waitack)
                  0000e6da    00000042     rts430_eabi.lib : autoinit.c.obj (.text:__TI_auto_init_nobinit_nopinit:__TI_auto_init_nobinit_nopinit)
                  0000e71c    0000003e                     : asr32.asm.obj (.text:l_asr_const)
                  0000e75a    0000003e                     : lsl32.asm.obj (.text:l_lsl_const)
                  0000e798    0000003a     Uart.obj (.text:Timer_A0_ISR)
                  0000e7d2    00000038     IIC.obj (.text:IIC_Start)
                  0000e80a    00000038     IIC.obj (.text:IIC_Stop)
                  0000e842    00000034     adxl345.obj (.text:B_Single_Write_ADXL345)
                  0000e876    00000034     IIC.obj (.text:IIC_Ack)
                  0000e8aa    00000034     adxl345.obj (.text:Single_Write_ADXL345)
                  0000e8de    00000032     IIC.obj (.text:B_IIC_Start)
                  0000e910    00000032     IIC.obj (.text:B_IIC_Stop)
                  0000e942    00000032     IIC.obj (.text:IIC_Nack)
                  0000e974    0000002e     rts430_eabi.lib : subd.c.obj (.text:__mspabi_subd)
                  0000e9a2    0000002c                     : asr16.asm.obj (.text)
                  0000e9ce    0000002c                     : div16s.asm.obj (.text)
                  0000e9fa    0000002c                     : lsl16.asm.obj (.text)
                  0000ea26    0000002a                     : negd.c.obj (.text:__mspabi_negd)
                  0000ea50    00000028                     : fixdi.c.obj (.text:__mspabi_fixdi)
                  0000ea78    00000026     IIC.obj (.text:IIC_Init)
                  0000ea9e    00000026     rts430_eabi.lib : mult32.asm.obj (.text)
                  0000eac4    00000024     uart_self.obj (.text:USCI0RX_ISR)
                  0000eae8    0000001c     rts430_eabi.lib : boot.c.obj (.text:_c_int00_noargs)
                  0000eb04    0000001a     uart_self.obj (.text:putstr)
                  0000eb1e    00000016     measure.obj (.text:get_mean)
                  0000eb34    00000016     rts430_eabi.lib : div16u.asm.obj (.text)
                  0000eb4a    00000014                     : copy_zero_init.c.obj (.text:decompress:ZI:__TI_zero_init_nomemset:__TI_zero_init_nomemset)
                  0000eb5e    00000014                     : mult16.asm.obj (.text)
                  0000eb72    00000012     main.obj (.text:System_Clock)
                  0000eb84    00000012     rts430_eabi.lib : copy_decompress_none.c.obj (.text:decompress:none:__TI_decompress_none)
                  0000eb96    00000012                     : lsr32.asm.obj (.text:l_lsr)
                  0000eba8    00000012                     : memcpy.c.obj (.text:memcpy)
                  0000ebba    00000010                     : asr32.asm.obj (.text:l_asr)
                  0000ebca    00000010                     : lsl32.asm.obj (.text:l_lsl)
                  0000ebda    00000010                     : epilog.asm.obj (.text)
                  0000ebea    0000000e     led.obj (.text:init_led)
                  0000ebf8    0000000c     rts430_eabi.lib : fltid.c.obj (.text:__mspabi_fltid)
                  0000ec04    0000000c     uart_self.obj (.text:putchar)
                  0000ec10    0000000a     beep.obj (.text:init_beep)
                  0000ec1a    00000008     rts430_eabi.lib : isr_trap.asm.obj (.text:_isr:__TI_ISR_TRAP)
                  0000ec22    00000006                     : exit.c.obj (.text:abort)
                  0000ec28    00000006     led.obj (.text:on_led)
                  0000ec2e    00000004     rts430_eabi.lib : pre_init.c.obj (.text:_system_pre_init)
                  0000ec32    00000004     uart_self.obj (.text:receive)
                  0000ec36    00000002     rts430_eabi.lib : startup.c.obj (.text:_system_post_cinit)

.const     0    0000ec38    0000009c     
                  0000ec38    00000058     rts430_eabi.lib : s_atan.c.obj (.const:aT)
                  0000ec90    00000020                     : s_atan.c.obj (.const:atanhi)
                  0000ecb0    00000020                     : s_atan.c.obj (.const:atanlo)
                  0000ecd0    00000004     main.obj (.const:.string)

.cinit     0    0000ecd4    0000001c     
                  0000ecd4    0000000a     (.cinit..data.load) [load image]
                  0000ecde    00000006     (__TI_handler_table)
                  0000ece4    00000004     (.cinit..bss.load) [load image, compression = zero_init]
                  0000ece8    00000008     (__TI_cinit_table)

.binit     0    0000c000    00000000     

.init_array 
*          0    0000c000    00000000     UNINITIALIZED

TRAPINT    0    0000ffe0    00000002     
                  0000ffe0    00000002     rts430_eabi.lib : int00.asm.obj (.int00)

PORT1      0    0000ffe4    00000002     
                  0000ffe4    00000002     rts430_eabi.lib : int02.asm.obj (.int02)

PORT2      0    0000ffe6    00000002     
                  0000ffe6    00000002     rts430_eabi.lib : int03.asm.obj (.int03)

ADC10      0    0000ffea    00000002     
                  0000ffea    00000002     rts430_eabi.lib : int05.asm.obj (.int05)

USCIAB0TX 
*          0    0000ffec    00000002     
                  0000ffec    00000002     rts430_eabi.lib : int06.asm.obj (.int06)

USCIAB0RX 
*          0    0000ffee    00000002     
                  0000ffee    00000002     uart_self.obj (.int07)

TIMER0_A1 
*          0    0000fff0    00000002     
                  0000fff0    00000002     Uart.obj (.int08)

TIMER0_A0 
*          0    0000fff2    00000002     
                  0000fff2    00000002     Uart.obj (.int09)

WDT        0    0000fff4    00000002     
                  0000fff4    00000002     rts430_eabi.lib : int10.asm.obj (.int10)

COMPARATORA 
*          0    0000fff6    00000002     
                  0000fff6    00000002     rts430_eabi.lib : int11.asm.obj (.int11)

TIMER1_A1 
*          0    0000fff8    00000002     
                  0000fff8    00000002     rts430_eabi.lib : int12.asm.obj (.int12)

TIMER1_A0 
*          0    0000fffa    00000002     
                  0000fffa    00000002     rts430_eabi.lib : int13.asm.obj (.int13)

NMI        0    0000fffc    00000002     
                  0000fffc    00000002     rts430_eabi.lib : int14.asm.obj (.int14)

.reset     0    0000fffe    00000002     
                  0000fffe    00000002     rts430_eabi.lib : boot.c.obj (.reset)

$fill000   0    0000ffde    00000002     
                  0000ffde    00000002     --HOLE-- [fill = ffff]

MODULE SUMMARY

       Module                       code    ro data   rw data
       ------                       ----    -------   -------
    .\
       measure.obj                  758     0         24     
       IIC.obj                      724     0         0      
       adxl345.obj                  424     0         0      
       double2str.obj               274     0         0      
       Uart.obj                     142     4         6      
       main.obj                     116     4         28     
       uart_self.obj                78      2         0      
       led.obj                      20      0         0      
       beep.obj                     10      0         0      
    +--+----------------------------+-------+---------+---------+
       Total:                       2546    10        58     
                                                             
    D:\ti\ccsv8\tools\compiler\ti-cgt-msp430_18.1.3.LTS\lib\rts430_eabi.lib
       s_atan.c.obj                 1208    152       0      
       frcdivd.c.obj                1144    0         0      
       addd.c.obj                   762     0         0      
       e_sqrt.c.obj                 760     0         0      
       frcmpyd.c.obj                646     0         0      
       mpyd.c.obj                   622     0         0      
       frcaddd.c.obj                608     0         0      
       divd.c.obj                   568     0         0      
       fs_add.asm.obj               306     0         0      
       cmpd.c.obj                   220     0         0      
       fs_mpy.asm.obj               196     0         0      
       renormd.c.obj                190     0         0      
       fltlid.c.obj                 172     0         0      
       cvtdf.c.obj                  140     0         0      
       copy_decompress_lzss.c.obj   124     0         0      
       cvtfd.c.obj                  114     0         0      
       fixdli.c.obj                 114     0         0      
       lsr32.asm.obj                110     0         0      
       asr32.asm.obj                78      0         0      
       lsl32.asm.obj                78      0         0      
       lsr16.asm.obj                76      0         0      
       autoinit.c.obj               66      0         0      
       subd.c.obj                   46      0         0      
       asr16.asm.obj                44      0         0      
       div16s.asm.obj               44      0         0      
       lsl16.asm.obj                44      0         0      
       negd.c.obj                   42      0         0      
       fixdi.c.obj                  40      0         0      
       mult32.asm.obj               38      0         0      
       boot.c.obj                   28      2         0      
       div16u.asm.obj               22      0         0      
       copy_zero_init.c.obj         20      0         0      
       mult16.asm.obj               20      0         0      
       copy_decompress_none.c.obj   18      0         0      
       memcpy.c.obj                 18      0         0      
       epilog.asm.obj               16      0         0      
       fltid.c.obj                  12      0         0      
       isr_trap.asm.obj             8       0         0      
       exit.c.obj                   6       0         0      
       pre_init.c.obj               4       0         0      
       errno.c.obj                  0       0         2      
       int00.asm.obj                0       2         0      
       int02.asm.obj                0       2         0      
       int03.asm.obj                0       2         0      
       int05.asm.obj                0       2         0      
       int06.asm.obj                0       2         0      
       int10.asm.obj                0       2         0      
       int11.asm.obj                0       2         0      
       int12.asm.obj                0       2         0      
       int13.asm.obj                0       2         0      
       int14.asm.obj                0       2         0      
       startup.c.obj                2       0         0      
    +--+----------------------------+-------+---------+---------+
       Total:                       8774    174       2      
                                                             
       Stack:                       0       0         80     
       Linker Generated:            0       28        0      
    +--+----------------------------+-------+---------+---------+
       Grand Total:                 11320   212       140    


LINKER GENERATED COPY TABLES

__TI_cinit_table @ 0000ece8 records: 2, size/record: 4, table size: 8
	.data: load addr=0000ecd4, load size=0000000a bytes, run addr=00000238, run size=00000006 bytes, compression=copy
	.bss: load addr=0000ece4, load size=00000004 bytes, run addr=00000200, run size=00000037 bytes, compression=zero_init


LINKER GENERATED HANDLER TABLE

__TI_handler_table @ 0000ecde records: 3, size/record: 2, table size: 6
	index: 0, handler: __TI_zero_init
	index: 1, handler: __TI_decompress_lzss
	index: 2, handler: __TI_decompress_none


GLOBAL SYMBOLS: SORTED ALPHABETICALLY BY Name 

address   name                          
-------   ----                          
0000004a  ADC10AE0                      
000001b0  ADC10CTL0                     
000001b2  ADC10CTL1                     
00000048  ADC10DTC0                     
00000049  ADC10DTC1                     
000001b4  ADC10MEM                      
000001bc  ADC10SA                       
00000057  BCSCTL1                       
00000058  BCSCTL2                       
00000053  BCSCTL3                       
0000e64e  B_IIC_Sendbyte                
0000e8de  B_IIC_Start                   
0000e910  B_IIC_Stop                    
0000e694  B_IIC_Waitack                 
0000e842  B_Single_Write_ADXL345        
0000ec22  C$$EXIT                       
00000059  CACTL1                        
0000005a  CACTL2                        
000010fb  CALBC1_12MHZ                  
000010f9  CALBC1_16MHZ                  
000010ff  CALBC1_1MHZ                   
000010fd  CALBC1_8MHZ                   
000010fa  CALDCO_12MHZ                  
000010f8  CALDCO_16MHZ                  
000010fe  CALDCO_1MHZ                   
000010fc  CALDCO_8MHZ                   
0000005b  CAPD                          
00000056  DCOCTL                        
00000128  FCTL1                         
0000012a  FCTL2                         
0000012c  FCTL3                         
00000000  IE1                           
00000001  IE2                           
00000002  IFG1                          
00000003  IFG2                          
0000e876  IIC_Ack                       
0000ea78  IIC_Init                      
0000e942  IIC_Nack                      
0000e4d0  IIC_Readbyte                  
0000e520  IIC_Sendbyte                  
0000e7d2  IIC_Start                     
0000e80a  IIC_Stop                      
0000e56c  IIC_Waitack                   
0000e066  Init_ADXL345                  
0000dfbe  Multiple_read_ADXL345         
00000022  P1DIR                         
00000025  P1IE                          
00000024  P1IES                         
00000023  P1IFG                         
00000020  P1IN                          
00000021  P1OUT                         
00000027  P1REN                         
00000026  P1SEL                         
00000041  P1SEL2                        
0000002a  P2DIR                         
0000002d  P2IE                          
0000002c  P2IES                         
0000002b  P2IFG                         
00000028  P2IN                          
00000029  P2OUT                         
0000002f  P2REN                         
0000002e  P2SEL                         
00000042  P2SEL2                        
0000001a  P3DIR                         
00000018  P3IN                          
00000019  P3OUT                         
00000010  P3REN                         
0000001b  P3SEL                         
00000043  P3SEL2                        
00000200  RT_Info                       
0000e8aa  Single_Write_ADXL345          
0000eb72  System_Clock                  
00000172  TA0CCR0                       
00000174  TA0CCR1                       
00000176  TA0CCR2                       
00000162  TA0CCTL0                      
00000164  TA0CCTL1                      
00000166  TA0CCTL2                      
00000160  TA0CTL                        
0000012e  TA0IV                         
00000170  TA0R                          
00000192  TA1CCR0                       
00000194  TA1CCR1                       
00000196  TA1CCR2                       
00000182  TA1CCTL0                      
00000184  TA1CCTL1                      
00000186  TA1CCTL2                      
00000180  TA1CTL                        
0000011e  TA1IV                         
00000190  TA1R                          
000010db  TLV_ADC10_1_LEN               
000010da  TLV_ADC10_1_TAG               
000010c0  TLV_CHECKSUM                  
000010f7  TLV_DCO_30_LEN                
000010f6  TLV_DCO_30_TAG                
0000e798  Timer_A0_ISR                  
0000e47c  Timer_A1_ISR                  
0000005d  UCA0ABCTL                     
00000062  UCA0BR0                       
00000063  UCA0BR1                       
00000060  UCA0CTL0                      
00000061  UCA0CTL1                      
0000005f  UCA0IRRCTL                    
0000005e  UCA0IRTCTL                    
00000064  UCA0MCTL                      
00000066  UCA0RXBUF                     
00000065  UCA0STAT                      
00000067  UCA0TXBUF                     
0000006a  UCB0BR0                       
0000006b  UCB0BR1                       
00000068  UCB0CTL0                      
00000069  UCB0CTL1                      
0000006c  UCB0I2CIE                     
00000118  UCB0I2COA                     
0000011a  UCB0I2CSA                     
0000006e  UCB0RXBUF                     
0000006d  UCB0STAT                      
0000006f  UCB0TXBUF                     
0000eac4  USCI0RX_ISR                   
00000120  WDTCTL                        
00000400  __STACK_END                   
00000050  __STACK_SIZE                  
0000ece8  __TI_CINIT_Base               
0000ecf0  __TI_CINIT_Limit              
0000ecde  __TI_Handler_Table_Base       
0000ece4  __TI_Handler_Table_Limit      
0000ec1a  __TI_ISR_TRAP                 
0000e6da  __TI_auto_init_nobinit_nopinit
0000e18a  __TI_decompress_lzss          
0000eb84  __TI_decompress_none          
0000d416  __TI_frcaddd                  
0000c4b8  __TI_frcdivd                  
0000cf22  __TI_frcmpyd                  
0000ffe0  __TI_int00                    
0000ffe4  __TI_int02                    
0000ffe6  __TI_int03                    
0000ffea  __TI_int05                    
0000ffec  __TI_int06                    
0000ffee  __TI_int07                    
0000fff0  __TI_int08                    
0000fff2  __TI_int09                    
0000fff4  __TI_int10                    
0000fff6  __TI_int11                    
0000fff8  __TI_int12                    
0000fffa  __TI_int13                    
0000fffc  __TI_int14                    
ffffffff  __TI_pprof_out_hndl           
ffffffff  __TI_prof_data_size           
ffffffff  __TI_prof_data_start          
0000de54  __TI_renormd                  
0000eb4a  __TI_zero_init_nomemset       
ffffffff  __c_args__                    
0000c930  __mspabi_addd                 
0000dac0  __mspabi_addf                 
0000dbec  __mspabi_cmpd                 
0000e0fe  __mspabi_cvtdf                
0000e206  __mspabi_cvtfd                
0000d676  __mspabi_divd                 
0000e9ce  __mspabi_divi                 
0000eb34  __mspabi_divu                 
0000ea50  __mspabi_fixdi                
0000e278  __mspabi_fixdli               
0000ebf8  __mspabi_fltid                
0000df12  __mspabi_fltlid               
0000ebe6  __mspabi_func_epilog_1        
0000ebe4  __mspabi_func_epilog_2        
0000ebe2  __mspabi_func_epilog_3        
0000ebe0  __mspabi_func_epilog_4        
0000ebde  __mspabi_func_epilog_5        
0000ebdc  __mspabi_func_epilog_6        
0000ebda  __mspabi_func_epilog_7        
0000d1a8  __mspabi_mpyd                 
0000dd90  __mspabi_mpyf                 
0000eb5e  __mspabi_mpyi                 
0000eb5e  __mspabi_mpyi_sw              
0000ea9e  __mspabi_mpyl                 
0000ea9e  __mspabi_mpyl_sw              
0000ea26  __mspabi_negd                 
0000e9ce  __mspabi_remi                 
0000eb34  __mspabi_remu                 
0000e9fa  __mspabi_slli                 
0000ea22  __mspabi_slli_1               
0000ea10  __mspabi_slli_10              
0000ea0e  __mspabi_slli_11              
0000ea0c  __mspabi_slli_12              
0000ea0a  __mspabi_slli_13              
0000ea08  __mspabi_slli_14              
0000ea06  __mspabi_slli_15              
0000ea20  __mspabi_slli_2               
0000ea1e  __mspabi_slli_3               
0000ea1c  __mspabi_slli_4               
0000ea1a  __mspabi_slli_5               
0000ea18  __mspabi_slli_6               
0000ea16  __mspabi_slli_7               
0000ea14  __mspabi_slli_8               
0000ea12  __mspabi_slli_9               
0000ebca  __mspabi_slll                 
0000e792  __mspabi_slll_1               
0000e76e  __mspabi_slll_10              
0000e76a  __mspabi_slll_11              
0000e766  __mspabi_slll_12              
0000e762  __mspabi_slll_13              
0000e75e  __mspabi_slll_14              
0000e75a  __mspabi_slll_15              
0000e78e  __mspabi_slll_2               
0000e78a  __mspabi_slll_3               
0000e786  __mspabi_slll_4               
0000e782  __mspabi_slll_5               
0000e77e  __mspabi_slll_6               
0000e77a  __mspabi_slll_7               
0000e776  __mspabi_slll_8               
0000e772  __mspabi_slll_9               
0000e9a2  __mspabi_srai                 
0000e9ca  __mspabi_srai_1               
0000e9b8  __mspabi_srai_10              
0000e9b6  __mspabi_srai_11              
0000e9b4  __mspabi_srai_12              
0000e9b2  __mspabi_srai_13              
0000e9b0  __mspabi_srai_14              
0000e9ae  __mspabi_srai_15              
0000e9c8  __mspabi_srai_2               
0000e9c6  __mspabi_srai_3               
0000e9c4  __mspabi_srai_4               
0000e9c2  __mspabi_srai_5               
0000e9c0  __mspabi_srai_6               
0000e9be  __mspabi_srai_7               
0000e9bc  __mspabi_srai_8               
0000e9ba  __mspabi_srai_9               
0000ebba  __mspabi_sral                 
0000e754  __mspabi_sral_1               
0000e730  __mspabi_sral_10              
0000e72c  __mspabi_sral_11              
0000e728  __mspabi_sral_12              
0000e724  __mspabi_sral_13              
0000e720  __mspabi_sral_14              
0000e71c  __mspabi_sral_15              
0000e750  __mspabi_sral_2               
0000e74c  __mspabi_sral_3               
0000e748  __mspabi_sral_4               
0000e744  __mspabi_sral_5               
0000e740  __mspabi_sral_6               
0000e73c  __mspabi_sral_7               
0000e738  __mspabi_sral_8               
0000e734  __mspabi_sral_9               
0000e5b8  __mspabi_srli                 
0000e5fe  __mspabi_srli_1               
0000e5da  __mspabi_srli_10              
0000e5d6  __mspabi_srli_11              
0000e5d2  __mspabi_srli_12              
0000e5ce  __mspabi_srli_13              
0000e5ca  __mspabi_srli_14              
0000e5c6  __mspabi_srli_15              
0000e5fa  __mspabi_srli_2               
0000e5f6  __mspabi_srli_3               
0000e5f2  __mspabi_srli_4               
0000e5ee  __mspabi_srli_5               
0000e5ea  __mspabi_srli_6               
0000e5e6  __mspabi_srli_7               
0000e5e2  __mspabi_srli_8               
0000e5de  __mspabi_srli_9               
0000eb96  __mspabi_srll                 
0000e474  __mspabi_srll_1               
0000e43e  __mspabi_srll_10              
0000e438  __mspabi_srll_11              
0000e432  __mspabi_srll_12              
0000e42c  __mspabi_srll_13              
0000e426  __mspabi_srll_14              
0000e420  __mspabi_srll_15              
0000e46e  __mspabi_srll_2               
0000e468  __mspabi_srll_3               
0000e462  __mspabi_srll_4               
0000e45c  __mspabi_srll_5               
0000e456  __mspabi_srll_6               
0000e450  __mspabi_srll_7               
0000e44a  __mspabi_srll_8               
0000e444  __mspabi_srll_9               
0000e974  __mspabi_subd                 
0000daba  __mspabi_subf                 
0000eae8  _c_int00_noargs               
0000fffe  _reset_vector                 
000003b0  _stack                        
0000ec36  _system_post_cinit            
0000ec2e  _system_pre_init              
0000ec22  abort                         
0000e604  abs1                          
0000c000  atan                          
0000c000  atanl                         
00000218  double_buff                   
0000023c  errno                         
0000dcc8  float2str                     
0000eb1e  get_mean                      
0000e2ea  get_raw_value                 
0000ec10  init_beep                     
0000ebea  init_led                      
0000e35c  main                          
0000d8ae  make_angle                    
0000e3be  make_g_float                  
0000eba8  memcpy                        
0000ec28  on_led                        
0000022c  pitch_f                       
0000ec04  putchar                       
0000eb04  putstr                        
0000ec32  receive                       
00000236  rxBuffer                      
0000cc2a  sqrt                          
0000cc2a  sqrtl                         
00000234  txData                        


GLOBAL SYMBOLS: SORTED BY Symbol Address 

address   name                          
-------   ----                          
00000000  IE1                           
00000001  IE2                           
00000002  IFG1                          
00000003  IFG2                          
00000010  P3REN                         
00000018  P3IN                          
00000019  P3OUT                         
0000001a  P3DIR                         
0000001b  P3SEL                         
00000020  P1IN                          
00000021  P1OUT                         
00000022  P1DIR                         
00000023  P1IFG                         
00000024  P1IES                         
00000025  P1IE                          
00000026  P1SEL                         
00000027  P1REN                         
00000028  P2IN                          
00000029  P2OUT                         
0000002a  P2DIR                         
0000002b  P2IFG                         
0000002c  P2IES                         
0000002d  P2IE                          
0000002e  P2SEL                         
0000002f  P2REN                         
00000041  P1SEL2                        
00000042  P2SEL2                        
00000043  P3SEL2                        
00000048  ADC10DTC0                     
00000049  ADC10DTC1                     
0000004a  ADC10AE0                      
00000050  __STACK_SIZE                  
00000053  BCSCTL3                       
00000056  DCOCTL                        
00000057  BCSCTL1                       
00000058  BCSCTL2                       
00000059  CACTL1                        
0000005a  CACTL2                        
0000005b  CAPD                          
0000005d  UCA0ABCTL                     
0000005e  UCA0IRTCTL                    
0000005f  UCA0IRRCTL                    
00000060  UCA0CTL0                      
00000061  UCA0CTL1                      
00000062  UCA0BR0                       
00000063  UCA0BR1                       
00000064  UCA0MCTL                      
00000065  UCA0STAT                      
00000066  UCA0RXBUF                     
00000067  UCA0TXBUF                     
00000068  UCB0CTL0                      
00000069  UCB0CTL1                      
0000006a  UCB0BR0                       
0000006b  UCB0BR1                       
0000006c  UCB0I2CIE                     
0000006d  UCB0STAT                      
0000006e  UCB0RXBUF                     
0000006f  UCB0TXBUF                     
00000118  UCB0I2COA                     
0000011a  UCB0I2CSA                     
0000011e  TA1IV                         
00000120  WDTCTL                        
00000128  FCTL1                         
0000012a  FCTL2                         
0000012c  FCTL3                         
0000012e  TA0IV                         
00000160  TA0CTL                        
00000162  TA0CCTL0                      
00000164  TA0CCTL1                      
00000166  TA0CCTL2                      
00000170  TA0R                          
00000172  TA0CCR0                       
00000174  TA0CCR1                       
00000176  TA0CCR2                       
00000180  TA1CTL                        
00000182  TA1CCTL0                      
00000184  TA1CCTL1                      
00000186  TA1CCTL2                      
00000190  TA1R                          
00000192  TA1CCR0                       
00000194  TA1CCR1                       
00000196  TA1CCR2                       
000001b0  ADC10CTL0                     
000001b2  ADC10CTL1                     
000001b4  ADC10MEM                      
000001bc  ADC10SA                       
00000200  RT_Info                       
00000218  double_buff                   
0000022c  pitch_f                       
00000234  txData                        
00000236  rxBuffer                      
0000023c  errno                         
000003b0  _stack                        
00000400  __STACK_END                   
000010c0  TLV_CHECKSUM                  
000010da  TLV_ADC10_1_TAG               
000010db  TLV_ADC10_1_LEN               
000010f6  TLV_DCO_30_TAG                
000010f7  TLV_DCO_30_LEN                
000010f8  CALDCO_16MHZ                  
000010f9  CALBC1_16MHZ                  
000010fa  CALDCO_12MHZ                  
000010fb  CALBC1_12MHZ                  
000010fc  CALDCO_8MHZ                   
000010fd  CALBC1_8MHZ                   
000010fe  CALDCO_1MHZ                   
000010ff  CALBC1_1MHZ                   
0000c000  atan                          
0000c000  atanl                         
0000c4b8  __TI_frcdivd                  
0000c930  __mspabi_addd                 
0000cc2a  sqrt                          
0000cc2a  sqrtl                         
0000cf22  __TI_frcmpyd                  
0000d1a8  __mspabi_mpyd                 
0000d416  __TI_frcaddd                  
0000d676  __mspabi_divd                 
0000d8ae  make_angle                    
0000daba  __mspabi_subf                 
0000dac0  __mspabi_addf                 
0000dbec  __mspabi_cmpd                 
0000dcc8  float2str                     
0000dd90  __mspabi_mpyf                 
0000de54  __TI_renormd                  
0000df12  __mspabi_fltlid               
0000dfbe  Multiple_read_ADXL345         
0000e066  Init_ADXL345                  
0000e0fe  __mspabi_cvtdf                
0000e18a  __TI_decompress_lzss          
0000e206  __mspabi_cvtfd                
0000e278  __mspabi_fixdli               
0000e2ea  get_raw_value                 
0000e35c  main                          
0000e3be  make_g_float                  
0000e420  __mspabi_srll_15              
0000e426  __mspabi_srll_14              
0000e42c  __mspabi_srll_13              
0000e432  __mspabi_srll_12              
0000e438  __mspabi_srll_11              
0000e43e  __mspabi_srll_10              
0000e444  __mspabi_srll_9               
0000e44a  __mspabi_srll_8               
0000e450  __mspabi_srll_7               
0000e456  __mspabi_srll_6               
0000e45c  __mspabi_srll_5               
0000e462  __mspabi_srll_4               
0000e468  __mspabi_srll_3               
0000e46e  __mspabi_srll_2               
0000e474  __mspabi_srll_1               
0000e47c  Timer_A1_ISR                  
0000e4d0  IIC_Readbyte                  
0000e520  IIC_Sendbyte                  
0000e56c  IIC_Waitack                   
0000e5b8  __mspabi_srli                 
0000e5c6  __mspabi_srli_15              
0000e5ca  __mspabi_srli_14              
0000e5ce  __mspabi_srli_13              
0000e5d2  __mspabi_srli_12              
0000e5d6  __mspabi_srli_11              
0000e5da  __mspabi_srli_10              
0000e5de  __mspabi_srli_9               
0000e5e2  __mspabi_srli_8               
0000e5e6  __mspabi_srli_7               
0000e5ea  __mspabi_srli_6               
0000e5ee  __mspabi_srli_5               
0000e5f2  __mspabi_srli_4               
0000e5f6  __mspabi_srli_3               
0000e5fa  __mspabi_srli_2               
0000e5fe  __mspabi_srli_1               
0000e604  abs1                          
0000e64e  B_IIC_Sendbyte                
0000e694  B_IIC_Waitack                 
0000e6da  __TI_auto_init_nobinit_nopinit
0000e71c  __mspabi_sral_15              
0000e720  __mspabi_sral_14              
0000e724  __mspabi_sral_13              
0000e728  __mspabi_sral_12              
0000e72c  __mspabi_sral_11              
0000e730  __mspabi_sral_10              
0000e734  __mspabi_sral_9               
0000e738  __mspabi_sral_8               
0000e73c  __mspabi_sral_7               
0000e740  __mspabi_sral_6               
0000e744  __mspabi_sral_5               
0000e748  __mspabi_sral_4               
0000e74c  __mspabi_sral_3               
0000e750  __mspabi_sral_2               
0000e754  __mspabi_sral_1               
0000e75a  __mspabi_slll_15              
0000e75e  __mspabi_slll_14              
0000e762  __mspabi_slll_13              
0000e766  __mspabi_slll_12              
0000e76a  __mspabi_slll_11              
0000e76e  __mspabi_slll_10              
0000e772  __mspabi_slll_9               
0000e776  __mspabi_slll_8               
0000e77a  __mspabi_slll_7               
0000e77e  __mspabi_slll_6               
0000e782  __mspabi_slll_5               
0000e786  __mspabi_slll_4               
0000e78a  __mspabi_slll_3               
0000e78e  __mspabi_slll_2               
0000e792  __mspabi_slll_1               
0000e798  Timer_A0_ISR                  
0000e7d2  IIC_Start                     
0000e80a  IIC_Stop                      
0000e842  B_Single_Write_ADXL345        
0000e876  IIC_Ack                       
0000e8aa  Single_Write_ADXL345          
0000e8de  B_IIC_Start                   
0000e910  B_IIC_Stop                    
0000e942  IIC_Nack                      
0000e974  __mspabi_subd                 
0000e9a2  __mspabi_srai                 
0000e9ae  __mspabi_srai_15              
0000e9b0  __mspabi_srai_14              
0000e9b2  __mspabi_srai_13              
0000e9b4  __mspabi_srai_12              
0000e9b6  __mspabi_srai_11              
0000e9b8  __mspabi_srai_10              
0000e9ba  __mspabi_srai_9               
0000e9bc  __mspabi_srai_8               
0000e9be  __mspabi_srai_7               
0000e9c0  __mspabi_srai_6               
0000e9c2  __mspabi_srai_5               
0000e9c4  __mspabi_srai_4               
0000e9c6  __mspabi_srai_3               
0000e9c8  __mspabi_srai_2               
0000e9ca  __mspabi_srai_1               
0000e9ce  __mspabi_divi                 
0000e9ce  __mspabi_remi                 
0000e9fa  __mspabi_slli                 
0000ea06  __mspabi_slli_15              
0000ea08  __mspabi_slli_14              
0000ea0a  __mspabi_slli_13              
0000ea0c  __mspabi_slli_12              
0000ea0e  __mspabi_slli_11              
0000ea10  __mspabi_slli_10              
0000ea12  __mspabi_slli_9               
0000ea14  __mspabi_slli_8               
0000ea16  __mspabi_slli_7               
0000ea18  __mspabi_slli_6               
0000ea1a  __mspabi_slli_5               
0000ea1c  __mspabi_slli_4               
0000ea1e  __mspabi_slli_3               
0000ea20  __mspabi_slli_2               
0000ea22  __mspabi_slli_1               
0000ea26  __mspabi_negd                 
0000ea50  __mspabi_fixdi                
0000ea78  IIC_Init                      
0000ea9e  __mspabi_mpyl                 
0000ea9e  __mspabi_mpyl_sw              
0000eac4  USCI0RX_ISR                   
0000eae8  _c_int00_noargs               
0000eb04  putstr                        
0000eb1e  get_mean                      
0000eb34  __mspabi_divu                 
0000eb34  __mspabi_remu                 
0000eb4a  __TI_zero_init_nomemset       
0000eb5e  __mspabi_mpyi                 
0000eb5e  __mspabi_mpyi_sw              
0000eb72  System_Clock                  
0000eb84  __TI_decompress_none          
0000eb96  __mspabi_srll                 
0000eba8  memcpy                        
0000ebba  __mspabi_sral                 
0000ebca  __mspabi_slll                 
0000ebda  __mspabi_func_epilog_7        
0000ebdc  __mspabi_func_epilog_6        
0000ebde  __mspabi_func_epilog_5        
0000ebe0  __mspabi_func_epilog_4        
0000ebe2  __mspabi_func_epilog_3        
0000ebe4  __mspabi_func_epilog_2        
0000ebe6  __mspabi_func_epilog_1        
0000ebea  init_led                      
0000ebf8  __mspabi_fltid                
0000ec04  putchar                       
0000ec10  init_beep                     
0000ec1a  __TI_ISR_TRAP                 
0000ec22  C$$EXIT                       
0000ec22  abort                         
0000ec28  on_led                        
0000ec2e  _system_pre_init              
0000ec32  receive                       
0000ec36  _system_post_cinit            
0000ecde  __TI_Handler_Table_Base       
0000ece4  __TI_Handler_Table_Limit      
0000ece8  __TI_CINIT_Base               
0000ecf0  __TI_CINIT_Limit              
0000ffe0  __TI_int00                    
0000ffe4  __TI_int02                    
0000ffe6  __TI_int03                    
0000ffea  __TI_int05                    
0000ffec  __TI_int06                    
0000ffee  __TI_int07                    
0000fff0  __TI_int08                    
0000fff2  __TI_int09                    
0000fff4  __TI_int10                    
0000fff6  __TI_int11                    
0000fff8  __TI_int12                    
0000fffa  __TI_int13                    
0000fffc  __TI_int14                    
0000fffe  _reset_vector                 
ffffffff  __TI_pprof_out_hndl           
ffffffff  __TI_prof_data_size           
ffffffff  __TI_prof_data_start          
ffffffff  __c_args__                    

[307 symbols]
