******************************************************************************
                  MSP430 Linker PC v18.1.3                     
******************************************************************************
>> Linked Sat Aug  1 16:33:04 2020

OUTPUT FILE NAME:   <Measure.out>
ENTRY POINT SYMBOL: "_c_int00_noargs"  address: 0000ec9c


MEMORY CONFIGURATION

         name            origin    length      used     unused   attr    fill
----------------------  --------  ---------  --------  --------  ----  --------
  SFR                   00000000   00000010  00000000  00000010  RWIX
  PERIPHERALS_8BIT      00000010   000000f0  00000000  000000f0  RWIX
  PERIPHERALS_16BIT     00000100   00000100  00000000  00000100  RWIX
  RAM                   00000200   00000200  00000097  00000169  RWIX
  INFOD                 00001000   00000040  00000000  00000040  RWIX
  INFOC                 00001040   00000040  00000000  00000040  RWIX
  INFOB                 00001080   00000040  00000000  00000040  RWIX
  INFOA                 000010c0   00000040  00000000  00000040  RWIX
  FLASH                 0000c000   00003fde  00002f86  00001058  RWIX
  BSLSIGNATURE          0000ffde   00000002  00000002  00000000  RWIX  ffff 
  INT00                 0000ffe0   00000002  00000002  00000000  RWIX
  INT01                 0000ffe2   00000002  00000000  00000002  RWIX
  INT02                 0000ffe4   00000002  00000002  00000000  RWIX
  INT03                 0000ffe6   00000002  00000002  00000000  RWIX
  INT04                 0000ffe8   00000002  00000000  00000002  RWIX
  INT05                 0000ffea   00000002  00000002  00000000  RWIX
  INT06                 0000ffec   00000002  00000002  00000000  RWIX
  INT07                 0000ffee   00000002  00000002  00000000  RWIX
  INT08                 0000fff0   00000002  00000002  00000000  RWIX
  INT09                 0000fff2   00000002  00000002  00000000  RWIX
  INT10                 0000fff4   00000002  00000002  00000000  RWIX
  INT11                 0000fff6   00000002  00000002  00000000  RWIX
  INT12                 0000fff8   00000002  00000002  00000000  RWIX
  INT13                 0000fffa   00000002  00000002  00000000  RWIX
  INT14                 0000fffc   00000002  00000002  00000000  RWIX
  RESET                 0000fffe   00000002  00000002  00000000  RWIX


SECTION ALLOCATION MAP

 output                                  attributes/
section   page    origin      length       input sections
--------  ----  ----------  ----------   ----------------
.bss       0    00000200    00000041     UNINITIALIZED
                  00000200    00000028     (.common:buffer)
                  00000228    00000018     (.common:RT_Info)
                  00000240    00000001     (.common:rxBuffer)

.data      0    00000242    00000006     UNINITIALIZED
                  00000242    00000002     Uart.obj (.data)
                  00000244    00000002     rts430_eabi.lib : errno.c.obj (.data)
                  00000246    00000002     state.obj (.data)

.stack     0    000003b0    00000050     UNINITIALIZED
                  000003b0    00000002     rts430_eabi.lib : boot.c.obj (.stack)
                  000003b2    0000004e     --HOLE--

.text      0    0000c000    00002e12     
                  0000c000    000004b8     rts430_eabi.lib : s_atan.c.obj (.text:atan)
                  0000c4b8    00000478                     : frcdivd.c.obj (.text:__TI_frcdivd)
                  0000c930    000003c6     measure.obj (.text:make_angle)
                  0000ccf6    000002fa     rts430_eabi.lib : addd.c.obj (.text:__mspabi_addd)
                  0000cff0    000002f8                     : e_sqrt.c.obj (.text:sqrt)
                  0000d2e8    00000286                     : frcmpyd.c.obj (.text:__TI_frcmpyd)
                  0000d56e    0000026e                     : mpyd.c.obj (.text:__mspabi_mpyd)
                  0000d7dc    00000260                     : frcaddd.c.obj (.text:__TI_frcaddd)
                  0000da3c    00000238                     : divd.c.obj (.text:__mspabi_divd)
                  0000dc74    00000132                     : fs_add.asm.obj (.text)
                  0000dda6    000000dc                     : cmpd.c.obj (.text:__mspabi_cmpd)
                  0000de82    000000d6     state.obj (.text:Command_Handler)
                  0000df58    000000c4     rts430_eabi.lib : fs_mpy.asm.obj (.text)
                  0000e01c    000000be                     : renormd.c.obj (.text:__TI_renormd)
                  0000e0da    000000b2     adxl345.obj (.text:Multiple_read_ADXL345)
                  0000e18c    000000ac     rts430_eabi.lib : fltlid.c.obj (.text:__mspabi_fltlid)
                  0000e238    0000009a     adxl345.obj (.text:Init_ADXL345)
                  0000e2d2    0000008c     rts430_eabi.lib : cvtdf.c.obj (.text:__mspabi_cvtdf)
                  0000e35e    0000007c                     : copy_decompress_lzss.c.obj (.text:decompress:lzss:__TI_decompress_lzss)
                  0000e3da    0000007a     measure.obj (.text:get_raw_value)
                  0000e454    00000076     measure.obj (.text:make_g_float)
                  0000e4ca    00000074     state.obj (.text:USCI0RX_ISR)
                  0000e53e    00000072     rts430_eabi.lib : cvtfd.c.obj (.text:__mspabi_cvtfd)
                  0000e5b0    0000005c                     : lsr32.asm.obj (.text:l_lsr_const)
                  0000e60c    0000005a     IIC.obj (.text:IIC_Readbyte)
                  0000e666    0000005a     Uart.obj (.text:Timer_A1_ISR)
                  0000e6c0    00000052     IIC.obj (.text:IIC_Waitack)
                  0000e712    0000004e     IIC.obj (.text:IIC_Sendbyte)
                  0000e760    0000004c     IIC.obj (.text:B_IIC_Waitack)
                  0000e7ac    0000004c     rts430_eabi.lib : lsr16.asm.obj (.text)
                  0000e7f8    00000048     IIC.obj (.text:B_IIC_Sendbyte)
                  0000e840    00000042     rts430_eabi.lib : autoinit.c.obj (.text:__TI_auto_init_nobinit_nopinit:__TI_auto_init_nobinit_nopinit)
                  0000e882    0000003e                     : asr32.asm.obj (.text:l_asr_const)
                  0000e8c0    0000003e                     : lsl32.asm.obj (.text:l_lsl_const)
                  0000e8fe    00000038     IIC.obj (.text:IIC_Start)
                  0000e936    00000038     IIC.obj (.text:IIC_Stop)
                  0000e96e    00000034     adxl345.obj (.text:B_Single_Write_ADXL345)
                  0000e9a2    00000034     IIC.obj (.text:IIC_Ack)
                  0000e9d6    00000034     adxl345.obj (.text:Single_Write_ADXL345)
                  0000ea0a    00000034     uart_self.obj (.text:UART_Init)
                  0000ea3e    00000032     IIC.obj (.text:B_IIC_Start)
                  0000ea70    00000032     IIC.obj (.text:B_IIC_Stop)
                  0000eaa2    00000032     IIC.obj (.text:IIC_Nack)
                  0000ead4    0000002e     rts430_eabi.lib : subd.c.obj (.text:__mspabi_subd)
                  0000eb02    0000002e     main.obj (.text:main)
                  0000eb30    0000002c     rts430_eabi.lib : asr16.asm.obj (.text)
                  0000eb5c    0000002c                     : div16s.asm.obj (.text)
                  0000eb88    0000002c                     : lsl16.asm.obj (.text)
                  0000ebb4    0000002a                     : negd.c.obj (.text:__mspabi_negd)
                  0000ebde    00000026     IIC.obj (.text:IIC_Init)
                  0000ec04    00000026     measure.obj (.text:get_mean)
                  0000ec2a    00000026     beep.obj (.text:long_beep)
                  0000ec50    00000026     rts430_eabi.lib : mult32.asm.obj (.text)
                  0000ec76    00000026     beep.obj (.text:short_beep)
                  0000ec9c    0000001c     rts430_eabi.lib : boot.c.obj (.text:_c_int00_noargs)
                  0000ecb8    0000001c     uart_self.obj (.text:putstr)
                  0000ecd4    00000018     rts430_eabi.lib : strcmp.c.obj (.text:strcmp)
                  0000ecec    00000016                     : div16u.asm.obj (.text)
                  0000ed02    00000014                     : copy_zero_init.c.obj (.text:decompress:ZI:__TI_zero_init_nomemset:__TI_zero_init_nomemset)
                  0000ed16    00000014                     : memset.c.obj (.text:memset)
                  0000ed2a    00000014                     : mult16.asm.obj (.text)
                  0000ed3e    00000012     main.obj (.text:System_Clock)
                  0000ed50    00000012     rts430_eabi.lib : copy_decompress_none.c.obj (.text:decompress:none:__TI_decompress_none)
                  0000ed62    00000012                     : lsr32.asm.obj (.text:l_lsr)
                  0000ed74    00000012                     : memcpy.c.obj (.text:memcpy)
                  0000ed86    00000010                     : asr32.asm.obj (.text:l_asr)
                  0000ed96    00000010                     : lsl32.asm.obj (.text:l_lsl)
                  0000eda6    00000010                     : epilog.asm.obj (.text)
                  0000edb6    0000000e     led.obj (.text:init_led)
                  0000edc4    0000000c     rts430_eabi.lib : fltid.c.obj (.text:__mspabi_fltid)
                  0000edd0    0000000c     uart_self.obj (.text:putchar)
                  0000eddc    0000000a     beep.obj (.text:init_beep)
                  0000ede6    00000008     rts430_eabi.lib : isr_trap.asm.obj (.text:_isr:__TI_ISR_TRAP)
                  0000edee    00000006     state.obj (.text:Buffer_Init)
                  0000edf4    00000006     rts430_eabi.lib : exit.c.obj (.text:abort)
                  0000edfa    00000006     beep.obj (.text:off_beep)
                  0000ee00    00000006     beep.obj (.text:on_beep)
                  0000ee06    00000006     led.obj (.text:on_led)
                  0000ee0c    00000004     rts430_eabi.lib : pre_init.c.obj (.text:_system_pre_init)
                  0000ee10    00000002                     : startup.c.obj (.text:_system_post_cinit)

.const     0    0000ee12    0000015a     
                  0000ee12    00000088     state.obj (.const:.string)
                  0000ee9a    00000058     rts430_eabi.lib : s_atan.c.obj (.const:aT)
                  0000eef2    00000020                     : s_atan.c.obj (.const:atanhi)
                  0000ef12    00000020                     : s_atan.c.obj (.const:atanlo)
                  0000ef32    00000008     state.obj (.const:.string:MISSION_NEXT)
                  0000ef3a    00000007     state.obj (.const:.string:ONLY_A)
                  0000ef41    00000001     --HOLE-- [fill = 0]
                  0000ef42    00000007     state.obj (.const:.string:OUTER_READY_2)
                  0000ef49    00000001     --HOLE-- [fill = 0]
                  0000ef4a    00000007     state.obj (.const:.string:STEP_END)
                  0000ef51    00000001     --HOLE-- [fill = 0]
                  0000ef52    00000007     state.obj (.const:.string:TOTAL_A_B)
                  0000ef59    00000001     --HOLE-- [fill = 0]
                  0000ef5a    00000006     state.obj (.const:.string:MISSION_BACK)
                  0000ef60    00000006     state.obj (.const:.string:MISSION_END)
                  0000ef66    00000006     state.obj (.const:.string:OUTER_READY)

.cinit     0    0000ef6c    0000001a     
                  0000ef6c    00000008     (.cinit..data.load) [load image, compression = lzss]
                  0000ef74    00000006     (__TI_handler_table)
                  0000ef7a    00000004     (.cinit..bss.load) [load image, compression = zero_init]
                  0000ef7e    00000008     (__TI_cinit_table)

.binit     0    0000c000    00000000     

.init_array 
*          0    0000c000    00000000     UNINITIALIZED

TRAPINT    0    0000ffe0    00000002     
                  0000ffe0    00000002     rts430_eabi.lib : int00.asm.obj (.int00)

PORT1      0    0000ffe4    00000002     
                  0000ffe4    00000002     rts430_eabi.lib : int02.asm.obj (.int02)

PORT2      0    0000ffe6    00000002     
                  0000ffe6    00000002     rts430_eabi.lib : int03.asm.obj (.int03)

ADC10      0    0000ffea    00000002     
                  0000ffea    00000002     rts430_eabi.lib : int05.asm.obj (.int05)

USCIAB0TX 
*          0    0000ffec    00000002     
                  0000ffec    00000002     rts430_eabi.lib : int06.asm.obj (.int06)

USCIAB0RX 
*          0    0000ffee    00000002     
                  0000ffee    00000002     state.obj (.int07)

TIMER0_A1 
*          0    0000fff0    00000002     
                  0000fff0    00000002     Uart.obj (.int08)

TIMER0_A0 
*          0    0000fff2    00000002     
                  0000fff2    00000002     rts430_eabi.lib : int09.asm.obj (.int09)

WDT        0    0000fff4    00000002     
                  0000fff4    00000002     rts430_eabi.lib : int10.asm.obj (.int10)

COMPARATORA 
*          0    0000fff6    00000002     
                  0000fff6    00000002     rts430_eabi.lib : int11.asm.obj (.int11)

TIMER1_A1 
*          0    0000fff8    00000002     
                  0000fff8    00000002     rts430_eabi.lib : int12.asm.obj (.int12)

TIMER1_A0 
*          0    0000fffa    00000002     
                  0000fffa    00000002     rts430_eabi.lib : int13.asm.obj (.int13)

NMI        0    0000fffc    00000002     
                  0000fffc    00000002     rts430_eabi.lib : int14.asm.obj (.int14)

.reset     0    0000fffe    00000002     
                  0000fffe    00000002     rts430_eabi.lib : boot.c.obj (.reset)

$fill000   0    0000ffde    00000002     
                  0000ffde    00000002     --HOLE-- [fill = ffff]

MODULE SUMMARY

       Module                       code    ro data   rw data
       ------                       ----    -------   -------
    .\
       measure.obj                  1244    0         24     
       IIC.obj                      750     0         0      
       state.obj                    336     192       42     
       adxl345.obj                  436     0         0      
       beep.obj                     98      0         0      
       Uart.obj                     90      2         3      
       uart_self.obj                92      0         0      
       main.obj                     64      0         0      
       led.obj                      20      0         0      
    +--+----------------------------+-------+---------+---------+
       Total:                       3130    194       69     
                                                             
    D:\ti\ccsv8\tools\compiler\ti-cgt-msp430_18.1.3.LTS\lib\rts430_eabi.lib
       s_atan.c.obj                 1208    152       0      
       frcdivd.c.obj                1144    0         0      
       addd.c.obj                   762     0         0      
       e_sqrt.c.obj                 760     0         0      
       frcmpyd.c.obj                646     0         0      
       mpyd.c.obj                   622     0         0      
       frcaddd.c.obj                608     0         0      
       divd.c.obj                   568     0         0      
       fs_add.asm.obj               306     0         0      
       cmpd.c.obj                   220     0         0      
       fs_mpy.asm.obj               196     0         0      
       renormd.c.obj                190     0         0      
       fltlid.c.obj                 172     0         0      
       cvtdf.c.obj                  140     0         0      
       copy_decompress_lzss.c.obj   124     0         0      
       cvtfd.c.obj                  114     0         0      
       lsr32.asm.obj                110     0         0      
       asr32.asm.obj                78      0         0      
       lsl32.asm.obj                78      0         0      
       lsr16.asm.obj                76      0         0      
       autoinit.c.obj               66      0         0      
       subd.c.obj                   46      0         0      
       asr16.asm.obj                44      0         0      
       div16s.asm.obj               44      0         0      
       lsl16.asm.obj                44      0         0      
       negd.c.obj                   42      0         0      
       mult32.asm.obj               38      0         0      
       boot.c.obj                   28      2         0      
       strcmp.c.obj                 24      0         0      
       div16u.asm.obj               22      0         0      
       copy_zero_init.c.obj         20      0         0      
       memset.c.obj                 20      0         0      
       mult16.asm.obj               20      0         0      
       copy_decompress_none.c.obj   18      0         0      
       memcpy.c.obj                 18      0         0      
       epilog.asm.obj               16      0         0      
       fltid.c.obj                  12      0         0      
       isr_trap.asm.obj             8       0         0      
       exit.c.obj                   6       0         0      
       pre_init.c.obj               4       0         0      
       errno.c.obj                  0       0         2      
       int00.asm.obj                0       2         0      
       int02.asm.obj                0       2         0      
       int03.asm.obj                0       2         0      
       int05.asm.obj                0       2         0      
       int06.asm.obj                0       2         0      
       int09.asm.obj                0       2         0      
       int10.asm.obj                0       2         0      
       int11.asm.obj                0       2         0      
       int12.asm.obj                0       2         0      
       int13.asm.obj                0       2         0      
       int14.asm.obj                0       2         0      
       startup.c.obj                2       0         0      
    +--+----------------------------+-------+---------+---------+
       Total:                       8664    176       2      
                                                             
       Stack:                       0       0         80     
       Linker Generated:            0       26        0      
    +--+----------------------------+-------+---------+---------+
       Grand Total:                 11794   396       151    


LINKER GENERATED COPY TABLES

__TI_cinit_table @ 0000ef7e records: 2, size/record: 4, table size: 8
	.data: load addr=0000ef6c, load size=00000008 bytes, run addr=00000242, run size=00000006 bytes, compression=lzss
	.bss: load addr=0000ef7a, load size=00000004 bytes, run addr=00000200, run size=00000041 bytes, compression=zero_init


LINKER GENERATED HANDLER TABLE

__TI_handler_table @ 0000ef74 records: 3, size/record: 2, table size: 6
	index: 0, handler: __TI_zero_init
	index: 1, handler: __TI_decompress_lzss
	index: 2, handler: __TI_decompress_none


GLOBAL SYMBOLS: SORTED ALPHABETICALLY BY Name 

address   name                          
-------   ----                          
0000004a  ADC10AE0                      
000001b0  ADC10CTL0                     
000001b2  ADC10CTL1                     
00000048  ADC10DTC0                     
00000049  ADC10DTC1                     
000001b4  ADC10MEM                      
000001bc  ADC10SA                       
00000057  BCSCTL1                       
00000058  BCSCTL2                       
00000053  BCSCTL3                       
0000e7f8  B_IIC_Sendbyte                
0000ea3e  B_IIC_Start                   
0000ea70  B_IIC_Stop                    
0000e760  B_IIC_Waitack                 
0000e96e  B_Single_Write_ADXL345        
0000edee  Buffer_Init                   
0000edf4  C$$EXIT                       
00000059  CACTL1                        
0000005a  CACTL2                        
000010fb  CALBC1_12MHZ                  
000010f9  CALBC1_16MHZ                  
000010ff  CALBC1_1MHZ                   
000010fd  CALBC1_8MHZ                   
000010fa  CALDCO_12MHZ                  
000010f8  CALDCO_16MHZ                  
000010fe  CALDCO_1MHZ                   
000010fc  CALDCO_8MHZ                   
0000005b  CAPD                          
0000de82  Command_Handler               
00000056  DCOCTL                        
00000128  FCTL1                         
0000012a  FCTL2                         
0000012c  FCTL3                         
00000000  IE1                           
00000001  IE2                           
00000002  IFG1                          
00000003  IFG2                          
0000e9a2  IIC_Ack                       
0000ebde  IIC_Init                      
0000eaa2  IIC_Nack                      
0000e60c  IIC_Readbyte                  
0000e712  IIC_Sendbyte                  
0000e8fe  IIC_Start                     
0000e936  IIC_Stop                      
0000e6c0  IIC_Waitack                   
0000e238  Init_ADXL345                  
0000ef5a  MISSION_BACK                  
0000ef60  MISSION_END                   
0000ef32  MISSION_NEXT                  
0000e0da  Multiple_read_ADXL345         
0000ef3a  ONLY_A                        
0000ef66  OUTER_READY                   
0000ef42  OUTER_READY_2                 
00000022  P1DIR                         
00000025  P1IE                          
00000024  P1IES                         
00000023  P1IFG                         
00000020  P1IN                          
00000021  P1OUT                         
00000027  P1REN                         
00000026  P1SEL                         
00000041  P1SEL2                        
0000002a  P2DIR                         
0000002d  P2IE                          
0000002c  P2IES                         
0000002b  P2IFG                         
00000028  P2IN                          
00000029  P2OUT                         
0000002f  P2REN                         
0000002e  P2SEL                         
00000042  P2SEL2                        
0000001a  P3DIR                         
00000018  P3IN                          
00000019  P3OUT                         
00000010  P3REN                         
0000001b  P3SEL                         
00000043  P3SEL2                        
00000228  RT_Info                       
0000ef4a  STEP_END                      
0000e9d6  Single_Write_ADXL345          
0000ed3e  System_Clock                  
00000172  TA0CCR0                       
00000174  TA0CCR1                       
00000176  TA0CCR2                       
00000162  TA0CCTL0                      
00000164  TA0CCTL1                      
00000166  TA0CCTL2                      
00000160  TA0CTL                        
0000012e  TA0IV                         
00000170  TA0R                          
00000192  TA1CCR0                       
00000194  TA1CCR1                       
00000196  TA1CCR2                       
00000182  TA1CCTL0                      
00000184  TA1CCTL1                      
00000186  TA1CCTL2                      
00000180  TA1CTL                        
0000011e  TA1IV                         
00000190  TA1R                          
000010db  TLV_ADC10_1_LEN               
000010da  TLV_ADC10_1_TAG               
000010c0  TLV_CHECKSUM                  
000010f7  TLV_DCO_30_LEN                
000010f6  TLV_DCO_30_TAG                
0000ef52  TOTAL_A_B                     
0000e666  Timer_A1_ISR                  
0000ea0a  UART_Init                     
0000005d  UCA0ABCTL                     
00000062  UCA0BR0                       
00000063  UCA0BR1                       
00000060  UCA0CTL0                      
00000061  UCA0CTL1                      
0000005f  UCA0IRRCTL                    
0000005e  UCA0IRTCTL                    
00000064  UCA0MCTL                      
00000066  UCA0RXBUF                     
00000065  UCA0STAT                      
00000067  UCA0TXBUF                     
0000006a  UCB0BR0                       
0000006b  UCB0BR1                       
00000068  UCB0CTL0                      
00000069  UCB0CTL1                      
0000006c  UCB0I2CIE                     
00000118  UCB0I2COA                     
0000011a  UCB0I2CSA                     
0000006e  UCB0RXBUF                     
0000006d  UCB0STAT                      
0000006f  UCB0TXBUF                     
0000e4ca  USCI0RX_ISR                   
00000120  WDTCTL                        
00000400  __STACK_END                   
00000050  __STACK_SIZE                  
0000ef7e  __TI_CINIT_Base               
0000ef86  __TI_CINIT_Limit              
0000ef74  __TI_Handler_Table_Base       
0000ef7a  __TI_Handler_Table_Limit      
0000ede6  __TI_ISR_TRAP                 
0000e840  __TI_auto_init_nobinit_nopinit
0000e35e  __TI_decompress_lzss          
0000ed50  __TI_decompress_none          
0000d7dc  __TI_frcaddd                  
0000c4b8  __TI_frcdivd                  
0000d2e8  __TI_frcmpyd                  
0000ffe0  __TI_int00                    
0000ffe4  __TI_int02                    
0000ffe6  __TI_int03                    
0000ffea  __TI_int05                    
0000ffec  __TI_int06                    
0000ffee  __TI_int07                    
0000fff0  __TI_int08                    
0000fff2  __TI_int09                    
0000fff4  __TI_int10                    
0000fff6  __TI_int11                    
0000fff8  __TI_int12                    
0000fffa  __TI_int13                    
0000fffc  __TI_int14                    
ffffffff  __TI_pprof_out_hndl           
ffffffff  __TI_prof_data_size           
ffffffff  __TI_prof_data_start          
0000e01c  __TI_renormd                  
0000ed02  __TI_zero_init_nomemset       
ffffffff  __c_args__                    
0000ccf6  __mspabi_addd                 
0000dc7a  __mspabi_addf                 
0000dda6  __mspabi_cmpd                 
0000e2d2  __mspabi_cvtdf                
0000e53e  __mspabi_cvtfd                
0000da3c  __mspabi_divd                 
0000eb5c  __mspabi_divi                 
0000ecec  __mspabi_divu                 
0000edc4  __mspabi_fltid                
0000e18c  __mspabi_fltlid               
0000edb2  __mspabi_func_epilog_1        
0000edb0  __mspabi_func_epilog_2        
0000edae  __mspabi_func_epilog_3        
0000edac  __mspabi_func_epilog_4        
0000edaa  __mspabi_func_epilog_5        
0000eda8  __mspabi_func_epilog_6        
0000eda6  __mspabi_func_epilog_7        
0000d56e  __mspabi_mpyd                 
0000df58  __mspabi_mpyf                 
0000ed2a  __mspabi_mpyi                 
0000ed2a  __mspabi_mpyi_sw              
0000ec50  __mspabi_mpyl                 
0000ec50  __mspabi_mpyl_sw              
0000ebb4  __mspabi_negd                 
0000eb5c  __mspabi_remi                 
0000ecec  __mspabi_remu                 
0000eb88  __mspabi_slli                 
0000ebb0  __mspabi_slli_1               
0000eb9e  __mspabi_slli_10              
0000eb9c  __mspabi_slli_11              
0000eb9a  __mspabi_slli_12              
0000eb98  __mspabi_slli_13              
0000eb96  __mspabi_slli_14              
0000eb94  __mspabi_slli_15              
0000ebae  __mspabi_slli_2               
0000ebac  __mspabi_slli_3               
0000ebaa  __mspabi_slli_4               
0000eba8  __mspabi_slli_5               
0000eba6  __mspabi_slli_6               
0000eba4  __mspabi_slli_7               
0000eba2  __mspabi_slli_8               
0000eba0  __mspabi_slli_9               
0000ed96  __mspabi_slll                 
0000e8f8  __mspabi_slll_1               
0000e8d4  __mspabi_slll_10              
0000e8d0  __mspabi_slll_11              
0000e8cc  __mspabi_slll_12              
0000e8c8  __mspabi_slll_13              
0000e8c4  __mspabi_slll_14              
0000e8c0  __mspabi_slll_15              
0000e8f4  __mspabi_slll_2               
0000e8f0  __mspabi_slll_3               
0000e8ec  __mspabi_slll_4               
0000e8e8  __mspabi_slll_5               
0000e8e4  __mspabi_slll_6               
0000e8e0  __mspabi_slll_7               
0000e8dc  __mspabi_slll_8               
0000e8d8  __mspabi_slll_9               
0000eb30  __mspabi_srai                 
0000eb58  __mspabi_srai_1               
0000eb46  __mspabi_srai_10              
0000eb44  __mspabi_srai_11              
0000eb42  __mspabi_srai_12              
0000eb40  __mspabi_srai_13              
0000eb3e  __mspabi_srai_14              
0000eb3c  __mspabi_srai_15              
0000eb56  __mspabi_srai_2               
0000eb54  __mspabi_srai_3               
0000eb52  __mspabi_srai_4               
0000eb50  __mspabi_srai_5               
0000eb4e  __mspabi_srai_6               
0000eb4c  __mspabi_srai_7               
0000eb4a  __mspabi_srai_8               
0000eb48  __mspabi_srai_9               
0000ed86  __mspabi_sral                 
0000e8ba  __mspabi_sral_1               
0000e896  __mspabi_sral_10              
0000e892  __mspabi_sral_11              
0000e88e  __mspabi_sral_12              
0000e88a  __mspabi_sral_13              
0000e886  __mspabi_sral_14              
0000e882  __mspabi_sral_15              
0000e8b6  __mspabi_sral_2               
0000e8b2  __mspabi_sral_3               
0000e8ae  __mspabi_sral_4               
0000e8aa  __mspabi_sral_5               
0000e8a6  __mspabi_sral_6               
0000e8a2  __mspabi_sral_7               
0000e89e  __mspabi_sral_8               
0000e89a  __mspabi_sral_9               
0000e7ac  __mspabi_srli                 
0000e7f2  __mspabi_srli_1               
0000e7ce  __mspabi_srli_10              
0000e7ca  __mspabi_srli_11              
0000e7c6  __mspabi_srli_12              
0000e7c2  __mspabi_srli_13              
0000e7be  __mspabi_srli_14              
0000e7ba  __mspabi_srli_15              
0000e7ee  __mspabi_srli_2               
0000e7ea  __mspabi_srli_3               
0000e7e6  __mspabi_srli_4               
0000e7e2  __mspabi_srli_5               
0000e7de  __mspabi_srli_6               
0000e7da  __mspabi_srli_7               
0000e7d6  __mspabi_srli_8               
0000e7d2  __mspabi_srli_9               
0000ed62  __mspabi_srll                 
0000e604  __mspabi_srll_1               
0000e5ce  __mspabi_srll_10              
0000e5c8  __mspabi_srll_11              
0000e5c2  __mspabi_srll_12              
0000e5bc  __mspabi_srll_13              
0000e5b6  __mspabi_srll_14              
0000e5b0  __mspabi_srll_15              
0000e5fe  __mspabi_srll_2               
0000e5f8  __mspabi_srll_3               
0000e5f2  __mspabi_srll_4               
0000e5ec  __mspabi_srll_5               
0000e5e6  __mspabi_srll_6               
0000e5e0  __mspabi_srll_7               
0000e5da  __mspabi_srll_8               
0000e5d4  __mspabi_srll_9               
0000ead4  __mspabi_subd                 
0000dc74  __mspabi_subf                 
0000ec9c  _c_int00_noargs               
0000fffe  _reset_vector                 
000003b0  _stack                        
0000ee10  _system_post_cinit            
0000ee0c  _system_pre_init              
0000edf4  abort                         
0000c000  atan                          
0000c000  atanl                         
00000200  buffer                        
00000246  buffer_index                  
00000244  errno                         
0000ec04  get_mean                      
0000e3da  get_raw_value                 
0000eddc  init_beep                     
0000edb6  init_led                      
0000ec2a  long_beep                     
0000eb02  main                          
0000c930  make_angle                    
0000e454  make_g_float                  
0000ed74  memcpy                        
0000ed16  memset                        
0000edfa  off_beep                      
0000ee00  on_beep                       
0000ee06  on_led                        
0000edd0  putchar                       
0000ecb8  putstr                        
00000240  rxBuffer                      
0000ec76  short_beep                    
0000cff0  sqrt                          
0000cff0  sqrtl                         
0000ecd4  strcmp                        


GLOBAL SYMBOLS: SORTED BY Symbol Address 

address   name                          
-------   ----                          
00000000  IE1                           
00000001  IE2                           
00000002  IFG1                          
00000003  IFG2                          
00000010  P3REN                         
00000018  P3IN                          
00000019  P3OUT                         
0000001a  P3DIR                         
0000001b  P3SEL                         
00000020  P1IN                          
00000021  P1OUT                         
00000022  P1DIR                         
00000023  P1IFG                         
00000024  P1IES                         
00000025  P1IE                          
00000026  P1SEL                         
00000027  P1REN                         
00000028  P2IN                          
00000029  P2OUT                         
0000002a  P2DIR                         
0000002b  P2IFG                         
0000002c  P2IES                         
0000002d  P2IE                          
0000002e  P2SEL                         
0000002f  P2REN                         
00000041  P1SEL2                        
00000042  P2SEL2                        
00000043  P3SEL2                        
00000048  ADC10DTC0                     
00000049  ADC10DTC1                     
0000004a  ADC10AE0                      
00000050  __STACK_SIZE                  
00000053  BCSCTL3                       
00000056  DCOCTL                        
00000057  BCSCTL1                       
00000058  BCSCTL2                       
00000059  CACTL1                        
0000005a  CACTL2                        
0000005b  CAPD                          
0000005d  UCA0ABCTL                     
0000005e  UCA0IRTCTL                    
0000005f  UCA0IRRCTL                    
00000060  UCA0CTL0                      
00000061  UCA0CTL1                      
00000062  UCA0BR0                       
00000063  UCA0BR1                       
00000064  UCA0MCTL                      
00000065  UCA0STAT                      
00000066  UCA0RXBUF                     
00000067  UCA0TXBUF                     
00000068  UCB0CTL0                      
00000069  UCB0CTL1                      
0000006a  UCB0BR0                       
0000006b  UCB0BR1                       
0000006c  UCB0I2CIE                     
0000006d  UCB0STAT                      
0000006e  UCB0RXBUF                     
0000006f  UCB0TXBUF                     
00000118  UCB0I2COA                     
0000011a  UCB0I2CSA                     
0000011e  TA1IV                         
00000120  WDTCTL                        
00000128  FCTL1                         
0000012a  FCTL2                         
0000012c  FCTL3                         
0000012e  TA0IV                         
00000160  TA0CTL                        
00000162  TA0CCTL0                      
00000164  TA0CCTL1                      
00000166  TA0CCTL2                      
00000170  TA0R                          
00000172  TA0CCR0                       
00000174  TA0CCR1                       
00000176  TA0CCR2                       
00000180  TA1CTL                        
00000182  TA1CCTL0                      
00000184  TA1CCTL1                      
00000186  TA1CCTL2                      
00000190  TA1R                          
00000192  TA1CCR0                       
00000194  TA1CCR1                       
00000196  TA1CCR2                       
000001b0  ADC10CTL0                     
000001b2  ADC10CTL1                     
000001b4  ADC10MEM                      
000001bc  ADC10SA                       
00000200  buffer                        
00000228  RT_Info                       
00000240  rxBuffer                      
00000244  errno                         
00000246  buffer_index                  
000003b0  _stack                        
00000400  __STACK_END                   
000010c0  TLV_CHECKSUM                  
000010da  TLV_ADC10_1_TAG               
000010db  TLV_ADC10_1_LEN               
000010f6  TLV_DCO_30_TAG                
000010f7  TLV_DCO_30_LEN                
000010f8  CALDCO_16MHZ                  
000010f9  CALBC1_16MHZ                  
000010fa  CALDCO_12MHZ                  
000010fb  CALBC1_12MHZ                  
000010fc  CALDCO_8MHZ                   
000010fd  CALBC1_8MHZ                   
000010fe  CALDCO_1MHZ                   
000010ff  CALBC1_1MHZ                   
0000c000  atan                          
0000c000  atanl                         
0000c4b8  __TI_frcdivd                  
0000c930  make_angle                    
0000ccf6  __mspabi_addd                 
0000cff0  sqrt                          
0000cff0  sqrtl                         
0000d2e8  __TI_frcmpyd                  
0000d56e  __mspabi_mpyd                 
0000d7dc  __TI_frcaddd                  
0000da3c  __mspabi_divd                 
0000dc74  __mspabi_subf                 
0000dc7a  __mspabi_addf                 
0000dda6  __mspabi_cmpd                 
0000de82  Command_Handler               
0000df58  __mspabi_mpyf                 
0000e01c  __TI_renormd                  
0000e0da  Multiple_read_ADXL345         
0000e18c  __mspabi_fltlid               
0000e238  Init_ADXL345                  
0000e2d2  __mspabi_cvtdf                
0000e35e  __TI_decompress_lzss          
0000e3da  get_raw_value                 
0000e454  make_g_float                  
0000e4ca  USCI0RX_ISR                   
0000e53e  __mspabi_cvtfd                
0000e5b0  __mspabi_srll_15              
0000e5b6  __mspabi_srll_14              
0000e5bc  __mspabi_srll_13              
0000e5c2  __mspabi_srll_12              
0000e5c8  __mspabi_srll_11              
0000e5ce  __mspabi_srll_10              
0000e5d4  __mspabi_srll_9               
0000e5da  __mspabi_srll_8               
0000e5e0  __mspabi_srll_7               
0000e5e6  __mspabi_srll_6               
0000e5ec  __mspabi_srll_5               
0000e5f2  __mspabi_srll_4               
0000e5f8  __mspabi_srll_3               
0000e5fe  __mspabi_srll_2               
0000e604  __mspabi_srll_1               
0000e60c  IIC_Readbyte                  
0000e666  Timer_A1_ISR                  
0000e6c0  IIC_Waitack                   
0000e712  IIC_Sendbyte                  
0000e760  B_IIC_Waitack                 
0000e7ac  __mspabi_srli                 
0000e7ba  __mspabi_srli_15              
0000e7be  __mspabi_srli_14              
0000e7c2  __mspabi_srli_13              
0000e7c6  __mspabi_srli_12              
0000e7ca  __mspabi_srli_11              
0000e7ce  __mspabi_srli_10              
0000e7d2  __mspabi_srli_9               
0000e7d6  __mspabi_srli_8               
0000e7da  __mspabi_srli_7               
0000e7de  __mspabi_srli_6               
0000e7e2  __mspabi_srli_5               
0000e7e6  __mspabi_srli_4               
0000e7ea  __mspabi_srli_3               
0000e7ee  __mspabi_srli_2               
0000e7f2  __mspabi_srli_1               
0000e7f8  B_IIC_Sendbyte                
0000e840  __TI_auto_init_nobinit_nopinit
0000e882  __mspabi_sral_15              
0000e886  __mspabi_sral_14              
0000e88a  __mspabi_sral_13              
0000e88e  __mspabi_sral_12              
0000e892  __mspabi_sral_11              
0000e896  __mspabi_sral_10              
0000e89a  __mspabi_sral_9               
0000e89e  __mspabi_sral_8               
0000e8a2  __mspabi_sral_7               
0000e8a6  __mspabi_sral_6               
0000e8aa  __mspabi_sral_5               
0000e8ae  __mspabi_sral_4               
0000e8b2  __mspabi_sral_3               
0000e8b6  __mspabi_sral_2               
0000e8ba  __mspabi_sral_1               
0000e8c0  __mspabi_slll_15              
0000e8c4  __mspabi_slll_14              
0000e8c8  __mspabi_slll_13              
0000e8cc  __mspabi_slll_12              
0000e8d0  __mspabi_slll_11              
0000e8d4  __mspabi_slll_10              
0000e8d8  __mspabi_slll_9               
0000e8dc  __mspabi_slll_8               
0000e8e0  __mspabi_slll_7               
0000e8e4  __mspabi_slll_6               
0000e8e8  __mspabi_slll_5               
0000e8ec  __mspabi_slll_4               
0000e8f0  __mspabi_slll_3               
0000e8f4  __mspabi_slll_2               
0000e8f8  __mspabi_slll_1               
0000e8fe  IIC_Start                     
0000e936  IIC_Stop                      
0000e96e  B_Single_Write_ADXL345        
0000e9a2  IIC_Ack                       
0000e9d6  Single_Write_ADXL345          
0000ea0a  UART_Init                     
0000ea3e  B_IIC_Start                   
0000ea70  B_IIC_Stop                    
0000eaa2  IIC_Nack                      
0000ead4  __mspabi_subd                 
0000eb02  main                          
0000eb30  __mspabi_srai                 
0000eb3c  __mspabi_srai_15              
0000eb3e  __mspabi_srai_14              
0000eb40  __mspabi_srai_13              
0000eb42  __mspabi_srai_12              
0000eb44  __mspabi_srai_11              
0000eb46  __mspabi_srai_10              
0000eb48  __mspabi_srai_9               
0000eb4a  __mspabi_srai_8               
0000eb4c  __mspabi_srai_7               
0000eb4e  __mspabi_srai_6               
0000eb50  __mspabi_srai_5               
0000eb52  __mspabi_srai_4               
0000eb54  __mspabi_srai_3               
0000eb56  __mspabi_srai_2               
0000eb58  __mspabi_srai_1               
0000eb5c  __mspabi_divi                 
0000eb5c  __mspabi_remi                 
0000eb88  __mspabi_slli                 
0000eb94  __mspabi_slli_15              
0000eb96  __mspabi_slli_14              
0000eb98  __mspabi_slli_13              
0000eb9a  __mspabi_slli_12              
0000eb9c  __mspabi_slli_11              
0000eb9e  __mspabi_slli_10              
0000eba0  __mspabi_slli_9               
0000eba2  __mspabi_slli_8               
0000eba4  __mspabi_slli_7               
0000eba6  __mspabi_slli_6               
0000eba8  __mspabi_slli_5               
0000ebaa  __mspabi_slli_4               
0000ebac  __mspabi_slli_3               
0000ebae  __mspabi_slli_2               
0000ebb0  __mspabi_slli_1               
0000ebb4  __mspabi_negd                 
0000ebde  IIC_Init                      
0000ec04  get_mean                      
0000ec2a  long_beep                     
0000ec50  __mspabi_mpyl                 
0000ec50  __mspabi_mpyl_sw              
0000ec76  short_beep                    
0000ec9c  _c_int00_noargs               
0000ecb8  putstr                        
0000ecd4  strcmp                        
0000ecec  __mspabi_divu                 
0000ecec  __mspabi_remu                 
0000ed02  __TI_zero_init_nomemset       
0000ed16  memset                        
0000ed2a  __mspabi_mpyi                 
0000ed2a  __mspabi_mpyi_sw              
0000ed3e  System_Clock                  
0000ed50  __TI_decompress_none          
0000ed62  __mspabi_srll                 
0000ed74  memcpy                        
0000ed86  __mspabi_sral                 
0000ed96  __mspabi_slll                 
0000eda6  __mspabi_func_epilog_7        
0000eda8  __mspabi_func_epilog_6        
0000edaa  __mspabi_func_epilog_5        
0000edac  __mspabi_func_epilog_4        
0000edae  __mspabi_func_epilog_3        
0000edb0  __mspabi_func_epilog_2        
0000edb2  __mspabi_func_epilog_1        
0000edb6  init_led                      
0000edc4  __mspabi_fltid                
0000edd0  putchar                       
0000eddc  init_beep                     
0000ede6  __TI_ISR_TRAP                 
0000edee  Buffer_Init                   
0000edf4  C$$EXIT                       
0000edf4  abort                         
0000edfa  off_beep                      
0000ee00  on_beep                       
0000ee06  on_led                        
0000ee0c  _system_pre_init              
0000ee10  _system_post_cinit            
0000ef32  MISSION_NEXT                  
0000ef3a  ONLY_A                        
0000ef42  OUTER_READY_2                 
0000ef4a  STEP_END                      
0000ef52  TOTAL_A_B                     
0000ef5a  MISSION_BACK                  
0000ef60  MISSION_END                   
0000ef66  OUTER_READY                   
0000ef74  __TI_Handler_Table_Base       
0000ef7a  __TI_Handler_Table_Limit      
0000ef7e  __TI_CINIT_Base               
0000ef86  __TI_CINIT_Limit              
0000ffe0  __TI_int00                    
0000ffe4  __TI_int02                    
0000ffe6  __TI_int03                    
0000ffea  __TI_int05                    
0000ffec  __TI_int06                    
0000ffee  __TI_int07                    
0000fff0  __TI_int08                    
0000fff2  __TI_int09                    
0000fff4  __TI_int10                    
0000fff6  __TI_int11                    
0000fff8  __TI_int12                    
0000fffa  __TI_int13                    
0000fffc  __TI_int14                    
0000fffe  _reset_vector                 
ffffffff  __TI_pprof_out_hndl           
ffffffff  __TI_prof_data_size           
ffffffff  __TI_prof_data_start          
ffffffff  __c_args__                    

[317 symbols]
