******************************************************************************
                  MSP430 Linker PC v18.1.3                     
******************************************************************************
>> Linked Sat Aug  1 21:18:44 2020

OUTPUT FILE NAME:   <Measure.out>
ENTRY POINT SYMBOL: "_c_int00_noargs"  address: 0000f072


MEMORY CONFIGURATION

         name            origin    length      used     unused   attr    fill
----------------------  --------  ---------  --------  --------  ----  --------
  SFR                   00000000   00000010  00000000  00000010  RWIX
  PERIPHERALS_8BIT      00000010   000000f0  00000000  000000f0  RWIX
  PERIPHERALS_16BIT     00000100   00000100  00000000  00000100  RWIX
  RAM                   00000200   00000200  000000ab  00000155  RWIX
  INFOD                 00001000   00000040  00000000  00000040  RWIX
  INFOC                 00001040   00000040  00000000  00000040  RWIX
  INFOB                 00001080   00000040  00000000  00000040  RWIX
  INFOA                 000010c0   00000040  00000000  00000040  RWIX
  FLASH                 0000c000   00003fde  00003342  00000c9c  RWIX
  BSLSIGNATURE          0000ffde   00000002  00000002  00000000  RWIX  ffff 
  INT00                 0000ffe0   00000002  00000002  00000000  RWIX
  INT01                 0000ffe2   00000002  00000000  00000002  RWIX
  INT02                 0000ffe4   00000002  00000002  00000000  RWIX
  INT03                 0000ffe6   00000002  00000002  00000000  RWIX
  INT04                 0000ffe8   00000002  00000000  00000002  RWIX
  INT05                 0000ffea   00000002  00000002  00000000  RWIX
  INT06                 0000ffec   00000002  00000002  00000000  RWIX
  INT07                 0000ffee   00000002  00000002  00000000  RWIX
  INT08                 0000fff0   00000002  00000002  00000000  RWIX
  INT09                 0000fff2   00000002  00000002  00000000  RWIX
  INT10                 0000fff4   00000002  00000002  00000000  RWIX
  INT11                 0000fff6   00000002  00000002  00000000  RWIX
  INT12                 0000fff8   00000002  00000002  00000000  RWIX
  INT13                 0000fffa   00000002  00000002  00000000  RWIX
  INT14                 0000fffc   00000002  00000002  00000000  RWIX
  RESET                 0000fffe   00000002  00000002  00000000  RWIX


SECTION ALLOCATION MAP

 output                                  attributes/
section   page    origin      length       input sections
--------  ----  ----------  ----------   ----------------
.bss       0    00000200    00000045     UNINITIALIZED
                  00000200    00000028     (.common:buffer)
                  00000228    00000018     (.common:RT_Info)
                  00000240    00000002     (.common:send_flag)
                  00000242    00000002     (.common:work_flag)
                  00000244    00000001     (.common:rxBuffer)

.data      0    00000246    00000016     UNINITIALIZED
                  00000246    0000000a     communicate.obj (.data:FeatureCode)
                  00000250    00000002     communicate.obj (.data:Command_Help)
                  00000252    00000002     communicate.obj (.data:FCS_Help)
                  00000254    00000002     communicate.obj (.data:LEN_Help)
                  00000256    00000002     Uart.obj (.data)
                  00000258    00000002     rts430_eabi.lib : errno.c.obj (.data)
                  0000025a    00000002     state.obj (.data)

.stack     0    000003b0    00000050     UNINITIALIZED
                  000003b0    00000002     rts430_eabi.lib : boot.c.obj (.stack)
                  000003b2    0000004e     --HOLE--

.text      0    0000c000    00003236     
                  0000c000    000004b8     rts430_eabi.lib : s_atan.c.obj (.text:atan)
                  0000c4b8    00000478                     : frcdivd.c.obj (.text:__TI_frcdivd)
                  0000c930    000003c6     measure.obj (.text:make_angle)
                  0000ccf6    000002fa     rts430_eabi.lib : addd.c.obj (.text:__mspabi_addd)
                  0000cff0    000002f8                     : e_sqrt.c.obj (.text:sqrt)
                  0000d2e8    00000286                     : frcmpyd.c.obj (.text:__TI_frcmpyd)
                  0000d56e    0000026e                     : mpyd.c.obj (.text:__mspabi_mpyd)
                  0000d7dc    00000260                     : frcaddd.c.obj (.text:__TI_frcaddd)
                  0000da3c    00000238                     : divd.c.obj (.text:__mspabi_divd)
                  0000dc74    00000132                     : fs_add.asm.obj (.text)
                  0000dda6    00000112     communicate.obj (.text:Send_Angle_A)
                  0000deb8    00000112     communicate.obj (.text:Send_Angle_B)
                  0000dfca    000000dc     rts430_eabi.lib : cmpd.c.obj (.text:__mspabi_cmpd)
                  0000e0a6    000000c4                     : fs_mpy.asm.obj (.text)
                  0000e16a    000000be                     : renormd.c.obj (.text:__TI_renormd)
                  0000e228    000000b2     adxl345.obj (.text:Multiple_read_ADXL345)
                  0000e2da    000000ae     state.obj (.text:Command_Handler)
                  0000e388    000000ac     rts430_eabi.lib : fltlid.c.obj (.text:__mspabi_fltlid)
                  0000e434    0000009a     adxl345.obj (.text:Init_ADXL345)
                  0000e4ce    0000008c     rts430_eabi.lib : cvtdf.c.obj (.text:__mspabi_cvtdf)
                  0000e55a    0000007c                     : copy_decompress_lzss.c.obj (.text:decompress:lzss:__TI_decompress_lzss)
                  0000e5d6    0000007a     measure.obj (.text:get_raw_value)
                  0000e650    00000076     measure.obj (.text:make_g_float)
                  0000e6c6    00000074     state.obj (.text:USCI0RX_ISR)
                  0000e73a    00000072     rts430_eabi.lib : cvtfd.c.obj (.text:__mspabi_cvtfd)
                  0000e7ac    00000068                     : fs_toi.asm.obj (.text)
                  0000e814    0000005c                     : lsr32.asm.obj (.text:l_lsr_const)
                  0000e870    0000005a     IIC.obj (.text:IIC_Readbyte)
                  0000e8ca    0000005a     Uart.obj (.text:Timer_A1_ISR)
                  0000e924    00000052     IIC.obj (.text:IIC_Waitack)
                  0000e976    0000004e     IIC.obj (.text:IIC_Sendbyte)
                  0000e9c4    0000004c     IIC.obj (.text:B_IIC_Waitack)
                  0000ea10    0000004c     rts430_eabi.lib : lsr16.asm.obj (.text)
                  0000ea5c    00000048     IIC.obj (.text:B_IIC_Sendbyte)
                  0000eaa4    00000042     communicate.obj (.text:Add_FCS)
                  0000eae6    00000042     communicate.obj (.text:Send_FeatureCode)
                  0000eb28    00000042     rts430_eabi.lib : autoinit.c.obj (.text:__TI_auto_init_nobinit_nopinit:__TI_auto_init_nobinit_nopinit)
                  0000eb6a    00000040     communicate.obj (.text:Add_LengthAndData_Angle)
                  0000ebaa    0000003e     rts430_eabi.lib : asr32.asm.obj (.text:l_asr_const)
                  0000ebe8    0000003e                     : lsl32.asm.obj (.text:l_lsl_const)
                  0000ec26    00000038     IIC.obj (.text:IIC_Start)
                  0000ec5e    00000038     IIC.obj (.text:IIC_Stop)
                  0000ec96    00000034     adxl345.obj (.text:B_Single_Write_ADXL345)
                  0000ecca    00000034     IIC.obj (.text:IIC_Ack)
                  0000ecfe    00000034     adxl345.obj (.text:Single_Write_ADXL345)
                  0000ed32    00000034     uart_self.obj (.text:UART_Init)
                  0000ed66    00000032     IIC.obj (.text:B_IIC_Start)
                  0000ed98    00000032     IIC.obj (.text:B_IIC_Stop)
                  0000edca    00000032     IIC.obj (.text:IIC_Nack)
                  0000edfc    0000002e     rts430_eabi.lib : subd.c.obj (.text:__mspabi_subd)
                  0000ee2a    0000002c                     : asr16.asm.obj (.text)
                  0000ee56    0000002c                     : div16s.asm.obj (.text)
                  0000ee82    0000002c                     : lsl16.asm.obj (.text)
                  0000eeae    0000002a                     : negd.c.obj (.text:__mspabi_negd)
                  0000eed8    0000002a     main.obj (.text:main)
                  0000ef02    00000028     communicate.obj (.text:Add_LengthAndData)
                  0000ef2a    00000026     IIC.obj (.text:IIC_Init)
                  0000ef50    00000026     measure.obj (.text:get_mean)
                  0000ef76    00000026     beep.obj (.text:long_beep)
                  0000ef9c    00000026     beep.obj (.text:long_short_beep)
                  0000efc2    00000026     rts430_eabi.lib : mult32.asm.obj (.text)
                  0000efe8    00000026     beep.obj (.text:short_beep)
                  0000f00e    00000026     beep.obj (.text:two_short_beep)
                  0000f034    00000022     rts430_eabi.lib : memcmp.c.obj (.text:memcmp)
                  0000f056    0000001c     state.obj (.text:StateMachine)
                  0000f072    0000001c     rts430_eabi.lib : boot.c.obj (.text:_c_int00_noargs)
                  0000f08e    0000001a                     : strcat.c.obj (.text:strcat)
                  0000f0a8    00000018     uart_self.obj (.text:putstr)
                  0000f0c0    00000018     rts430_eabi.lib : strcmp.c.obj (.text:strcmp)
                  0000f0d8    00000016                     : div16u.asm.obj (.text)
                  0000f0ee    00000014                     : copy_zero_init.c.obj (.text:decompress:ZI:__TI_zero_init_nomemset:__TI_zero_init_nomemset)
                  0000f102    00000014                     : memset.c.obj (.text:memset)
                  0000f116    00000014                     : mult16.asm.obj (.text)
                  0000f12a    00000012     main.obj (.text:System_Clock)
                  0000f13c    00000012     rts430_eabi.lib : copy_decompress_none.c.obj (.text:decompress:none:__TI_decompress_none)
                  0000f14e    00000012                     : lsr32.asm.obj (.text:l_lsr)
                  0000f160    00000012                     : memcpy.c.obj (.text:memcpy)
                  0000f172    00000010                     : asr32.asm.obj (.text:l_asr)
                  0000f182    00000010                     : lsl32.asm.obj (.text:l_lsl)
                  0000f192    00000010                     : epilog.asm.obj (.text)
                  0000f1a2    0000000e     communicate.obj (.text:Add_CommandCode)
                  0000f1b0    0000000e     state.obj (.text:StateMachine_Init)
                  0000f1be    0000000e     led.obj (.text:init_led)
                  0000f1cc    0000000e     rts430_eabi.lib : strlen.c.obj (.text:strlen)
                  0000f1da    0000000c                     : fltid.c.obj (.text:__mspabi_fltid)
                  0000f1e6    0000000c     uart_self.obj (.text:putchar)
                  0000f1f2    0000000a     communicate.obj (.text:Add_EndCode)
                  0000f1fc    0000000a     communicate.obj (.text:Add_StartCode)
                  0000f206    0000000a     beep.obj (.text:init_beep)
                  0000f210    00000008     rts430_eabi.lib : isr_trap.asm.obj (.text:_isr:__TI_ISR_TRAP)
                  0000f218    00000006     state.obj (.text:Buffer_Init)
                  0000f21e    00000006     rts430_eabi.lib : exit.c.obj (.text:abort)
                  0000f224    00000006     beep.obj (.text:off_beep)
                  0000f22a    00000006     beep.obj (.text:on_beep)
                  0000f230    00000004     rts430_eabi.lib : pre_init.c.obj (.text:_system_pre_init)
                  0000f234    00000002                     : startup.c.obj (.text:_system_post_cinit)

.const     0    0000f236    000000e6     
                  0000f236    00000058     rts430_eabi.lib : s_atan.c.obj (.const:aT)
                  0000f28e    00000020                     : s_atan.c.obj (.const:atanhi)
                  0000f2ae    00000020                     : s_atan.c.obj (.const:atanlo)
                  0000f2ce    0000001a     state.obj (.const:.string)
                  0000f2e8    00000007     state.obj (.const:.string:ONLY_A)
                  0000f2ef    00000001     --HOLE-- [fill = 0]
                  0000f2f0    00000007     state.obj (.const:.string:OUTER_READY_2)
                  0000f2f7    00000001     --HOLE-- [fill = 0]
                  0000f2f8    00000007     state.obj (.const:.string:TOTAL_A_B)
                  0000f2ff    00000001     --HOLE-- [fill = 0]
                  0000f300    00000006     state.obj (.const:.string:OUTER_READY)
                  0000f306    00000006     state.obj (.const:.string:STEP_BACK)
                  0000f30c    00000004     communicate.obj (.const:.string)
                  0000f310    00000003     state.obj (.const:.string:MISSION_FINISH_0_1)
                  0000f313    00000001     --HOLE-- [fill = 0]
                  0000f314    00000003     state.obj (.const:.string:STEP_FINISH_0_1)
                  0000f317    00000001     --HOLE-- [fill = 0]
                  0000f318    00000002     communicate.obj (.const:.string:END_CODE)
                  0000f31a    00000002     communicate.obj (.const:.string:START_CODE)

.cinit     0    0000f31c    00000026     
                  0000f31c    00000014     (.cinit..data.load) [load image, compression = lzss]
                  0000f330    00000006     (__TI_handler_table)
                  0000f336    00000004     (.cinit..bss.load) [load image, compression = zero_init]
                  0000f33a    00000008     (__TI_cinit_table)

.binit     0    0000c000    00000000     

.init_array 
*          0    0000c000    00000000     UNINITIALIZED

TRAPINT    0    0000ffe0    00000002     
                  0000ffe0    00000002     rts430_eabi.lib : int00.asm.obj (.int00)

PORT1      0    0000ffe4    00000002     
                  0000ffe4    00000002     rts430_eabi.lib : int02.asm.obj (.int02)

PORT2      0    0000ffe6    00000002     
                  0000ffe6    00000002     rts430_eabi.lib : int03.asm.obj (.int03)

ADC10      0    0000ffea    00000002     
                  0000ffea    00000002     rts430_eabi.lib : int05.asm.obj (.int05)

USCIAB0TX 
*          0    0000ffec    00000002     
                  0000ffec    00000002     rts430_eabi.lib : int06.asm.obj (.int06)

USCIAB0RX 
*          0    0000ffee    00000002     
                  0000ffee    00000002     state.obj (.int07)

TIMER0_A1 
*          0    0000fff0    00000002     
                  0000fff0    00000002     Uart.obj (.int08)

TIMER0_A0 
*          0    0000fff2    00000002     
                  0000fff2    00000002     rts430_eabi.lib : int09.asm.obj (.int09)

WDT        0    0000fff4    00000002     
                  0000fff4    00000002     rts430_eabi.lib : int10.asm.obj (.int10)

COMPARATORA 
*          0    0000fff6    00000002     
                  0000fff6    00000002     rts430_eabi.lib : int11.asm.obj (.int11)

TIMER1_A1 
*          0    0000fff8    00000002     
                  0000fff8    00000002     rts430_eabi.lib : int12.asm.obj (.int12)

TIMER1_A0 
*          0    0000fffa    00000002     
                  0000fffa    00000002     rts430_eabi.lib : int13.asm.obj (.int13)

NMI        0    0000fffc    00000002     
                  0000fffc    00000002     rts430_eabi.lib : int14.asm.obj (.int14)

.reset     0    0000fffe    00000002     
                  0000fffe    00000002     rts430_eabi.lib : boot.c.obj (.reset)

$fill000   0    0000ffde    00000002     
                  0000ffde    00000002     --HOLE-- [fill = ffff]

MODULE SUMMARY

       Module                       code    ro data   rw data
       ------                       ----    -------   -------
    .\
       measure.obj                  1244    0         24     
       communicate.obj              818     8         16     
       IIC.obj                      750     0         0      
       state.obj                    338     67        46     
       adxl345.obj                  436     0         0      
       beep.obj                     174     0         0      
       Uart.obj                     90      2         3      
       uart_self.obj                88      0         0      
       main.obj                     60      0         0      
       led.obj                      14      0         0      
    +--+----------------------------+-------+---------+---------+
       Total:                       4012    77        89     
                                                             
    D:\ti\ccsv8\tools\compiler\ti-cgt-msp430_18.1.3.LTS\lib\rts430_eabi.lib
       s_atan.c.obj                 1208    152       0      
       frcdivd.c.obj                1144    0         0      
       addd.c.obj                   762     0         0      
       e_sqrt.c.obj                 760     0         0      
       frcmpyd.c.obj                646     0         0      
       mpyd.c.obj                   622     0         0      
       frcaddd.c.obj                608     0         0      
       divd.c.obj                   568     0         0      
       fs_add.asm.obj               306     0         0      
       cmpd.c.obj                   220     0         0      
       fs_mpy.asm.obj               196     0         0      
       renormd.c.obj                190     0         0      
       fltlid.c.obj                 172     0         0      
       cvtdf.c.obj                  140     0         0      
       copy_decompress_lzss.c.obj   124     0         0      
       cvtfd.c.obj                  114     0         0      
       lsr32.asm.obj                110     0         0      
       fs_toi.asm.obj               104     0         0      
       asr32.asm.obj                78      0         0      
       lsl32.asm.obj                78      0         0      
       lsr16.asm.obj                76      0         0      
       autoinit.c.obj               66      0         0      
       subd.c.obj                   46      0         0      
       asr16.asm.obj                44      0         0      
       div16s.asm.obj               44      0         0      
       lsl16.asm.obj                44      0         0      
       negd.c.obj                   42      0         0      
       mult32.asm.obj               38      0         0      
       memcmp.c.obj                 34      0         0      
       boot.c.obj                   28      2         0      
       strcat.c.obj                 26      0         0      
       strcmp.c.obj                 24      0         0      
       div16u.asm.obj               22      0         0      
       copy_zero_init.c.obj         20      0         0      
       memset.c.obj                 20      0         0      
       mult16.asm.obj               20      0         0      
       copy_decompress_none.c.obj   18      0         0      
       memcpy.c.obj                 18      0         0      
       epilog.asm.obj               16      0         0      
       strlen.c.obj                 14      0         0      
       fltid.c.obj                  12      0         0      
       isr_trap.asm.obj             8       0         0      
       exit.c.obj                   6       0         0      
       pre_init.c.obj               4       0         0      
       errno.c.obj                  0       0         2      
       int00.asm.obj                0       2         0      
       int02.asm.obj                0       2         0      
       int03.asm.obj                0       2         0      
       int05.asm.obj                0       2         0      
       int06.asm.obj                0       2         0      
       int09.asm.obj                0       2         0      
       int10.asm.obj                0       2         0      
       int11.asm.obj                0       2         0      
       int12.asm.obj                0       2         0      
       int13.asm.obj                0       2         0      
       int14.asm.obj                0       2         0      
       startup.c.obj                2       0         0      
    +--+----------------------------+-------+---------+---------+
       Total:                       8842    176       2      
                                                             
       Stack:                       0       0         80     
       Linker Generated:            0       38        0      
    +--+----------------------------+-------+---------+---------+
       Grand Total:                 12854   291       171    


LINKER GENERATED COPY TABLES

__TI_cinit_table @ 0000f33a records: 2, size/record: 4, table size: 8
	.data: load addr=0000f31c, load size=00000014 bytes, run addr=00000246, run size=00000016 bytes, compression=lzss
	.bss: load addr=0000f336, load size=00000004 bytes, run addr=00000200, run size=00000045 bytes, compression=zero_init


LINKER GENERATED HANDLER TABLE

__TI_handler_table @ 0000f330 records: 3, size/record: 2, table size: 6
	index: 0, handler: __TI_zero_init
	index: 1, handler: __TI_decompress_lzss
	index: 2, handler: __TI_decompress_none


GLOBAL SYMBOLS: SORTED ALPHABETICALLY BY Name 

address   name                          
-------   ----                          
0000004a  ADC10AE0                      
000001b0  ADC10CTL0                     
000001b2  ADC10CTL1                     
00000048  ADC10DTC0                     
00000049  ADC10DTC1                     
000001b4  ADC10MEM                      
000001bc  ADC10SA                       
0000f1a2  Add_CommandCode               
0000f1f2  Add_EndCode                   
0000eaa4  Add_FCS                       
0000ef02  Add_LengthAndData             
0000eb6a  Add_LengthAndData_Angle       
0000f1fc  Add_StartCode                 
00000057  BCSCTL1                       
00000058  BCSCTL2                       
00000053  BCSCTL3                       
0000ea5c  B_IIC_Sendbyte                
0000ed66  B_IIC_Start                   
0000ed98  B_IIC_Stop                    
0000e9c4  B_IIC_Waitack                 
0000ec96  B_Single_Write_ADXL345        
0000f218  Buffer_Init                   
0000f21e  C$$EXIT                       
00000059  CACTL1                        
0000005a  CACTL2                        
000010fb  CALBC1_12MHZ                  
000010f9  CALBC1_16MHZ                  
000010ff  CALBC1_1MHZ                   
000010fd  CALBC1_8MHZ                   
000010fa  CALDCO_12MHZ                  
000010f8  CALDCO_16MHZ                  
000010fe  CALDCO_1MHZ                   
000010fc  CALDCO_8MHZ                   
0000005b  CAPD                          
0000e2da  Command_Handler               
00000250  Command_Help                  
00000056  DCOCTL                        
0000f318  END_CODE                      
00000252  FCS_Help                      
00000128  FCTL1                         
0000012a  FCTL2                         
0000012c  FCTL3                         
00000246  FeatureCode                   
00000000  IE1                           
00000001  IE2                           
00000002  IFG1                          
00000003  IFG2                          
0000ecca  IIC_Ack                       
0000ef2a  IIC_Init                      
0000edca  IIC_Nack                      
0000e870  IIC_Readbyte                  
0000e976  IIC_Sendbyte                  
0000ec26  IIC_Start                     
0000ec5e  IIC_Stop                      
0000e924  IIC_Waitack                   
0000e434  Init_ADXL345                  
00000254  LEN_Help                      
0000f310  MISSION_FINISH_0_1            
0000e228  Multiple_read_ADXL345         
0000f2e8  ONLY_A                        
0000f300  OUTER_READY                   
0000f2f0  OUTER_READY_2                 
00000022  P1DIR                         
00000025  P1IE                          
00000024  P1IES                         
00000023  P1IFG                         
00000020  P1IN                          
00000021  P1OUT                         
00000027  P1REN                         
00000026  P1SEL                         
00000041  P1SEL2                        
0000002a  P2DIR                         
0000002d  P2IE                          
0000002c  P2IES                         
0000002b  P2IFG                         
00000028  P2IN                          
00000029  P2OUT                         
0000002f  P2REN                         
0000002e  P2SEL                         
00000042  P2SEL2                        
0000001a  P3DIR                         
00000018  P3IN                          
00000019  P3OUT                         
00000010  P3REN                         
0000001b  P3SEL                         
00000043  P3SEL2                        
00000228  RT_Info                       
0000f31a  START_CODE                    
0000f306  STEP_BACK                     
0000f314  STEP_FINISH_0_1               
0000dda6  Send_Angle_A                  
0000deb8  Send_Angle_B                  
0000eae6  Send_FeatureCode              
0000ecfe  Single_Write_ADXL345          
0000f056  StateMachine                  
0000f1b0  StateMachine_Init             
0000f12a  System_Clock                  
00000172  TA0CCR0                       
00000174  TA0CCR1                       
00000176  TA0CCR2                       
00000162  TA0CCTL0                      
00000164  TA0CCTL1                      
00000166  TA0CCTL2                      
00000160  TA0CTL                        
0000012e  TA0IV                         
00000170  TA0R                          
00000192  TA1CCR0                       
00000194  TA1CCR1                       
00000196  TA1CCR2                       
00000182  TA1CCTL0                      
00000184  TA1CCTL1                      
00000186  TA1CCTL2                      
00000180  TA1CTL                        
0000011e  TA1IV                         
00000190  TA1R                          
000010db  TLV_ADC10_1_LEN               
000010da  TLV_ADC10_1_TAG               
000010c0  TLV_CHECKSUM                  
000010f7  TLV_DCO_30_LEN                
000010f6  TLV_DCO_30_TAG                
0000f2f8  TOTAL_A_B                     
0000e8ca  Timer_A1_ISR                  
0000ed32  UART_Init                     
0000005d  UCA0ABCTL                     
00000062  UCA0BR0                       
00000063  UCA0BR1                       
00000060  UCA0CTL0                      
00000061  UCA0CTL1                      
0000005f  UCA0IRRCTL                    
0000005e  UCA0IRTCTL                    
00000064  UCA0MCTL                      
00000066  UCA0RXBUF                     
00000065  UCA0STAT                      
00000067  UCA0TXBUF                     
0000006a  UCB0BR0                       
0000006b  UCB0BR1                       
00000068  UCB0CTL0                      
00000069  UCB0CTL1                      
0000006c  UCB0I2CIE                     
00000118  UCB0I2COA                     
0000011a  UCB0I2CSA                     
0000006e  UCB0RXBUF                     
0000006d  UCB0STAT                      
0000006f  UCB0TXBUF                     
0000e6c6  USCI0RX_ISR                   
00000120  WDTCTL                        
00000400  __STACK_END                   
00000050  __STACK_SIZE                  
0000f33a  __TI_CINIT_Base               
0000f342  __TI_CINIT_Limit              
0000f330  __TI_Handler_Table_Base       
0000f336  __TI_Handler_Table_Limit      
0000f210  __TI_ISR_TRAP                 
0000eb28  __TI_auto_init_nobinit_nopinit
0000e55a  __TI_decompress_lzss          
0000f13c  __TI_decompress_none          
0000d7dc  __TI_frcaddd                  
0000c4b8  __TI_frcdivd                  
0000d2e8  __TI_frcmpyd                  
0000ffe0  __TI_int00                    
0000ffe4  __TI_int02                    
0000ffe6  __TI_int03                    
0000ffea  __TI_int05                    
0000ffec  __TI_int06                    
0000ffee  __TI_int07                    
0000fff0  __TI_int08                    
0000fff2  __TI_int09                    
0000fff4  __TI_int10                    
0000fff6  __TI_int11                    
0000fff8  __TI_int12                    
0000fffa  __TI_int13                    
0000fffc  __TI_int14                    
ffffffff  __TI_pprof_out_hndl           
ffffffff  __TI_prof_data_size           
ffffffff  __TI_prof_data_start          
0000e16a  __TI_renormd                  
0000f0ee  __TI_zero_init_nomemset       
ffffffff  __c_args__                    
0000ccf6  __mspabi_addd                 
0000dc7a  __mspabi_addf                 
0000dfca  __mspabi_cmpd                 
0000e4ce  __mspabi_cvtdf                
0000e73a  __mspabi_cvtfd                
0000da3c  __mspabi_divd                 
0000ee56  __mspabi_divi                 
0000f0d8  __mspabi_divu                 
0000e7ac  __mspabi_fixfi                
0000f1da  __mspabi_fltid                
0000e388  __mspabi_fltlid               
0000f19e  __mspabi_func_epilog_1        
0000f19c  __mspabi_func_epilog_2        
0000f19a  __mspabi_func_epilog_3        
0000f198  __mspabi_func_epilog_4        
0000f196  __mspabi_func_epilog_5        
0000f194  __mspabi_func_epilog_6        
0000f192  __mspabi_func_epilog_7        
0000d56e  __mspabi_mpyd                 
0000e0a6  __mspabi_mpyf                 
0000f116  __mspabi_mpyi                 
0000f116  __mspabi_mpyi_sw              
0000efc2  __mspabi_mpyl                 
0000efc2  __mspabi_mpyl_sw              
0000eeae  __mspabi_negd                 
0000ee56  __mspabi_remi                 
0000f0d8  __mspabi_remu                 
0000ee82  __mspabi_slli                 
0000eeaa  __mspabi_slli_1               
0000ee98  __mspabi_slli_10              
0000ee96  __mspabi_slli_11              
0000ee94  __mspabi_slli_12              
0000ee92  __mspabi_slli_13              
0000ee90  __mspabi_slli_14              
0000ee8e  __mspabi_slli_15              
0000eea8  __mspabi_slli_2               
0000eea6  __mspabi_slli_3               
0000eea4  __mspabi_slli_4               
0000eea2  __mspabi_slli_5               
0000eea0  __mspabi_slli_6               
0000ee9e  __mspabi_slli_7               
0000ee9c  __mspabi_slli_8               
0000ee9a  __mspabi_slli_9               
0000f182  __mspabi_slll                 
0000ec20  __mspabi_slll_1               
0000ebfc  __mspabi_slll_10              
0000ebf8  __mspabi_slll_11              
0000ebf4  __mspabi_slll_12              
0000ebf0  __mspabi_slll_13              
0000ebec  __mspabi_slll_14              
0000ebe8  __mspabi_slll_15              
0000ec1c  __mspabi_slll_2               
0000ec18  __mspabi_slll_3               
0000ec14  __mspabi_slll_4               
0000ec10  __mspabi_slll_5               
0000ec0c  __mspabi_slll_6               
0000ec08  __mspabi_slll_7               
0000ec04  __mspabi_slll_8               
0000ec00  __mspabi_slll_9               
0000ee2a  __mspabi_srai                 
0000ee52  __mspabi_srai_1               
0000ee40  __mspabi_srai_10              
0000ee3e  __mspabi_srai_11              
0000ee3c  __mspabi_srai_12              
0000ee3a  __mspabi_srai_13              
0000ee38  __mspabi_srai_14              
0000ee36  __mspabi_srai_15              
0000ee50  __mspabi_srai_2               
0000ee4e  __mspabi_srai_3               
0000ee4c  __mspabi_srai_4               
0000ee4a  __mspabi_srai_5               
0000ee48  __mspabi_srai_6               
0000ee46  __mspabi_srai_7               
0000ee44  __mspabi_srai_8               
0000ee42  __mspabi_srai_9               
0000f172  __mspabi_sral                 
0000ebe2  __mspabi_sral_1               
0000ebbe  __mspabi_sral_10              
0000ebba  __mspabi_sral_11              
0000ebb6  __mspabi_sral_12              
0000ebb2  __mspabi_sral_13              
0000ebae  __mspabi_sral_14              
0000ebaa  __mspabi_sral_15              
0000ebde  __mspabi_sral_2               
0000ebda  __mspabi_sral_3               
0000ebd6  __mspabi_sral_4               
0000ebd2  __mspabi_sral_5               
0000ebce  __mspabi_sral_6               
0000ebca  __mspabi_sral_7               
0000ebc6  __mspabi_sral_8               
0000ebc2  __mspabi_sral_9               
0000ea10  __mspabi_srli                 
0000ea56  __mspabi_srli_1               
0000ea32  __mspabi_srli_10              
0000ea2e  __mspabi_srli_11              
0000ea2a  __mspabi_srli_12              
0000ea26  __mspabi_srli_13              
0000ea22  __mspabi_srli_14              
0000ea1e  __mspabi_srli_15              
0000ea52  __mspabi_srli_2               
0000ea4e  __mspabi_srli_3               
0000ea4a  __mspabi_srli_4               
0000ea46  __mspabi_srli_5               
0000ea42  __mspabi_srli_6               
0000ea3e  __mspabi_srli_7               
0000ea3a  __mspabi_srli_8               
0000ea36  __mspabi_srli_9               
0000f14e  __mspabi_srll                 
0000e868  __mspabi_srll_1               
0000e832  __mspabi_srll_10              
0000e82c  __mspabi_srll_11              
0000e826  __mspabi_srll_12              
0000e820  __mspabi_srll_13              
0000e81a  __mspabi_srll_14              
0000e814  __mspabi_srll_15              
0000e862  __mspabi_srll_2               
0000e85c  __mspabi_srll_3               
0000e856  __mspabi_srll_4               
0000e850  __mspabi_srll_5               
0000e84a  __mspabi_srll_6               
0000e844  __mspabi_srll_7               
0000e83e  __mspabi_srll_8               
0000e838  __mspabi_srll_9               
0000edfc  __mspabi_subd                 
0000dc74  __mspabi_subf                 
0000f072  _c_int00_noargs               
0000fffe  _reset_vector                 
000003b0  _stack                        
0000f234  _system_post_cinit            
0000f230  _system_pre_init              
0000f21e  abort                         
0000c000  atan                          
0000c000  atanl                         
00000200  buffer                        
0000025a  buffer_index                  
00000258  errno                         
0000ef50  get_mean                      
0000e5d6  get_raw_value                 
0000f206  init_beep                     
0000f1be  init_led                      
0000ef76  long_beep                     
0000ef9c  long_short_beep               
0000eed8  main                          
0000c930  make_angle                    
0000e650  make_g_float                  
0000f034  memcmp                        
0000f160  memcpy                        
0000f102  memset                        
0000f224  off_beep                      
0000f22a  on_beep                       
0000f1e6  putchar                       
0000f0a8  putstr                        
00000244  rxBuffer                      
00000240  send_flag                     
0000efe8  short_beep                    
0000cff0  sqrt                          
0000cff0  sqrtl                         
0000f08e  strcat                        
0000f0c0  strcmp                        
0000f1cc  strlen                        
0000f00e  two_short_beep                
00000242  work_flag                     


GLOBAL SYMBOLS: SORTED BY Symbol Address 

address   name                          
-------   ----                          
00000000  IE1                           
00000001  IE2                           
00000002  IFG1                          
00000003  IFG2                          
00000010  P3REN                         
00000018  P3IN                          
00000019  P3OUT                         
0000001a  P3DIR                         
0000001b  P3SEL                         
00000020  P1IN                          
00000021  P1OUT                         
00000022  P1DIR                         
00000023  P1IFG                         
00000024  P1IES                         
00000025  P1IE                          
00000026  P1SEL                         
00000027  P1REN                         
00000028  P2IN                          
00000029  P2OUT                         
0000002a  P2DIR                         
0000002b  P2IFG                         
0000002c  P2IES                         
0000002d  P2IE                          
0000002e  P2SEL                         
0000002f  P2REN                         
00000041  P1SEL2                        
00000042  P2SEL2                        
00000043  P3SEL2                        
00000048  ADC10DTC0                     
00000049  ADC10DTC1                     
0000004a  ADC10AE0                      
00000050  __STACK_SIZE                  
00000053  BCSCTL3                       
00000056  DCOCTL                        
00000057  BCSCTL1                       
00000058  BCSCTL2                       
00000059  CACTL1                        
0000005a  CACTL2                        
0000005b  CAPD                          
0000005d  UCA0ABCTL                     
0000005e  UCA0IRTCTL                    
0000005f  UCA0IRRCTL                    
00000060  UCA0CTL0                      
00000061  UCA0CTL1                      
00000062  UCA0BR0                       
00000063  UCA0BR1                       
00000064  UCA0MCTL                      
00000065  UCA0STAT                      
00000066  UCA0RXBUF                     
00000067  UCA0TXBUF                     
00000068  UCB0CTL0                      
00000069  UCB0CTL1                      
0000006a  UCB0BR0                       
0000006b  UCB0BR1                       
0000006c  UCB0I2CIE                     
0000006d  UCB0STAT                      
0000006e  UCB0RXBUF                     
0000006f  UCB0TXBUF                     
00000118  UCB0I2COA                     
0000011a  UCB0I2CSA                     
0000011e  TA1IV                         
00000120  WDTCTL                        
00000128  FCTL1                         
0000012a  FCTL2                         
0000012c  FCTL3                         
0000012e  TA0IV                         
00000160  TA0CTL                        
00000162  TA0CCTL0                      
00000164  TA0CCTL1                      
00000166  TA0CCTL2                      
00000170  TA0R                          
00000172  TA0CCR0                       
00000174  TA0CCR1                       
00000176  TA0CCR2                       
00000180  TA1CTL                        
00000182  TA1CCTL0                      
00000184  TA1CCTL1                      
00000186  TA1CCTL2                      
00000190  TA1R                          
00000192  TA1CCR0                       
00000194  TA1CCR1                       
00000196  TA1CCR2                       
000001b0  ADC10CTL0                     
000001b2  ADC10CTL1                     
000001b4  ADC10MEM                      
000001bc  ADC10SA                       
00000200  buffer                        
00000228  RT_Info                       
00000240  send_flag                     
00000242  work_flag                     
00000244  rxBuffer                      
00000246  FeatureCode                   
00000250  Command_Help                  
00000252  FCS_Help                      
00000254  LEN_Help                      
00000258  errno                         
0000025a  buffer_index                  
000003b0  _stack                        
00000400  __STACK_END                   
000010c0  TLV_CHECKSUM                  
000010da  TLV_ADC10_1_TAG               
000010db  TLV_ADC10_1_LEN               
000010f6  TLV_DCO_30_TAG                
000010f7  TLV_DCO_30_LEN                
000010f8  CALDCO_16MHZ                  
000010f9  CALBC1_16MHZ                  
000010fa  CALDCO_12MHZ                  
000010fb  CALBC1_12MHZ                  
000010fc  CALDCO_8MHZ                   
000010fd  CALBC1_8MHZ                   
000010fe  CALDCO_1MHZ                   
000010ff  CALBC1_1MHZ                   
0000c000  atan                          
0000c000  atanl                         
0000c4b8  __TI_frcdivd                  
0000c930  make_angle                    
0000ccf6  __mspabi_addd                 
0000cff0  sqrt                          
0000cff0  sqrtl                         
0000d2e8  __TI_frcmpyd                  
0000d56e  __mspabi_mpyd                 
0000d7dc  __TI_frcaddd                  
0000da3c  __mspabi_divd                 
0000dc74  __mspabi_subf                 
0000dc7a  __mspabi_addf                 
0000dda6  Send_Angle_A                  
0000deb8  Send_Angle_B                  
0000dfca  __mspabi_cmpd                 
0000e0a6  __mspabi_mpyf                 
0000e16a  __TI_renormd                  
0000e228  Multiple_read_ADXL345         
0000e2da  Command_Handler               
0000e388  __mspabi_fltlid               
0000e434  Init_ADXL345                  
0000e4ce  __mspabi_cvtdf                
0000e55a  __TI_decompress_lzss          
0000e5d6  get_raw_value                 
0000e650  make_g_float                  
0000e6c6  USCI0RX_ISR                   
0000e73a  __mspabi_cvtfd                
0000e7ac  __mspabi_fixfi                
0000e814  __mspabi_srll_15              
0000e81a  __mspabi_srll_14              
0000e820  __mspabi_srll_13              
0000e826  __mspabi_srll_12              
0000e82c  __mspabi_srll_11              
0000e832  __mspabi_srll_10              
0000e838  __mspabi_srll_9               
0000e83e  __mspabi_srll_8               
0000e844  __mspabi_srll_7               
0000e84a  __mspabi_srll_6               
0000e850  __mspabi_srll_5               
0000e856  __mspabi_srll_4               
0000e85c  __mspabi_srll_3               
0000e862  __mspabi_srll_2               
0000e868  __mspabi_srll_1               
0000e870  IIC_Readbyte                  
0000e8ca  Timer_A1_ISR                  
0000e924  IIC_Waitack                   
0000e976  IIC_Sendbyte                  
0000e9c4  B_IIC_Waitack                 
0000ea10  __mspabi_srli                 
0000ea1e  __mspabi_srli_15              
0000ea22  __mspabi_srli_14              
0000ea26  __mspabi_srli_13              
0000ea2a  __mspabi_srli_12              
0000ea2e  __mspabi_srli_11              
0000ea32  __mspabi_srli_10              
0000ea36  __mspabi_srli_9               
0000ea3a  __mspabi_srli_8               
0000ea3e  __mspabi_srli_7               
0000ea42  __mspabi_srli_6               
0000ea46  __mspabi_srli_5               
0000ea4a  __mspabi_srli_4               
0000ea4e  __mspabi_srli_3               
0000ea52  __mspabi_srli_2               
0000ea56  __mspabi_srli_1               
0000ea5c  B_IIC_Sendbyte                
0000eaa4  Add_FCS                       
0000eae6  Send_FeatureCode              
0000eb28  __TI_auto_init_nobinit_nopinit
0000eb6a  Add_LengthAndData_Angle       
0000ebaa  __mspabi_sral_15              
0000ebae  __mspabi_sral_14              
0000ebb2  __mspabi_sral_13              
0000ebb6  __mspabi_sral_12              
0000ebba  __mspabi_sral_11              
0000ebbe  __mspabi_sral_10              
0000ebc2  __mspabi_sral_9               
0000ebc6  __mspabi_sral_8               
0000ebca  __mspabi_sral_7               
0000ebce  __mspabi_sral_6               
0000ebd2  __mspabi_sral_5               
0000ebd6  __mspabi_sral_4               
0000ebda  __mspabi_sral_3               
0000ebde  __mspabi_sral_2               
0000ebe2  __mspabi_sral_1               
0000ebe8  __mspabi_slll_15              
0000ebec  __mspabi_slll_14              
0000ebf0  __mspabi_slll_13              
0000ebf4  __mspabi_slll_12              
0000ebf8  __mspabi_slll_11              
0000ebfc  __mspabi_slll_10              
0000ec00  __mspabi_slll_9               
0000ec04  __mspabi_slll_8               
0000ec08  __mspabi_slll_7               
0000ec0c  __mspabi_slll_6               
0000ec10  __mspabi_slll_5               
0000ec14  __mspabi_slll_4               
0000ec18  __mspabi_slll_3               
0000ec1c  __mspabi_slll_2               
0000ec20  __mspabi_slll_1               
0000ec26  IIC_Start                     
0000ec5e  IIC_Stop                      
0000ec96  B_Single_Write_ADXL345        
0000ecca  IIC_Ack                       
0000ecfe  Single_Write_ADXL345          
0000ed32  UART_Init                     
0000ed66  B_IIC_Start                   
0000ed98  B_IIC_Stop                    
0000edca  IIC_Nack                      
0000edfc  __mspabi_subd                 
0000ee2a  __mspabi_srai                 
0000ee36  __mspabi_srai_15              
0000ee38  __mspabi_srai_14              
0000ee3a  __mspabi_srai_13              
0000ee3c  __mspabi_srai_12              
0000ee3e  __mspabi_srai_11              
0000ee40  __mspabi_srai_10              
0000ee42  __mspabi_srai_9               
0000ee44  __mspabi_srai_8               
0000ee46  __mspabi_srai_7               
0000ee48  __mspabi_srai_6               
0000ee4a  __mspabi_srai_5               
0000ee4c  __mspabi_srai_4               
0000ee4e  __mspabi_srai_3               
0000ee50  __mspabi_srai_2               
0000ee52  __mspabi_srai_1               
0000ee56  __mspabi_divi                 
0000ee56  __mspabi_remi                 
0000ee82  __mspabi_slli                 
0000ee8e  __mspabi_slli_15              
0000ee90  __mspabi_slli_14              
0000ee92  __mspabi_slli_13              
0000ee94  __mspabi_slli_12              
0000ee96  __mspabi_slli_11              
0000ee98  __mspabi_slli_10              
0000ee9a  __mspabi_slli_9               
0000ee9c  __mspabi_slli_8               
0000ee9e  __mspabi_slli_7               
0000eea0  __mspabi_slli_6               
0000eea2  __mspabi_slli_5               
0000eea4  __mspabi_slli_4               
0000eea6  __mspabi_slli_3               
0000eea8  __mspabi_slli_2               
0000eeaa  __mspabi_slli_1               
0000eeae  __mspabi_negd                 
0000eed8  main                          
0000ef02  Add_LengthAndData             
0000ef2a  IIC_Init                      
0000ef50  get_mean                      
0000ef76  long_beep                     
0000ef9c  long_short_beep               
0000efc2  __mspabi_mpyl                 
0000efc2  __mspabi_mpyl_sw              
0000efe8  short_beep                    
0000f00e  two_short_beep                
0000f034  memcmp                        
0000f056  StateMachine                  
0000f072  _c_int00_noargs               
0000f08e  strcat                        
0000f0a8  putstr                        
0000f0c0  strcmp                        
0000f0d8  __mspabi_divu                 
0000f0d8  __mspabi_remu                 
0000f0ee  __TI_zero_init_nomemset       
0000f102  memset                        
0000f116  __mspabi_mpyi                 
0000f116  __mspabi_mpyi_sw              
0000f12a  System_Clock                  
0000f13c  __TI_decompress_none          
0000f14e  __mspabi_srll                 
0000f160  memcpy                        
0000f172  __mspabi_sral                 
0000f182  __mspabi_slll                 
0000f192  __mspabi_func_epilog_7        
0000f194  __mspabi_func_epilog_6        
0000f196  __mspabi_func_epilog_5        
0000f198  __mspabi_func_epilog_4        
0000f19a  __mspabi_func_epilog_3        
0000f19c  __mspabi_func_epilog_2        
0000f19e  __mspabi_func_epilog_1        
0000f1a2  Add_CommandCode               
0000f1b0  StateMachine_Init             
0000f1be  init_led                      
0000f1cc  strlen                        
0000f1da  __mspabi_fltid                
0000f1e6  putchar                       
0000f1f2  Add_EndCode                   
0000f1fc  Add_StartCode                 
0000f206  init_beep                     
0000f210  __TI_ISR_TRAP                 
0000f218  Buffer_Init                   
0000f21e  C$$EXIT                       
0000f21e  abort                         
0000f224  off_beep                      
0000f22a  on_beep                       
0000f230  _system_pre_init              
0000f234  _system_post_cinit            
0000f2e8  ONLY_A                        
0000f2f0  OUTER_READY_2                 
0000f2f8  TOTAL_A_B                     
0000f300  OUTER_READY                   
0000f306  STEP_BACK                     
0000f310  MISSION_FINISH_0_1            
0000f314  STEP_FINISH_0_1               
0000f318  END_CODE                      
0000f31a  START_CODE                    
0000f330  __TI_Handler_Table_Base       
0000f336  __TI_Handler_Table_Limit      
0000f33a  __TI_CINIT_Base               
0000f342  __TI_CINIT_Limit              
0000ffe0  __TI_int00                    
0000ffe4  __TI_int02                    
0000ffe6  __TI_int03                    
0000ffea  __TI_int05                    
0000ffec  __TI_int06                    
0000ffee  __TI_int07                    
0000fff0  __TI_int08                    
0000fff2  __TI_int09                    
0000fff4  __TI_int10                    
0000fff6  __TI_int11                    
0000fff8  __TI_int12                    
0000fffa  __TI_int13                    
0000fffc  __TI_int14                    
0000fffe  _reset_vector                 
ffffffff  __TI_pprof_out_hndl           
ffffffff  __TI_prof_data_size           
ffffffff  __TI_prof_data_start          
ffffffff  __c_args__                    

[340 symbols]
