<?xml version="1.0" encoding="ISO-8859-1" ?>
<link_info>
   <banner>MSP430 Linker PC v18.1.3.LTS</banner>
   <copyright>Copyright (c) 2003-2017 Texas Instruments Incorporated</copyright>
   <link_time>0x5f252e7d</link_time>
   <link_errors>0x0</link_errors>
   <output_file>Measure.out</output_file>
   <entry_point>
      <name>_c_int00_noargs</name>
      <address>0xeda2</address>
   </entry_point>
   <input_file_list>
      <input_file id="fl-2">
         <path>.\</path>
         <kind>object</kind>
         <file>IIC.obj</file>
         <name>IIC.obj</name>
      </input_file>
      <input_file id="fl-3">
         <path>.\</path>
         <kind>object</kind>
         <file>Uart.obj</file>
         <name>Uart.obj</name>
      </input_file>
      <input_file id="fl-4">
         <path>.\</path>
         <kind>object</kind>
         <file>adxl345.obj</file>
         <name>adxl345.obj</name>
      </input_file>
      <input_file id="fl-5">
         <path>.\</path>
         <kind>object</kind>
         <file>beep.obj</file>
         <name>beep.obj</name>
      </input_file>
      <input_file id="fl-6">
         <path>.\</path>
         <kind>object</kind>
         <file>communicate.obj</file>
         <name>communicate.obj</name>
      </input_file>
      <input_file id="fl-7">
         <path>.\</path>
         <kind>object</kind>
         <file>double2str.obj</file>
         <name>double2str.obj</name>
      </input_file>
      <input_file id="fl-8">
         <path>.\</path>
         <kind>object</kind>
         <file>led.obj</file>
         <name>led.obj</name>
      </input_file>
      <input_file id="fl-9">
         <path>.\</path>
         <kind>object</kind>
         <file>main.obj</file>
         <name>main.obj</name>
      </input_file>
      <input_file id="fl-a">
         <path>.\</path>
         <kind>object</kind>
         <file>measure.obj</file>
         <name>measure.obj</name>
      </input_file>
      <input_file id="fl-b">
         <path>.\</path>
         <kind>object</kind>
         <file>state.obj</file>
         <name>state.obj</name>
      </input_file>
      <input_file id="fl-c">
         <path>.\</path>
         <kind>object</kind>
         <file>uart_self.obj</file>
         <name>uart_self.obj</name>
      </input_file>
      <input_file id="fl-11">
         <kind>object</kind>
         <file>&lt;internal&gt;</file>
         <name>&lt;internal&gt;</name>
      </input_file>
      <input_file id="fl-27">
         <path>D:\ti\ccsv8\tools\compiler\ti-cgt-msp430_18.1.3.LTS\lib\</path>
         <kind>archive</kind>
         <file>rts430_eabi.lib</file>
         <name>e_sqrt.c.obj</name>
      </input_file>
      <input_file id="fl-28">
         <path>D:\ti\ccsv8\tools\compiler\ti-cgt-msp430_18.1.3.LTS\lib\</path>
         <kind>archive</kind>
         <file>rts430_eabi.lib</file>
         <name>s_atan.c.obj</name>
      </input_file>
      <input_file id="fl-29">
         <path>D:\ti\ccsv8\tools\compiler\ti-cgt-msp430_18.1.3.LTS\lib\</path>
         <kind>archive</kind>
         <file>rts430_eabi.lib</file>
         <name>asr16.asm.obj</name>
      </input_file>
      <input_file id="fl-2a">
         <path>D:\ti\ccsv8\tools\compiler\ti-cgt-msp430_18.1.3.LTS\lib\</path>
         <kind>archive</kind>
         <file>rts430_eabi.lib</file>
         <name>div16s.asm.obj</name>
      </input_file>
      <input_file id="fl-2b">
         <path>D:\ti\ccsv8\tools\compiler\ti-cgt-msp430_18.1.3.LTS\lib\</path>
         <kind>archive</kind>
         <file>rts430_eabi.lib</file>
         <name>div16u.asm.obj</name>
      </input_file>
      <input_file id="fl-2c">
         <path>D:\ti\ccsv8\tools\compiler\ti-cgt-msp430_18.1.3.LTS\lib\</path>
         <kind>archive</kind>
         <file>rts430_eabi.lib</file>
         <name>epilog.asm.obj</name>
      </input_file>
      <input_file id="fl-2d">
         <path>D:\ti\ccsv8\tools\compiler\ti-cgt-msp430_18.1.3.LTS\lib\</path>
         <kind>archive</kind>
         <file>rts430_eabi.lib</file>
         <name>fs_add.asm.obj</name>
      </input_file>
      <input_file id="fl-2e">
         <path>D:\ti\ccsv8\tools\compiler\ti-cgt-msp430_18.1.3.LTS\lib\</path>
         <kind>archive</kind>
         <file>rts430_eabi.lib</file>
         <name>fs_mpy.asm.obj</name>
      </input_file>
      <input_file id="fl-2f">
         <path>D:\ti\ccsv8\tools\compiler\ti-cgt-msp430_18.1.3.LTS\lib\</path>
         <kind>archive</kind>
         <file>rts430_eabi.lib</file>
         <name>int00.asm.obj</name>
      </input_file>
      <input_file id="fl-30">
         <path>D:\ti\ccsv8\tools\compiler\ti-cgt-msp430_18.1.3.LTS\lib\</path>
         <kind>archive</kind>
         <file>rts430_eabi.lib</file>
         <name>int02.asm.obj</name>
      </input_file>
      <input_file id="fl-31">
         <path>D:\ti\ccsv8\tools\compiler\ti-cgt-msp430_18.1.3.LTS\lib\</path>
         <kind>archive</kind>
         <file>rts430_eabi.lib</file>
         <name>int03.asm.obj</name>
      </input_file>
      <input_file id="fl-32">
         <path>D:\ti\ccsv8\tools\compiler\ti-cgt-msp430_18.1.3.LTS\lib\</path>
         <kind>archive</kind>
         <file>rts430_eabi.lib</file>
         <name>int05.asm.obj</name>
      </input_file>
      <input_file id="fl-33">
         <path>D:\ti\ccsv8\tools\compiler\ti-cgt-msp430_18.1.3.LTS\lib\</path>
         <kind>archive</kind>
         <file>rts430_eabi.lib</file>
         <name>int06.asm.obj</name>
      </input_file>
      <input_file id="fl-34">
         <path>D:\ti\ccsv8\tools\compiler\ti-cgt-msp430_18.1.3.LTS\lib\</path>
         <kind>archive</kind>
         <file>rts430_eabi.lib</file>
         <name>int09.asm.obj</name>
      </input_file>
      <input_file id="fl-35">
         <path>D:\ti\ccsv8\tools\compiler\ti-cgt-msp430_18.1.3.LTS\lib\</path>
         <kind>archive</kind>
         <file>rts430_eabi.lib</file>
         <name>int10.asm.obj</name>
      </input_file>
      <input_file id="fl-36">
         <path>D:\ti\ccsv8\tools\compiler\ti-cgt-msp430_18.1.3.LTS\lib\</path>
         <kind>archive</kind>
         <file>rts430_eabi.lib</file>
         <name>int11.asm.obj</name>
      </input_file>
      <input_file id="fl-37">
         <path>D:\ti\ccsv8\tools\compiler\ti-cgt-msp430_18.1.3.LTS\lib\</path>
         <kind>archive</kind>
         <file>rts430_eabi.lib</file>
         <name>int12.asm.obj</name>
      </input_file>
      <input_file id="fl-38">
         <path>D:\ti\ccsv8\tools\compiler\ti-cgt-msp430_18.1.3.LTS\lib\</path>
         <kind>archive</kind>
         <file>rts430_eabi.lib</file>
         <name>int13.asm.obj</name>
      </input_file>
      <input_file id="fl-39">
         <path>D:\ti\ccsv8\tools\compiler\ti-cgt-msp430_18.1.3.LTS\lib\</path>
         <kind>archive</kind>
         <file>rts430_eabi.lib</file>
         <name>int14.asm.obj</name>
      </input_file>
      <input_file id="fl-3a">
         <path>D:\ti\ccsv8\tools\compiler\ti-cgt-msp430_18.1.3.LTS\lib\</path>
         <kind>archive</kind>
         <file>rts430_eabi.lib</file>
         <name>isr_trap.asm.obj</name>
      </input_file>
      <input_file id="fl-3b">
         <path>D:\ti\ccsv8\tools\compiler\ti-cgt-msp430_18.1.3.LTS\lib\</path>
         <kind>archive</kind>
         <file>rts430_eabi.lib</file>
         <name>lsl16.asm.obj</name>
      </input_file>
      <input_file id="fl-3c">
         <path>D:\ti\ccsv8\tools\compiler\ti-cgt-msp430_18.1.3.LTS\lib\</path>
         <kind>archive</kind>
         <file>rts430_eabi.lib</file>
         <name>lsl32.asm.obj</name>
      </input_file>
      <input_file id="fl-3d">
         <path>D:\ti\ccsv8\tools\compiler\ti-cgt-msp430_18.1.3.LTS\lib\</path>
         <kind>archive</kind>
         <file>rts430_eabi.lib</file>
         <name>lsr16.asm.obj</name>
      </input_file>
      <input_file id="fl-3e">
         <path>D:\ti\ccsv8\tools\compiler\ti-cgt-msp430_18.1.3.LTS\lib\</path>
         <kind>archive</kind>
         <file>rts430_eabi.lib</file>
         <name>lsr32.asm.obj</name>
      </input_file>
      <input_file id="fl-3f">
         <path>D:\ti\ccsv8\tools\compiler\ti-cgt-msp430_18.1.3.LTS\lib\</path>
         <kind>archive</kind>
         <file>rts430_eabi.lib</file>
         <name>boot.c.obj</name>
      </input_file>
      <input_file id="fl-40">
         <path>D:\ti\ccsv8\tools\compiler\ti-cgt-msp430_18.1.3.LTS\lib\</path>
         <kind>archive</kind>
         <file>rts430_eabi.lib</file>
         <name>autoinit.c.obj</name>
      </input_file>
      <input_file id="fl-41">
         <path>D:\ti\ccsv8\tools\compiler\ti-cgt-msp430_18.1.3.LTS\lib\</path>
         <kind>archive</kind>
         <file>rts430_eabi.lib</file>
         <name>copy_zero_init.c.obj</name>
      </input_file>
      <input_file id="fl-42">
         <path>D:\ti\ccsv8\tools\compiler\ti-cgt-msp430_18.1.3.LTS\lib\</path>
         <kind>archive</kind>
         <file>rts430_eabi.lib</file>
         <name>cpy_tbl.c.obj</name>
      </input_file>
      <input_file id="fl-43">
         <path>D:\ti\ccsv8\tools\compiler\ti-cgt-msp430_18.1.3.LTS\lib\</path>
         <kind>archive</kind>
         <file>rts430_eabi.lib</file>
         <name>mpu_init.c.obj</name>
      </input_file>
      <input_file id="fl-44">
         <path>D:\ti\ccsv8\tools\compiler\ti-cgt-msp430_18.1.3.LTS\lib\</path>
         <kind>archive</kind>
         <file>rts430_eabi.lib</file>
         <name>lsr64.c.obj</name>
      </input_file>
      <input_file id="fl-45">
         <path>D:\ti\ccsv8\tools\compiler\ti-cgt-msp430_18.1.3.LTS\lib\</path>
         <kind>archive</kind>
         <file>rts430_eabi.lib</file>
         <name>pre_init.c.obj</name>
      </input_file>
      <input_file id="fl-46">
         <path>D:\ti\ccsv8\tools\compiler\ti-cgt-msp430_18.1.3.LTS\lib\</path>
         <kind>archive</kind>
         <file>rts430_eabi.lib</file>
         <name>startup.c.obj</name>
      </input_file>
      <input_file id="fl-47">
         <path>D:\ti\ccsv8\tools\compiler\ti-cgt-msp430_18.1.3.LTS\lib\</path>
         <kind>archive</kind>
         <file>rts430_eabi.lib</file>
         <name>copy_decompress_none.c.obj</name>
      </input_file>
      <input_file id="fl-48">
         <path>D:\ti\ccsv8\tools\compiler\ti-cgt-msp430_18.1.3.LTS\lib\</path>
         <kind>archive</kind>
         <file>rts430_eabi.lib</file>
         <name>copy_decompress_lzss.c.obj</name>
      </input_file>
      <input_file id="fl-49">
         <path>D:\ti\ccsv8\tools\compiler\ti-cgt-msp430_18.1.3.LTS\lib\</path>
         <kind>archive</kind>
         <file>rts430_eabi.lib</file>
         <name>cvtdf.c.obj</name>
      </input_file>
      <input_file id="fl-4a">
         <path>D:\ti\ccsv8\tools\compiler\ti-cgt-msp430_18.1.3.LTS\lib\</path>
         <kind>archive</kind>
         <file>rts430_eabi.lib</file>
         <name>addd.c.obj</name>
      </input_file>
      <input_file id="fl-4b">
         <path>D:\ti\ccsv8\tools\compiler\ti-cgt-msp430_18.1.3.LTS\lib\</path>
         <kind>archive</kind>
         <file>rts430_eabi.lib</file>
         <name>cmpd.c.obj</name>
      </input_file>
      <input_file id="fl-4c">
         <path>D:\ti\ccsv8\tools\compiler\ti-cgt-msp430_18.1.3.LTS\lib\</path>
         <kind>archive</kind>
         <file>rts430_eabi.lib</file>
         <name>cvtfd.c.obj</name>
      </input_file>
      <input_file id="fl-4d">
         <path>D:\ti\ccsv8\tools\compiler\ti-cgt-msp430_18.1.3.LTS\lib\</path>
         <kind>archive</kind>
         <file>rts430_eabi.lib</file>
         <name>divd.c.obj</name>
      </input_file>
      <input_file id="fl-4e">
         <path>D:\ti\ccsv8\tools\compiler\ti-cgt-msp430_18.1.3.LTS\lib\</path>
         <kind>archive</kind>
         <file>rts430_eabi.lib</file>
         <name>fixdi.c.obj</name>
      </input_file>
      <input_file id="fl-4f">
         <path>D:\ti\ccsv8\tools\compiler\ti-cgt-msp430_18.1.3.LTS\lib\</path>
         <kind>archive</kind>
         <file>rts430_eabi.lib</file>
         <name>fixdli.c.obj</name>
      </input_file>
      <input_file id="fl-50">
         <path>D:\ti\ccsv8\tools\compiler\ti-cgt-msp430_18.1.3.LTS\lib\</path>
         <kind>archive</kind>
         <file>rts430_eabi.lib</file>
         <name>fltid.c.obj</name>
      </input_file>
      <input_file id="fl-51">
         <path>D:\ti\ccsv8\tools\compiler\ti-cgt-msp430_18.1.3.LTS\lib\</path>
         <kind>archive</kind>
         <file>rts430_eabi.lib</file>
         <name>fltlid.c.obj</name>
      </input_file>
      <input_file id="fl-52">
         <path>D:\ti\ccsv8\tools\compiler\ti-cgt-msp430_18.1.3.LTS\lib\</path>
         <kind>archive</kind>
         <file>rts430_eabi.lib</file>
         <name>frcaddd.c.obj</name>
      </input_file>
      <input_file id="fl-53">
         <path>D:\ti\ccsv8\tools\compiler\ti-cgt-msp430_18.1.3.LTS\lib\</path>
         <kind>archive</kind>
         <file>rts430_eabi.lib</file>
         <name>frcdivd.c.obj</name>
      </input_file>
      <input_file id="fl-54">
         <path>D:\ti\ccsv8\tools\compiler\ti-cgt-msp430_18.1.3.LTS\lib\</path>
         <kind>archive</kind>
         <file>rts430_eabi.lib</file>
         <name>mpyd.c.obj</name>
      </input_file>
      <input_file id="fl-55">
         <path>D:\ti\ccsv8\tools\compiler\ti-cgt-msp430_18.1.3.LTS\lib\</path>
         <kind>archive</kind>
         <file>rts430_eabi.lib</file>
         <name>negd.c.obj</name>
      </input_file>
      <input_file id="fl-56">
         <path>D:\ti\ccsv8\tools\compiler\ti-cgt-msp430_18.1.3.LTS\lib\</path>
         <kind>archive</kind>
         <file>rts430_eabi.lib</file>
         <name>renormd.c.obj</name>
      </input_file>
      <input_file id="fl-57">
         <path>D:\ti\ccsv8\tools\compiler\ti-cgt-msp430_18.1.3.LTS\lib\</path>
         <kind>archive</kind>
         <file>rts430_eabi.lib</file>
         <name>subd.c.obj</name>
      </input_file>
      <input_file id="fl-58">
         <path>D:\ti\ccsv8\tools\compiler\ti-cgt-msp430_18.1.3.LTS\lib\</path>
         <kind>archive</kind>
         <file>rts430_eabi.lib</file>
         <name>errno.c.obj</name>
      </input_file>
      <input_file id="fl-59">
         <path>D:\ti\ccsv8\tools\compiler\ti-cgt-msp430_18.1.3.LTS\lib\</path>
         <kind>archive</kind>
         <file>rts430_eabi.lib</file>
         <name>exit.c.obj</name>
      </input_file>
      <input_file id="fl-5a">
         <path>D:\ti\ccsv8\tools\compiler\ti-cgt-msp430_18.1.3.LTS\lib\</path>
         <kind>archive</kind>
         <file>rts430_eabi.lib</file>
         <name>_lock.c.obj</name>
      </input_file>
      <input_file id="fl-5b">
         <path>D:\ti\ccsv8\tools\compiler\ti-cgt-msp430_18.1.3.LTS\lib\</path>
         <kind>archive</kind>
         <file>rts430_eabi.lib</file>
         <name>args_main.c.obj</name>
      </input_file>
      <input_file id="fl-5c">
         <path>D:\ti\ccsv8\tools\compiler\ti-cgt-msp430_18.1.3.LTS\lib\</path>
         <kind>archive</kind>
         <file>rts430_eabi.lib</file>
         <name>memcpy.c.obj</name>
      </input_file>
      <input_file id="fl-5d">
         <path>D:\ti\ccsv8\tools\compiler\ti-cgt-msp430_18.1.3.LTS\lib\</path>
         <kind>archive</kind>
         <file>rts430_eabi.lib</file>
         <name>memset.c.obj</name>
      </input_file>
      <input_file id="fl-5e">
         <path>D:\ti\ccsv8\tools\compiler\ti-cgt-msp430_18.1.3.LTS\lib\</path>
         <kind>archive</kind>
         <file>rts430_eabi.lib</file>
         <name>strcat.c.obj</name>
      </input_file>
      <input_file id="fl-5f">
         <path>D:\ti\ccsv8\tools\compiler\ti-cgt-msp430_18.1.3.LTS\lib\</path>
         <kind>archive</kind>
         <file>rts430_eabi.lib</file>
         <name>strcmp.c.obj</name>
      </input_file>
      <input_file id="fl-60">
         <path>D:\ti\ccsv8\tools\compiler\ti-cgt-msp430_18.1.3.LTS\lib\</path>
         <kind>archive</kind>
         <file>rts430_eabi.lib</file>
         <name>strlen.c.obj</name>
      </input_file>
      <input_file id="fl-61">
         <path>D:\ti\ccsv8\tools\compiler\ti-cgt-msp430_18.1.3.LTS\lib\</path>
         <kind>archive</kind>
         <file>rts430_eabi.lib</file>
         <name>asr32.asm.obj</name>
      </input_file>
      <input_file id="fl-62">
         <path>D:\ti\ccsv8\tools\compiler\ti-cgt-msp430_18.1.3.LTS\lib\</path>
         <kind>archive</kind>
         <file>rts430_eabi.lib</file>
         <name>mult16.asm.obj</name>
      </input_file>
      <input_file id="fl-63">
         <path>D:\ti\ccsv8\tools\compiler\ti-cgt-msp430_18.1.3.LTS\lib\</path>
         <kind>archive</kind>
         <file>rts430_eabi.lib</file>
         <name>mult32.asm.obj</name>
      </input_file>
      <input_file id="fl-64">
         <path>D:\ti\ccsv8\tools\compiler\ti-cgt-msp430_18.1.3.LTS\lib\</path>
         <kind>archive</kind>
         <file>rts430_eabi.lib</file>
         <name>exit_gvars.c.obj</name>
      </input_file>
      <input_file id="fl-65">
         <path>D:\ti\ccsv8\tools\compiler\ti-cgt-msp430_18.1.3.LTS\lib\</path>
         <kind>archive</kind>
         <file>rts430_eabi.lib</file>
         <name>frcmpyd.c.obj</name>
      </input_file>
   </input_file_list>
   <object_component_list>
      <object_component id="oc-15e">
         <name>.common:rxBuffer</name>
         <uninitialized>true</uninitialized>
         <run_address>0x244</run_address>
         <size>0x1</size>
      </object_component>
      <object_component id="oc-3dd">
         <name>.common:RT_Info</name>
         <uninitialized>true</uninitialized>
         <run_address>0x228</run_address>
         <size>0x18</size>
      </object_component>
      <object_component id="oc-146">
         <name>.common:buffer</name>
         <uninitialized>true</uninitialized>
         <run_address>0x200</run_address>
         <size>0x28</size>
      </object_component>
      <object_component id="oc-1cc">
         <name>.common:work_flag</name>
         <uninitialized>true</uninitialized>
         <run_address>0x242</run_address>
         <size>0x2</size>
      </object_component>
      <object_component id="oc-1d3">
         <name>.common:send_flag</name>
         <uninitialized>true</uninitialized>
         <run_address>0x240</run_address>
         <size>0x2</size>
      </object_component>
      <object_component id="oc-15d">
         <name>.data</name>
         <load_address>0x256</load_address>
         <run_address>0x256</run_address>
         <size>0x2</size>
         <input_file_ref idref="fl-3"/>
      </object_component>
      <object_component id="oc-287">
         <name>.data:FeatureCode</name>
         <load_address>0x246</load_address>
         <run_address>0x246</run_address>
         <size>0xa</size>
         <input_file_ref idref="fl-6"/>
      </object_component>
      <object_component id="oc-306">
         <name>.data:Command_Help</name>
         <load_address>0x250</load_address>
         <run_address>0x250</run_address>
         <size>0x2</size>
         <input_file_ref idref="fl-6"/>
      </object_component>
      <object_component id="oc-31b">
         <name>.data:FCS_Help</name>
         <load_address>0x252</load_address>
         <run_address>0x252</run_address>
         <size>0x2</size>
         <input_file_ref idref="fl-6"/>
      </object_component>
      <object_component id="oc-312">
         <name>.data:LEN_Help</name>
         <load_address>0x254</load_address>
         <run_address>0x254</run_address>
         <size>0x2</size>
         <input_file_ref idref="fl-6"/>
      </object_component>
      <object_component id="oc-143">
         <name>.data</name>
         <load_address>0x25a</load_address>
         <run_address>0x25a</run_address>
         <size>0x2</size>
         <input_file_ref idref="fl-b"/>
      </object_component>
      <object_component id="oc-41a">
         <name>.data</name>
         <load_address>0x258</load_address>
         <run_address>0x258</run_address>
         <size>0x2</size>
         <input_file_ref idref="fl-58"/>
      </object_component>
      <object_component id="oc-b1">
         <name>.stack</name>
         <uninitialized>true</uninitialized>
         <run_address>0x3b0</run_address>
         <size>0x2</size>
         <input_file_ref idref="fl-3f"/>
      </object_component>
      <object_component id="oc-534">
         <name>.stack</name>
         <uninitialized>true</uninitialized>
         <run_address>0x3b0</run_address>
         <size>0x0</size>
      </object_component>
      <object_component id="oc-3cb">
         <name>.text:atan</name>
         <load_address>0xc000</load_address>
         <run_address>0xc000</run_address>
         <size>0x4b8</size>
         <input_file_ref idref="fl-28"/>
      </object_component>
      <object_component id="oc-433">
         <name>.text:__TI_frcdivd</name>
         <load_address>0xc4b8</load_address>
         <run_address>0xc4b8</run_address>
         <size>0x478</size>
         <input_file_ref idref="fl-53"/>
      </object_component>
      <object_component id="oc-356">
         <name>.text:make_angle</name>
         <load_address>0xc930</load_address>
         <run_address>0xc930</run_address>
         <size>0x3c6</size>
         <input_file_ref idref="fl-a"/>
      </object_component>
      <object_component id="oc-414">
         <name>.text:__mspabi_addd</name>
         <load_address>0xccf6</load_address>
         <run_address>0xccf6</run_address>
         <size>0x2fa</size>
         <input_file_ref idref="fl-4a"/>
      </object_component>
      <object_component id="oc-3bf">
         <name>.text:sqrt</name>
         <load_address>0xcff0</load_address>
         <run_address>0xcff0</run_address>
         <size>0x2f8</size>
         <input_file_ref idref="fl-27"/>
      </object_component>
      <object_component id="oc-45c">
         <name>.text:__TI_frcmpyd</name>
         <load_address>0xd2e8</load_address>
         <run_address>0xd2e8</run_address>
         <size>0x286</size>
         <input_file_ref idref="fl-65"/>
      </object_component>
      <object_component id="oc-3d1">
         <name>.text:__mspabi_mpyd</name>
         <load_address>0xd56e</load_address>
         <run_address>0xd56e</run_address>
         <size>0x26e</size>
         <input_file_ref idref="fl-54"/>
      </object_component>
      <object_component id="oc-48a">
         <name>.text:__TI_frcaddd</name>
         <load_address>0xd7dc</load_address>
         <run_address>0xd7dc</run_address>
         <size>0x260</size>
         <input_file_ref idref="fl-52"/>
      </object_component>
      <object_component id="oc-3c5">
         <name>.text:__mspabi_divd</name>
         <load_address>0xda3c</load_address>
         <run_address>0xda3c</run_address>
         <size>0x238</size>
         <input_file_ref idref="fl-4d"/>
      </object_component>
      <object_component id="oc-3b4">
         <name>.text</name>
         <load_address>0xdc74</load_address>
         <run_address>0xdc74</run_address>
         <size>0x132</size>
         <input_file_ref idref="fl-2d"/>
      </object_component>
      <object_component id="oc-452">
         <name>.text:__mspabi_cmpd</name>
         <load_address>0xdda6</load_address>
         <run_address>0xdda6</run_address>
         <size>0xdc</size>
         <input_file_ref idref="fl-4b"/>
      </object_component>
      <object_component id="oc-3af">
         <name>.text</name>
         <load_address>0xde82</load_address>
         <run_address>0xde82</run_address>
         <size>0xc4</size>
         <input_file_ref idref="fl-2e"/>
      </object_component>
      <object_component id="oc-156">
         <name>.text:Command_Handler</name>
         <load_address>0xdf46</load_address>
         <run_address>0xdf46</run_address>
         <size>0xc2</size>
         <input_file_ref idref="fl-b"/>
      </object_component>
      <object_component id="oc-4d4">
         <name>.text:__TI_renormd</name>
         <load_address>0xe008</load_address>
         <run_address>0xe008</run_address>
         <size>0xbe</size>
         <input_file_ref idref="fl-56"/>
      </object_component>
      <object_component id="oc-3f2">
         <name>.text:Multiple_read_ADXL345</name>
         <load_address>0xe0c6</load_address>
         <run_address>0xe0c6</run_address>
         <size>0xb2</size>
         <input_file_ref idref="fl-4"/>
      </object_component>
      <object_component id="oc-480">
         <name>.text:__mspabi_fltlid</name>
         <load_address>0xe178</load_address>
         <run_address>0xe178</run_address>
         <size>0xac</size>
         <input_file_ref idref="fl-51"/>
      </object_component>
      <object_component id="oc-1ec">
         <name>.text:Init_ADXL345</name>
         <load_address>0xe224</load_address>
         <run_address>0xe224</run_address>
         <size>0x9a</size>
         <input_file_ref idref="fl-4"/>
      </object_component>
      <object_component id="oc-3d7">
         <name>.text:__mspabi_cvtdf</name>
         <load_address>0xe2be</load_address>
         <run_address>0xe2be</run_address>
         <size>0x8c</size>
         <input_file_ref idref="fl-49"/>
      </object_component>
      <object_component id="oc-34">
         <name>.text:decompress:lzss:__TI_decompress_lzss</name>
         <load_address>0xe34a</load_address>
         <run_address>0xe34a</run_address>
         <size>0x7c</size>
         <input_file_ref idref="fl-48"/>
      </object_component>
      <object_component id="oc-3a3">
         <name>.text:get_raw_value</name>
         <load_address>0xe3c6</load_address>
         <run_address>0xe3c6</run_address>
         <size>0x7a</size>
         <input_file_ref idref="fl-a"/>
      </object_component>
      <object_component id="oc-3a9">
         <name>.text:make_g_float</name>
         <load_address>0xe440</load_address>
         <run_address>0xe440</run_address>
         <size>0x76</size>
         <input_file_ref idref="fl-a"/>
      </object_component>
      <object_component id="oc-e1">
         <name>.text:USCI0RX_ISR</name>
         <load_address>0xe4b6</load_address>
         <run_address>0xe4b6</run_address>
         <size>0x74</size>
         <input_file_ref idref="fl-b"/>
      </object_component>
      <object_component id="oc-3b9">
         <name>.text:__mspabi_cvtfd</name>
         <load_address>0xe52a</load_address>
         <run_address>0xe52a</run_address>
         <size>0x72</size>
         <input_file_ref idref="fl-4c"/>
      </object_component>
      <object_component id="oc-41d">
         <name>.text:l_lsr_const</name>
         <load_address>0xe59c</load_address>
         <run_address>0xe59c</run_address>
         <size>0x5c</size>
         <input_file_ref idref="fl-3e"/>
      </object_component>
      <object_component id="oc-472">
         <name>.text:IIC_Readbyte</name>
         <load_address>0xe5f8</load_address>
         <run_address>0xe5f8</run_address>
         <size>0x5a</size>
         <input_file_ref idref="fl-2"/>
      </object_component>
      <object_component id="oc-e7">
         <name>.text:Timer_A1_ISR</name>
         <load_address>0xe652</load_address>
         <run_address>0xe652</run_address>
         <size>0x5a</size>
         <input_file_ref idref="fl-3"/>
      </object_component>
      <object_component id="oc-32f">
         <name>.text:IIC_Waitack</name>
         <load_address>0xe6ac</load_address>
         <run_address>0xe6ac</run_address>
         <size>0x52</size>
         <input_file_ref idref="fl-2"/>
      </object_component>
      <object_component id="oc-329">
         <name>.text:IIC_Sendbyte</name>
         <load_address>0xe6fe</load_address>
         <run_address>0xe6fe</run_address>
         <size>0x4e</size>
         <input_file_ref idref="fl-2"/>
      </object_component>
      <object_component id="oc-348">
         <name>.text:B_IIC_Waitack</name>
         <load_address>0xe74c</load_address>
         <run_address>0xe74c</run_address>
         <size>0x4c</size>
         <input_file_ref idref="fl-2"/>
      </object_component>
      <object_component id="oc-ba">
         <name>.text</name>
         <load_address>0xe798</load_address>
         <run_address>0xe798</run_address>
         <size>0x4c</size>
         <input_file_ref idref="fl-3d"/>
      </object_component>
      <object_component id="oc-342">
         <name>.text:B_IIC_Sendbyte</name>
         <load_address>0xe7e4</load_address>
         <run_address>0xe7e4</run_address>
         <size>0x48</size>
         <input_file_ref idref="fl-2"/>
      </object_component>
      <object_component id="oc-1d4">
         <name>.text:Send_FeatureCode</name>
         <load_address>0xe82c</load_address>
         <run_address>0xe82c</run_address>
         <size>0x42</size>
         <input_file_ref idref="fl-6"/>
      </object_component>
      <object_component id="oc-21d">
         <name>.text:__TI_auto_init_nobinit_nopinit:__TI_auto_init_nobinit_nopinit</name>
         <load_address>0xe86e</load_address>
         <run_address>0xe86e</run_address>
         <size>0x42</size>
         <input_file_ref idref="fl-40"/>
      </object_component>
      <object_component id="oc-408">
         <name>.text:l_asr_const</name>
         <load_address>0xe8b0</load_address>
         <run_address>0xe8b0</run_address>
         <size>0x3e</size>
         <input_file_ref idref="fl-61"/>
      </object_component>
      <object_component id="oc-464">
         <name>.text:l_lsl_const</name>
         <load_address>0xe8ee</load_address>
         <run_address>0xe8ee</run_address>
         <size>0x3e</size>
         <input_file_ref idref="fl-3c"/>
      </object_component>
      <object_component id="oc-323">
         <name>.text:IIC_Start</name>
         <load_address>0xe92c</load_address>
         <run_address>0xe92c</run_address>
         <size>0x38</size>
         <input_file_ref idref="fl-2"/>
      </object_component>
      <object_component id="oc-335">
         <name>.text:IIC_Stop</name>
         <load_address>0xe964</load_address>
         <run_address>0xe964</run_address>
         <size>0x38</size>
         <input_file_ref idref="fl-2"/>
      </object_component>
      <object_component id="oc-290">
         <name>.text:Add_FCS</name>
         <load_address>0xe99c</load_address>
         <run_address>0xe99c</run_address>
         <size>0x34</size>
         <input_file_ref idref="fl-6"/>
      </object_component>
      <object_component id="oc-2a5">
         <name>.text:B_Single_Write_ADXL345</name>
         <load_address>0xe9d0</load_address>
         <run_address>0xe9d0</run_address>
         <size>0x34</size>
         <input_file_ref idref="fl-4"/>
      </object_component>
      <object_component id="oc-4be">
         <name>.text:IIC_Ack</name>
         <load_address>0xea04</load_address>
         <run_address>0xea04</run_address>
         <size>0x34</size>
         <input_file_ref idref="fl-2"/>
      </object_component>
      <object_component id="oc-29f">
         <name>.text:Single_Write_ADXL345</name>
         <load_address>0xea38</load_address>
         <run_address>0xea38</run_address>
         <size>0x34</size>
         <input_file_ref idref="fl-4"/>
      </object_component>
      <object_component id="oc-1fe">
         <name>.text:UART_Init</name>
         <load_address>0xea6c</load_address>
         <run_address>0xea6c</run_address>
         <size>0x34</size>
         <input_file_ref idref="fl-c"/>
      </object_component>
      <object_component id="oc-33c">
         <name>.text:B_IIC_Start</name>
         <load_address>0xeaa0</load_address>
         <run_address>0xeaa0</run_address>
         <size>0x32</size>
         <input_file_ref idref="fl-2"/>
      </object_component>
      <object_component id="oc-34e">
         <name>.text:B_IIC_Stop</name>
         <load_address>0xead2</load_address>
         <run_address>0xead2</run_address>
         <size>0x32</size>
         <input_file_ref idref="fl-2"/>
      </object_component>
      <object_component id="oc-4b8">
         <name>.text:IIC_Nack</name>
         <load_address>0xeb04</load_address>
         <run_address>0xeb04</run_address>
         <size>0x32</size>
         <input_file_ref idref="fl-2"/>
      </object_component>
      <object_component id="oc-2b6">
         <name>.text:Send_Angle_A</name>
         <load_address>0xeb36</load_address>
         <run_address>0xeb36</run_address>
         <size>0x32</size>
         <input_file_ref idref="fl-6"/>
      </object_component>
      <object_component id="oc-2bc">
         <name>.text:Send_Angle_B</name>
         <load_address>0xeb68</load_address>
         <run_address>0xeb68</run_address>
         <size>0x32</size>
         <input_file_ref idref="fl-6"/>
      </object_component>
      <object_component id="oc-44c">
         <name>.text:__mspabi_subd</name>
         <load_address>0xeb9a</load_address>
         <run_address>0xeb9a</run_address>
         <size>0x2e</size>
         <input_file_ref idref="fl-57"/>
      </object_component>
      <object_component id="oc-316">
         <name>.text</name>
         <load_address>0xebc8</load_address>
         <run_address>0xebc8</run_address>
         <size>0x2c</size>
         <input_file_ref idref="fl-29"/>
      </object_component>
      <object_component id="oc-47a">
         <name>.text</name>
         <load_address>0xebf4</load_address>
         <run_address>0xebf4</run_address>
         <size>0x2c</size>
         <input_file_ref idref="fl-2a"/>
      </object_component>
      <object_component id="oc-b5">
         <name>.text</name>
         <load_address>0xec20</load_address>
         <run_address>0xec20</run_address>
         <size>0x2c</size>
         <input_file_ref idref="fl-3b"/>
      </object_component>
      <object_component id="oc-446">
         <name>.text:__mspabi_negd</name>
         <load_address>0xec4c</load_address>
         <run_address>0xec4c</run_address>
         <size>0x2a</size>
         <input_file_ref idref="fl-55"/>
      </object_component>
      <object_component id="oc-170">
         <name>.text:main</name>
         <load_address>0xec76</load_address>
         <run_address>0xec76</run_address>
         <size>0x2a</size>
         <input_file_ref idref="fl-9"/>
      </object_component>
      <object_component id="oc-28a">
         <name>.text:Add_LengthAndData</name>
         <load_address>0xeca0</load_address>
         <run_address>0xeca0</run_address>
         <size>0x28</size>
         <input_file_ref idref="fl-6"/>
      </object_component>
      <object_component id="oc-1e6">
         <name>.text:IIC_Init</name>
         <load_address>0xecc8</load_address>
         <run_address>0xecc8</run_address>
         <size>0x26</size>
         <input_file_ref idref="fl-2"/>
      </object_component>
      <object_component id="oc-3f8">
         <name>.text:get_mean</name>
         <load_address>0xecee</load_address>
         <run_address>0xecee</run_address>
         <size>0x26</size>
         <input_file_ref idref="fl-a"/>
      </object_component>
      <object_component id="oc-1cd">
         <name>.text:long_beep</name>
         <load_address>0xed14</load_address>
         <run_address>0xed14</run_address>
         <size>0x26</size>
         <input_file_ref idref="fl-5"/>
      </object_component>
      <object_component id="oc-49e">
         <name>.text</name>
         <load_address>0xed3a</load_address>
         <run_address>0xed3a</run_address>
         <size>0x26</size>
         <input_file_ref idref="fl-63"/>
      </object_component>
      <object_component id="oc-1c6">
         <name>.text:short_beep</name>
         <load_address>0xed60</load_address>
         <run_address>0xed60</run_address>
         <size>0x26</size>
         <input_file_ref idref="fl-5"/>
      </object_component>
      <object_component id="oc-20a">
         <name>.text:StateMachine</name>
         <load_address>0xed86</load_address>
         <run_address>0xed86</run_address>
         <size>0x1c</size>
         <input_file_ref idref="fl-b"/>
      </object_component>
      <object_component id="oc-ff">
         <name>.text:_c_int00_noargs</name>
         <load_address>0xeda2</load_address>
         <run_address>0xeda2</run_address>
         <size>0x1c</size>
         <input_file_ref idref="fl-3f"/>
      </object_component>
      <object_component id="oc-2ff">
         <name>.text:strcat</name>
         <load_address>0xedbe</load_address>
         <run_address>0xedbe</run_address>
         <size>0x1a</size>
         <input_file_ref idref="fl-5e"/>
      </object_component>
      <object_component id="oc-14a">
         <name>.text:putstr</name>
         <load_address>0xedd8</load_address>
         <run_address>0xedd8</run_address>
         <size>0x18</size>
         <input_file_ref idref="fl-c"/>
      </object_component>
      <object_component id="oc-1ab">
         <name>.text:strcmp</name>
         <load_address>0xedf0</load_address>
         <run_address>0xedf0</run_address>
         <size>0x18</size>
         <input_file_ref idref="fl-5f"/>
      </object_component>
      <object_component id="oc-4c7">
         <name>.text</name>
         <load_address>0xee08</load_address>
         <run_address>0xee08</run_address>
         <size>0x16</size>
         <input_file_ref idref="fl-2b"/>
      </object_component>
      <object_component id="oc-ed">
         <name>.text:decompress:ZI:__TI_zero_init_nomemset:__TI_zero_init_nomemset</name>
         <load_address>0xee1e</load_address>
         <run_address>0xee1e</run_address>
         <size>0x14</size>
         <input_file_ref idref="fl-41"/>
      </object_component>
      <object_component id="oc-150">
         <name>.text:memset</name>
         <load_address>0xee32</load_address>
         <run_address>0xee32</run_address>
         <size>0x14</size>
         <input_file_ref idref="fl-5d"/>
      </object_component>
      <object_component id="oc-380">
         <name>.text</name>
         <load_address>0xee46</load_address>
         <run_address>0xee46</run_address>
         <size>0x14</size>
         <input_file_ref idref="fl-62"/>
      </object_component>
      <object_component id="oc-1e0">
         <name>.text:System_Clock</name>
         <load_address>0xee5a</load_address>
         <run_address>0xee5a</run_address>
         <size>0x12</size>
         <input_file_ref idref="fl-9"/>
      </object_component>
      <object_component id="oc-3a">
         <name>.text:decompress:none:__TI_decompress_none</name>
         <load_address>0xee6c</load_address>
         <run_address>0xee6c</run_address>
         <size>0x12</size>
         <input_file_ref idref="fl-47"/>
      </object_component>
      <object_component id="oc-422">
         <name>.text:l_lsr</name>
         <load_address>0xee7e</load_address>
         <run_address>0xee7e</run_address>
         <size>0x12</size>
         <input_file_ref idref="fl-3e"/>
      </object_component>
      <object_component id="oc-cf">
         <name>.text:memcpy</name>
         <load_address>0xee90</load_address>
         <run_address>0xee90</run_address>
         <size>0x12</size>
         <input_file_ref idref="fl-5c"/>
      </object_component>
      <object_component id="oc-4cf">
         <name>.text:l_asr</name>
         <load_address>0xeea2</load_address>
         <run_address>0xeea2</run_address>
         <size>0x10</size>
         <input_file_ref idref="fl-61"/>
      </object_component>
      <object_component id="oc-427">
         <name>.text:l_lsl</name>
         <load_address>0xeeb2</load_address>
         <run_address>0xeeb2</run_address>
         <size>0x10</size>
         <input_file_ref idref="fl-3c"/>
      </object_component>
      <object_component id="oc-bf">
         <name>.text</name>
         <load_address>0xeec2</load_address>
         <run_address>0xeec2</run_address>
         <size>0x10</size>
         <input_file_ref idref="fl-2c"/>
      </object_component>
      <object_component id="oc-281">
         <name>.text:Add_CommandCode</name>
         <load_address>0xeed2</load_address>
         <run_address>0xeed2</run_address>
         <size>0xe</size>
         <input_file_ref idref="fl-6"/>
      </object_component>
      <object_component id="oc-204">
         <name>.text:StateMachine_Init</name>
         <load_address>0xeee0</load_address>
         <run_address>0xeee0</run_address>
         <size>0xe</size>
         <input_file_ref idref="fl-b"/>
      </object_component>
      <object_component id="oc-1f2">
         <name>.text:init_led</name>
         <load_address>0xeeee</load_address>
         <run_address>0xeeee</run_address>
         <size>0xe</size>
         <input_file_ref idref="fl-8"/>
      </object_component>
      <object_component id="oc-30c">
         <name>.text:strlen</name>
         <load_address>0xeefc</load_address>
         <run_address>0xeefc</run_address>
         <size>0xe</size>
         <input_file_ref idref="fl-60"/>
      </object_component>
      <object_component id="oc-3ff">
         <name>.text:__mspabi_fltid</name>
         <load_address>0xef0a</load_address>
         <run_address>0xef0a</run_address>
         <size>0xc</size>
         <input_file_ref idref="fl-50"/>
      </object_component>
      <object_component id="oc-19e">
         <name>.text:putchar</name>
         <load_address>0xef16</load_address>
         <run_address>0xef16</run_address>
         <size>0xc</size>
         <input_file_ref idref="fl-c"/>
      </object_component>
      <object_component id="oc-296">
         <name>.text:Add_EndCode</name>
         <load_address>0xef22</load_address>
         <run_address>0xef22</run_address>
         <size>0xa</size>
         <input_file_ref idref="fl-6"/>
      </object_component>
      <object_component id="oc-27b">
         <name>.text:Add_StartCode</name>
         <load_address>0xef2c</load_address>
         <run_address>0xef2c</run_address>
         <size>0xa</size>
         <input_file_ref idref="fl-6"/>
      </object_component>
      <object_component id="oc-1f8">
         <name>.text:init_beep</name>
         <load_address>0xef36</load_address>
         <run_address>0xef36</run_address>
         <size>0xa</size>
         <input_file_ref idref="fl-5"/>
      </object_component>
      <object_component id="oc-dc">
         <name>.text:_isr:__TI_ISR_TRAP</name>
         <load_address>0xef40</load_address>
         <run_address>0xef40</run_address>
         <size>0x8</size>
         <input_file_ref idref="fl-3a"/>
      </object_component>
      <object_component id="oc-2af">
         <name>.text:Buffer_Init</name>
         <load_address>0xef48</load_address>
         <run_address>0xef48</run_address>
         <size>0x6</size>
         <input_file_ref idref="fl-b"/>
      </object_component>
      <object_component id="oc-211">
         <name>.text:abort</name>
         <load_address>0xef4e</load_address>
         <run_address>0xef4e</run_address>
         <size>0x6</size>
         <input_file_ref idref="fl-59"/>
      </object_component>
      <object_component id="oc-273">
         <name>.text:off_beep</name>
         <load_address>0xef54</load_address>
         <run_address>0xef54</run_address>
         <size>0x6</size>
         <input_file_ref idref="fl-5"/>
      </object_component>
      <object_component id="oc-26d">
         <name>.text:on_beep</name>
         <load_address>0xef5a</load_address>
         <run_address>0xef5a</run_address>
         <size>0x6</size>
         <input_file_ref idref="fl-5"/>
      </object_component>
      <object_component id="oc-16a">
         <name>.text:_system_pre_init</name>
         <load_address>0xef60</load_address>
         <run_address>0xef60</run_address>
         <size>0x4</size>
         <input_file_ref idref="fl-45"/>
      </object_component>
      <object_component id="oc-2d5">
         <name>.text:_system_post_cinit</name>
         <load_address>0xef64</load_address>
         <run_address>0xef64</run_address>
         <size>0x2</size>
         <input_file_ref idref="fl-46"/>
      </object_component>
      <object_component id="oc-533">
         <name>.cinit..data.load</name>
         <load_address>0xf0aa</load_address>
         <run_address>0xf0aa</run_address>
         <size>0x14</size>
      </object_component>
      <object_component id="oc-530">
         <name>__TI_handler_table</name>
         <load_address>0xf0be</load_address>
         <run_address>0xf0be</run_address>
         <size>0x6</size>
      </object_component>
      <object_component id="oc-532">
         <name>.cinit..bss.load</name>
         <load_address>0xf0c4</load_address>
         <run_address>0xf0c4</run_address>
         <size>0x4</size>
      </object_component>
      <object_component id="oc-531">
         <name>__TI_cinit_table</name>
         <load_address>0xf0c8</load_address>
         <run_address>0xf0c8</run_address>
         <size>0x8</size>
      </object_component>
      <object_component id="oc-458">
         <name>.const:aT</name>
         <load_address>0xef66</load_address>
         <run_address>0xef66</run_address>
         <size>0x58</size>
         <input_file_ref idref="fl-28"/>
      </object_component>
      <object_component id="oc-149">
         <name>.const:.string</name>
         <load_address>0xefbe</load_address>
         <run_address>0xefbe</run_address>
         <size>0x46</size>
         <input_file_ref idref="fl-b"/>
      </object_component>
      <object_component id="oc-35c">
         <name>.const:.string</name>
         <load_address>0xf004</load_address>
         <run_address>0xf004</run_address>
         <size>0x28</size>
         <input_file_ref idref="fl-6"/>
      </object_component>
      <object_component id="oc-440">
         <name>.const:atanhi</name>
         <load_address>0xf02c</load_address>
         <run_address>0xf02c</run_address>
         <size>0x20</size>
         <input_file_ref idref="fl-28"/>
      </object_component>
      <object_component id="oc-443">
         <name>.const:atanlo</name>
         <load_address>0xf04c</load_address>
         <run_address>0xf04c</run_address>
         <size>0x20</size>
         <input_file_ref idref="fl-28"/>
      </object_component>
      <object_component id="oc-1bd">
         <name>.const:.string:MISSION_NEXT</name>
         <load_address>0xf06c</load_address>
         <run_address>0xf06c</run_address>
         <size>0x8</size>
         <input_file_ref idref="fl-b"/>
      </object_component>
      <object_component id="oc-1b4">
         <name>.const:.string:ONLY_A</name>
         <load_address>0xf074</load_address>
         <run_address>0xf074</run_address>
         <size>0x7</size>
         <input_file_ref idref="fl-b"/>
      </object_component>
      <object_component id="oc-1b1">
         <name>.const:.string:OUTER_READY_2</name>
         <load_address>0xf07c</load_address>
         <run_address>0xf07c</run_address>
         <size>0x7</size>
         <input_file_ref idref="fl-b"/>
      </object_component>
      <object_component id="oc-1c3">
         <name>.const:.string:STEP_END</name>
         <load_address>0xf084</load_address>
         <run_address>0xf084</run_address>
         <size>0x7</size>
         <input_file_ref idref="fl-b"/>
      </object_component>
      <object_component id="oc-1b7">
         <name>.const:.string:TOTAL_A_B</name>
         <load_address>0xf08c</load_address>
         <run_address>0xf08c</run_address>
         <size>0x7</size>
         <input_file_ref idref="fl-b"/>
      </object_component>
      <object_component id="oc-1ba">
         <name>.const:.string:MISSION_BACK</name>
         <load_address>0xf094</load_address>
         <run_address>0xf094</run_address>
         <size>0x6</size>
         <input_file_ref idref="fl-b"/>
      </object_component>
      <object_component id="oc-1c0">
         <name>.const:.string:MISSION_END</name>
         <load_address>0xf09a</load_address>
         <run_address>0xf09a</run_address>
         <size>0x6</size>
         <input_file_ref idref="fl-b"/>
      </object_component>
      <object_component id="oc-1a8">
         <name>.const:.string:OUTER_READY</name>
         <load_address>0xf0a0</load_address>
         <run_address>0xf0a0</run_address>
         <size>0x6</size>
         <input_file_ref idref="fl-b"/>
      </object_component>
      <object_component id="oc-31f">
         <name>.const:.string:END_CODE</name>
         <load_address>0xf0a6</load_address>
         <run_address>0xf0a6</run_address>
         <size>0x2</size>
         <input_file_ref idref="fl-6"/>
      </object_component>
      <object_component id="oc-2fc">
         <name>.const:.string:START_CODE</name>
         <load_address>0xf0a8</load_address>
         <run_address>0xf0a8</run_address>
         <size>0x2</size>
         <input_file_ref idref="fl-6"/>
      </object_component>
      <object_component id="oc-4f2">
         <name>.binit</name>
         <load_address>0xc000</load_address>
         <run_address>0xc000</run_address>
         <size>0x0</size>
      </object_component>
      <object_component id="oc-40">
         <name>.int00</name>
         <load_address>0xffe0</load_address>
         <run_address>0xffe0</run_address>
         <size>0x2</size>
         <input_file_ref idref="fl-2f"/>
      </object_component>
      <object_component id="oc-41">
         <name>.int02</name>
         <load_address>0xffe4</load_address>
         <run_address>0xffe4</run_address>
         <size>0x2</size>
         <input_file_ref idref="fl-30"/>
      </object_component>
      <object_component id="oc-42">
         <name>.int03</name>
         <load_address>0xffe6</load_address>
         <run_address>0xffe6</run_address>
         <size>0x2</size>
         <input_file_ref idref="fl-31"/>
      </object_component>
      <object_component id="oc-43">
         <name>.int05</name>
         <load_address>0xffea</load_address>
         <run_address>0xffea</run_address>
         <size>0x2</size>
         <input_file_ref idref="fl-32"/>
      </object_component>
      <object_component id="oc-44">
         <name>.int06</name>
         <load_address>0xffec</load_address>
         <run_address>0xffec</run_address>
         <size>0x2</size>
         <input_file_ref idref="fl-33"/>
      </object_component>
      <object_component id="oc-45">
         <name>.int07</name>
         <load_address>0xffee</load_address>
         <run_address>0xffee</run_address>
         <size>0x2</size>
         <input_file_ref idref="fl-b"/>
      </object_component>
      <object_component id="oc-46">
         <name>.int08</name>
         <load_address>0xfff0</load_address>
         <run_address>0xfff0</run_address>
         <size>0x2</size>
         <input_file_ref idref="fl-3"/>
      </object_component>
      <object_component id="oc-47">
         <name>.int09</name>
         <load_address>0xfff2</load_address>
         <run_address>0xfff2</run_address>
         <size>0x2</size>
         <input_file_ref idref="fl-34"/>
      </object_component>
      <object_component id="oc-48">
         <name>.int10</name>
         <load_address>0xfff4</load_address>
         <run_address>0xfff4</run_address>
         <size>0x2</size>
         <input_file_ref idref="fl-35"/>
      </object_component>
      <object_component id="oc-49">
         <name>.int11</name>
         <load_address>0xfff6</load_address>
         <run_address>0xfff6</run_address>
         <size>0x2</size>
         <input_file_ref idref="fl-36"/>
      </object_component>
      <object_component id="oc-4a">
         <name>.int12</name>
         <load_address>0xfff8</load_address>
         <run_address>0xfff8</run_address>
         <size>0x2</size>
         <input_file_ref idref="fl-37"/>
      </object_component>
      <object_component id="oc-4b">
         <name>.int13</name>
         <load_address>0xfffa</load_address>
         <run_address>0xfffa</run_address>
         <size>0x2</size>
         <input_file_ref idref="fl-38"/>
      </object_component>
      <object_component id="oc-4c">
         <name>.int14</name>
         <load_address>0xfffc</load_address>
         <run_address>0xfffc</run_address>
         <size>0x2</size>
         <input_file_ref idref="fl-39"/>
      </object_component>
      <object_component id="oc-b4">
         <name>.reset</name>
         <load_address>0xfffe</load_address>
         <run_address>0xfffe</run_address>
         <size>0x2</size>
         <input_file_ref idref="fl-3f"/>
      </object_component>
      <object_component id="oc-336">
         <name>.debug_info</name>
         <load_address>0x0</load_address>
         <run_address>0x0</run_address>
         <size>0xfa</size>
         <input_file_ref idref="fl-2"/>
      </object_component>
      <object_component id="oc-330">
         <name>.debug_info</name>
         <load_address>0xfa</load_address>
         <run_address>0xfa</run_address>
         <size>0x136</size>
         <input_file_ref idref="fl-2"/>
      </object_component>
      <object_component id="oc-324">
         <name>.debug_info</name>
         <load_address>0x230</load_address>
         <run_address>0x230</run_address>
         <size>0xfc</size>
         <input_file_ref idref="fl-2"/>
      </object_component>
      <object_component id="oc-32b">
         <name>.debug_info</name>
         <load_address>0x32c</load_address>
         <run_address>0x32c</run_address>
         <size>0x14d</size>
         <input_file_ref idref="fl-2"/>
      </object_component>
      <object_component id="oc-4b9">
         <name>.debug_info</name>
         <load_address>0x479</load_address>
         <run_address>0x479</run_address>
         <size>0xfa</size>
         <input_file_ref idref="fl-2"/>
      </object_component>
      <object_component id="oc-4c0">
         <name>.debug_info</name>
         <load_address>0x573</load_address>
         <run_address>0x573</run_address>
         <size>0xf8</size>
         <input_file_ref idref="fl-2"/>
      </object_component>
      <object_component id="oc-473">
         <name>.debug_info</name>
         <load_address>0x66b</load_address>
         <run_address>0x66b</run_address>
         <size>0x189</size>
         <input_file_ref idref="fl-2"/>
      </object_component>
      <object_component id="oc-1e7">
         <name>.debug_info</name>
         <load_address>0x7f4</load_address>
         <run_address>0x7f4</run_address>
         <size>0xfa</size>
         <input_file_ref idref="fl-2"/>
      </object_component>
      <object_component id="oc-34f">
         <name>.debug_info</name>
         <load_address>0x8ee</load_address>
         <run_address>0x8ee</run_address>
         <size>0xfe</size>
         <input_file_ref idref="fl-2"/>
      </object_component>
      <object_component id="oc-34a">
         <name>.debug_info</name>
         <load_address>0x9ec</load_address>
         <run_address>0x9ec</run_address>
         <size>0x13c</size>
         <input_file_ref idref="fl-2"/>
      </object_component>
      <object_component id="oc-33e">
         <name>.debug_info</name>
         <load_address>0xb28</load_address>
         <run_address>0xb28</run_address>
         <size>0x100</size>
         <input_file_ref idref="fl-2"/>
      </object_component>
      <object_component id="oc-343">
         <name>.debug_info</name>
         <load_address>0xc28</load_address>
         <run_address>0xc28</run_address>
         <size>0x152</size>
         <input_file_ref idref="fl-2"/>
      </object_component>
      <object_component id="oc-ca">
         <name>.debug_info</name>
         <load_address>0xd7a</load_address>
         <run_address>0xd7a</run_address>
         <size>0x84</size>
         <input_file_ref idref="fl-2"/>
      </object_component>
      <object_component id="oc-15f">
         <name>.debug_info</name>
         <load_address>0xdfe</load_address>
         <run_address>0xdfe</run_address>
         <size>0x2ca</size>
         <input_file_ref idref="fl-3"/>
      </object_component>
      <object_component id="oc-e8">
         <name>.debug_info</name>
         <load_address>0x10c8</load_address>
         <run_address>0x10c8</run_address>
         <size>0x140</size>
         <input_file_ref idref="fl-3"/>
      </object_component>
      <object_component id="oc-479">
         <name>.debug_info</name>
         <load_address>0x1208</load_address>
         <run_address>0x1208</run_address>
         <size>0x2a7</size>
         <input_file_ref idref="fl-4"/>
      </object_component>
      <object_component id="oc-2a0">
         <name>.debug_info</name>
         <load_address>0x14af</load_address>
         <run_address>0x14af</run_address>
         <size>0x21c</size>
         <input_file_ref idref="fl-4"/>
      </object_component>
      <object_component id="oc-3f3">
         <name>.debug_info</name>
         <load_address>0x16cb</load_address>
         <run_address>0x16cb</run_address>
         <size>0x282</size>
         <input_file_ref idref="fl-4"/>
      </object_component>
      <object_component id="oc-2a6">
         <name>.debug_info</name>
         <load_address>0x194d</load_address>
         <run_address>0x194d</run_address>
         <size>0x230</size>
         <input_file_ref idref="fl-4"/>
      </object_component>
      <object_component id="oc-1ed">
         <name>.debug_info</name>
         <load_address>0x1b7d</load_address>
         <run_address>0x1b7d</run_address>
         <size>0x296</size>
         <input_file_ref idref="fl-4"/>
      </object_component>
      <object_component id="oc-270">
         <name>.debug_info</name>
         <load_address>0x1e13</load_address>
         <run_address>0x1e13</run_address>
         <size>0xfb</size>
         <input_file_ref idref="fl-5"/>
      </object_component>
      <object_component id="oc-276">
         <name>.debug_info</name>
         <load_address>0x1f0e</load_address>
         <run_address>0x1f0e</run_address>
         <size>0xfd</size>
         <input_file_ref idref="fl-5"/>
      </object_component>
      <object_component id="oc-1d0">
         <name>.debug_info</name>
         <load_address>0x200b</load_address>
         <run_address>0x200b</run_address>
         <size>0x11c</size>
         <input_file_ref idref="fl-5"/>
      </object_component>
      <object_component id="oc-1c9">
         <name>.debug_info</name>
         <load_address>0x2127</load_address>
         <run_address>0x2127</run_address>
         <size>0x11e</size>
         <input_file_ref idref="fl-5"/>
      </object_component>
      <object_component id="oc-1fb">
         <name>.debug_info</name>
         <load_address>0x2245</load_address>
         <run_address>0x2245</run_address>
         <size>0xff</size>
         <input_file_ref idref="fl-5"/>
      </object_component>
      <object_component id="oc-255">
         <name>.debug_info</name>
         <load_address>0x2344</load_address>
         <run_address>0x2344</run_address>
         <size>0x24d</size>
         <input_file_ref idref="fl-6"/>
      </object_component>
      <object_component id="oc-288">
         <name>.debug_info</name>
         <load_address>0x2591</load_address>
         <run_address>0x2591</run_address>
         <size>0xe0</size>
         <input_file_ref idref="fl-6"/>
      </object_component>
      <object_component id="oc-2fd">
         <name>.debug_info</name>
         <load_address>0x2671</load_address>
         <run_address>0x2671</run_address>
         <size>0xde</size>
         <input_file_ref idref="fl-6"/>
      </object_component>
      <object_component id="oc-320">
         <name>.debug_info</name>
         <load_address>0x274f</load_address>
         <run_address>0x274f</run_address>
         <size>0xda</size>
         <input_file_ref idref="fl-6"/>
      </object_component>
      <object_component id="oc-307">
         <name>.debug_info</name>
         <load_address>0x2829</load_address>
         <run_address>0x2829</run_address>
         <size>0xe2</size>
         <input_file_ref idref="fl-6"/>
      </object_component>
      <object_component id="oc-31c">
         <name>.debug_info</name>
         <load_address>0x290b</load_address>
         <run_address>0x290b</run_address>
         <size>0xda</size>
         <input_file_ref idref="fl-6"/>
      </object_component>
      <object_component id="oc-313">
         <name>.debug_info</name>
         <load_address>0x29e5</load_address>
         <run_address>0x29e5</run_address>
         <size>0xda</size>
         <input_file_ref idref="fl-6"/>
      </object_component>
      <object_component id="oc-27c">
         <name>.debug_info</name>
         <load_address>0x2abf</load_address>
         <run_address>0x2abf</run_address>
         <size>0x138</size>
         <input_file_ref idref="fl-6"/>
      </object_component>
      <object_component id="oc-282">
         <name>.debug_info</name>
         <load_address>0x2bf7</load_address>
         <run_address>0x2bf7</run_address>
         <size>0x17a</size>
         <input_file_ref idref="fl-6"/>
      </object_component>
      <object_component id="oc-28b">
         <name>.debug_info</name>
         <load_address>0x2d71</load_address>
         <run_address>0x2d71</run_address>
         <size>0x1a0</size>
         <input_file_ref idref="fl-6"/>
      </object_component>
      <object_component id="oc-291">
         <name>.debug_info</name>
         <load_address>0x2f11</load_address>
         <run_address>0x2f11</run_address>
         <size>0x173</size>
         <input_file_ref idref="fl-6"/>
      </object_component>
      <object_component id="oc-297">
         <name>.debug_info</name>
         <load_address>0x3084</load_address>
         <run_address>0x3084</run_address>
         <size>0x134</size>
         <input_file_ref idref="fl-6"/>
      </object_component>
      <object_component id="oc-1d5">
         <name>.debug_info</name>
         <load_address>0x31b8</load_address>
         <run_address>0x31b8</run_address>
         <size>0x1ae</size>
         <input_file_ref idref="fl-6"/>
      </object_component>
      <object_component id="oc-2bd">
         <name>.debug_info</name>
         <load_address>0x3366</load_address>
         <run_address>0x3366</run_address>
         <size>0x17f</size>
         <input_file_ref idref="fl-6"/>
      </object_component>
      <object_component id="oc-2b7">
         <name>.debug_info</name>
         <load_address>0x34e5</load_address>
         <run_address>0x34e5</run_address>
         <size>0x17f</size>
         <input_file_ref idref="fl-6"/>
      </object_component>
      <object_component id="oc-199">
         <name>.debug_info</name>
         <load_address>0x3664</load_address>
         <run_address>0x3664</run_address>
         <size>0x26b</size>
         <input_file_ref idref="fl-6"/>
      </object_component>
      <object_component id="oc-46d">
         <name>.debug_info</name>
         <load_address>0x38cf</load_address>
         <run_address>0x38cf</run_address>
         <size>0xae</size>
         <input_file_ref idref="fl-6"/>
      </object_component>
      <object_component id="oc-250">
         <name>.debug_info</name>
         <load_address>0x397d</load_address>
         <run_address>0x397d</run_address>
         <size>0x275</size>
         <input_file_ref idref="fl-6"/>
      </object_component>
      <object_component id="oc-136">
         <name>.debug_info</name>
         <load_address>0x3bf2</load_address>
         <run_address>0x3bf2</run_address>
         <size>0x2c</size>
         <input_file_ref idref="fl-6"/>
      </object_component>
      <object_component id="oc-1f3">
         <name>.debug_info</name>
         <load_address>0x3c1e</load_address>
         <run_address>0x3c1e</run_address>
         <size>0xfa</size>
         <input_file_ref idref="fl-8"/>
      </object_component>
      <object_component id="oc-1e1">
         <name>.debug_info</name>
         <load_address>0x3d18</load_address>
         <run_address>0x3d18</run_address>
         <size>0x105</size>
         <input_file_ref idref="fl-9"/>
      </object_component>
      <object_component id="oc-171">
         <name>.debug_info</name>
         <load_address>0x3e1d</load_address>
         <run_address>0x3e1d</run_address>
         <size>0x182</size>
         <input_file_ref idref="fl-9"/>
      </object_component>
      <object_component id="oc-3de">
         <name>.debug_info</name>
         <load_address>0x3f9f</load_address>
         <run_address>0x3f9f</run_address>
         <size>0x287</size>
         <input_file_ref idref="fl-a"/>
      </object_component>
      <object_component id="oc-3ab">
         <name>.debug_info</name>
         <load_address>0x4226</load_address>
         <run_address>0x4226</run_address>
         <size>0x1c7</size>
         <input_file_ref idref="fl-a"/>
      </object_component>
      <object_component id="oc-3fa">
         <name>.debug_info</name>
         <load_address>0x43ed</load_address>
         <run_address>0x43ed</run_address>
         <size>0x172</size>
         <input_file_ref idref="fl-a"/>
      </object_component>
      <object_component id="oc-3a5">
         <name>.debug_info</name>
         <load_address>0x455f</load_address>
         <run_address>0x455f</run_address>
         <size>0x1d6</size>
         <input_file_ref idref="fl-a"/>
      </object_component>
      <object_component id="oc-358">
         <name>.debug_info</name>
         <load_address>0x4735</load_address>
         <run_address>0x4735</run_address>
         <size>0x692</size>
         <input_file_ref idref="fl-a"/>
      </object_component>
      <object_component id="oc-147">
         <name>.debug_info</name>
         <load_address>0x4dc7</load_address>
         <run_address>0x4dc7</run_address>
         <size>0x34a</size>
         <input_file_ref idref="fl-b"/>
      </object_component>
      <object_component id="oc-1a9">
         <name>.debug_info</name>
         <load_address>0x5111</load_address>
         <run_address>0x5111</run_address>
         <size>0xda</size>
         <input_file_ref idref="fl-b"/>
      </object_component>
      <object_component id="oc-1b2">
         <name>.debug_info</name>
         <load_address>0x51eb</load_address>
         <run_address>0x51eb</run_address>
         <size>0xde</size>
         <input_file_ref idref="fl-b"/>
      </object_component>
      <object_component id="oc-1b5">
         <name>.debug_info</name>
         <load_address>0x52c9</load_address>
         <run_address>0x52c9</run_address>
         <size>0xd0</size>
         <input_file_ref idref="fl-b"/>
      </object_component>
      <object_component id="oc-1b8">
         <name>.debug_info</name>
         <load_address>0x5399</load_address>
         <run_address>0x5399</run_address>
         <size>0xd6</size>
         <input_file_ref idref="fl-b"/>
      </object_component>
      <object_component id="oc-1bb">
         <name>.debug_info</name>
         <load_address>0x546f</load_address>
         <run_address>0x546f</run_address>
         <size>0xdc</size>
         <input_file_ref idref="fl-b"/>
      </object_component>
      <object_component id="oc-1be">
         <name>.debug_info</name>
         <load_address>0x554b</load_address>
         <run_address>0x554b</run_address>
         <size>0xdc</size>
         <input_file_ref idref="fl-b"/>
      </object_component>
      <object_component id="oc-1c1">
         <name>.debug_info</name>
         <load_address>0x5627</load_address>
         <run_address>0x5627</run_address>
         <size>0xda</size>
         <input_file_ref idref="fl-b"/>
      </object_component>
      <object_component id="oc-1c4">
         <name>.debug_info</name>
         <load_address>0x5701</load_address>
         <run_address>0x5701</run_address>
         <size>0xd4</size>
         <input_file_ref idref="fl-b"/>
      </object_component>
      <object_component id="oc-144">
         <name>.debug_info</name>
         <load_address>0x57d5</load_address>
         <run_address>0x57d5</run_address>
         <size>0xdc</size>
         <input_file_ref idref="fl-b"/>
      </object_component>
      <object_component id="oc-159">
         <name>.debug_info</name>
         <load_address>0x58b1</load_address>
         <run_address>0x58b1</run_address>
         <size>0x210</size>
         <input_file_ref idref="fl-b"/>
      </object_component>
      <object_component id="oc-e4">
         <name>.debug_info</name>
         <load_address>0x5ac1</load_address>
         <run_address>0x5ac1</run_address>
         <size>0x15b</size>
         <input_file_ref idref="fl-b"/>
      </object_component>
      <object_component id="oc-2b2">
         <name>.debug_info</name>
         <load_address>0x5c1c</load_address>
         <run_address>0x5c1c</run_address>
         <size>0x106</size>
         <input_file_ref idref="fl-b"/>
      </object_component>
      <object_component id="oc-206">
         <name>.debug_info</name>
         <load_address>0x5d22</load_address>
         <run_address>0x5d22</run_address>
         <size>0x124</size>
         <input_file_ref idref="fl-b"/>
      </object_component>
      <object_component id="oc-20c">
         <name>.debug_info</name>
         <load_address>0x5e46</load_address>
         <run_address>0x5e46</run_address>
         <size>0x141</size>
         <input_file_ref idref="fl-b"/>
      </object_component>
      <object_component id="oc-1a5">
         <name>.debug_info</name>
         <load_address>0x5f87</load_address>
         <run_address>0x5f87</run_address>
         <size>0x219</size>
         <input_file_ref idref="fl-c"/>
      </object_component>
      <object_component id="oc-1a0">
         <name>.debug_info</name>
         <load_address>0x61a0</load_address>
         <run_address>0x61a0</run_address>
         <size>0x138</size>
         <input_file_ref idref="fl-c"/>
      </object_component>
      <object_component id="oc-14b">
         <name>.debug_info</name>
         <load_address>0x62d8</load_address>
         <run_address>0x62d8</run_address>
         <size>0x12c</size>
         <input_file_ref idref="fl-c"/>
      </object_component>
      <object_component id="oc-1ff">
         <name>.debug_info</name>
         <load_address>0x6404</load_address>
         <run_address>0x6404</run_address>
         <size>0x11c</size>
         <input_file_ref idref="fl-c"/>
      </object_component>
      <object_component id="oc-432">
         <name>.debug_info</name>
         <load_address>0x6520</load_address>
         <run_address>0x6520</run_address>
         <size>0x172</size>
         <input_file_ref idref="fl-27"/>
      </object_component>
      <object_component id="oc-3c1">
         <name>.debug_info</name>
         <load_address>0x6692</load_address>
         <run_address>0x6692</run_address>
         <size>0x312</size>
         <input_file_ref idref="fl-27"/>
      </object_component>
      <object_component id="oc-497">
         <name>.debug_info</name>
         <load_address>0x69a4</load_address>
         <run_address>0x69a4</run_address>
         <size>0x46</size>
         <input_file_ref idref="fl-27"/>
      </object_component>
      <object_component id="oc-42d">
         <name>.debug_info</name>
         <load_address>0x69ea</load_address>
         <run_address>0x69ea</run_address>
         <size>0x39</size>
         <input_file_ref idref="fl-27"/>
      </object_component>
      <object_component id="oc-4a9">
         <name>.debug_info</name>
         <load_address>0x6a23</load_address>
         <run_address>0x6a23</run_address>
         <size>0x177</size>
         <input_file_ref idref="fl-28"/>
      </object_component>
      <object_component id="oc-441">
         <name>.debug_info</name>
         <load_address>0x6b9a</load_address>
         <run_address>0x6b9a</run_address>
         <size>0xf6</size>
         <input_file_ref idref="fl-28"/>
      </object_component>
      <object_component id="oc-444">
         <name>.debug_info</name>
         <load_address>0x6c90</load_address>
         <run_address>0x6c90</run_address>
         <size>0xf6</size>
         <input_file_ref idref="fl-28"/>
      </object_component>
      <object_component id="oc-459">
         <name>.debug_info</name>
         <load_address>0x6d86</load_address>
         <run_address>0x6d86</run_address>
         <size>0xee</size>
         <input_file_ref idref="fl-28"/>
      </object_component>
      <object_component id="oc-3cc">
         <name>.debug_info</name>
         <load_address>0x6e74</load_address>
         <run_address>0x6e74</run_address>
         <size>0x5d9</size>
         <input_file_ref idref="fl-28"/>
      </object_component>
      <object_component id="oc-319">
         <name>.debug_info</name>
         <load_address>0x744d</load_address>
         <run_address>0x744d</run_address>
         <size>0x118</size>
         <input_file_ref idref="fl-29"/>
      </object_component>
      <object_component id="oc-47c">
         <name>.debug_info</name>
         <load_address>0x7565</load_address>
         <run_address>0x7565</run_address>
         <size>0x12d</size>
         <input_file_ref idref="fl-2a"/>
      </object_component>
      <object_component id="oc-4c8">
         <name>.debug_info</name>
         <load_address>0x7692</load_address>
         <run_address>0x7692</run_address>
         <size>0x119</size>
         <input_file_ref idref="fl-2b"/>
      </object_component>
      <object_component id="oc-c0">
         <name>.debug_info</name>
         <load_address>0x77ab</load_address>
         <run_address>0x77ab</run_address>
         <size>0x126</size>
         <input_file_ref idref="fl-2c"/>
      </object_component>
      <object_component id="oc-3b7">
         <name>.debug_info</name>
         <load_address>0x78d1</load_address>
         <run_address>0x78d1</run_address>
         <size>0x119</size>
         <input_file_ref idref="fl-2d"/>
      </object_component>
      <object_component id="oc-3b1">
         <name>.debug_info</name>
         <load_address>0x79ea</load_address>
         <run_address>0x79ea</run_address>
         <size>0x119</size>
         <input_file_ref idref="fl-2e"/>
      </object_component>
      <object_component id="oc-dd">
         <name>.debug_info</name>
         <load_address>0x7b03</load_address>
         <run_address>0x7b03</run_address>
         <size>0x107</size>
         <input_file_ref idref="fl-3a"/>
      </object_component>
      <object_component id="oc-b6">
         <name>.debug_info</name>
         <load_address>0x7c0a</load_address>
         <run_address>0x7c0a</run_address>
         <size>0x118</size>
         <input_file_ref idref="fl-3b"/>
      </object_component>
      <object_component id="oc-42a">
         <name>.debug_info</name>
         <load_address>0x7d22</load_address>
         <run_address>0x7d22</run_address>
         <size>0x118</size>
         <input_file_ref idref="fl-3c"/>
      </object_component>
      <object_component id="oc-465">
         <name>.debug_info</name>
         <load_address>0x7e3a</load_address>
         <run_address>0x7e3a</run_address>
         <size>0x11e</size>
         <input_file_ref idref="fl-3c"/>
      </object_component>
      <object_component id="oc-bc">
         <name>.debug_info</name>
         <load_address>0x7f58</load_address>
         <run_address>0x7f58</run_address>
         <size>0x118</size>
         <input_file_ref idref="fl-3d"/>
      </object_component>
      <object_component id="oc-423">
         <name>.debug_info</name>
         <load_address>0x8070</load_address>
         <run_address>0x8070</run_address>
         <size>0x118</size>
         <input_file_ref idref="fl-3e"/>
      </object_component>
      <object_component id="oc-41e">
         <name>.debug_info</name>
         <load_address>0x8188</load_address>
         <run_address>0x8188</run_address>
         <size>0x11e</size>
         <input_file_ref idref="fl-3e"/>
      </object_component>
      <object_component id="oc-b2">
         <name>.debug_info</name>
         <load_address>0x82a6</load_address>
         <run_address>0x82a6</run_address>
         <size>0xf5</size>
         <input_file_ref idref="fl-3f"/>
      </object_component>
      <object_component id="oc-102">
         <name>.debug_info</name>
         <load_address>0x839b</load_address>
         <run_address>0x839b</run_address>
         <size>0x16f</size>
         <input_file_ref idref="fl-3f"/>
      </object_component>
      <object_component id="oc-2dc">
         <name>.debug_info</name>
         <load_address>0x850a</load_address>
         <run_address>0x850a</run_address>
         <size>0x472</size>
         <input_file_ref idref="fl-40"/>
      </object_component>
      <object_component id="oc-21e">
         <name>.debug_info</name>
         <load_address>0x897c</load_address>
         <run_address>0x897c</run_address>
         <size>0x1d5</size>
         <input_file_ref idref="fl-40"/>
      </object_component>
      <object_component id="oc-376">
         <name>.debug_info</name>
         <load_address>0x8b51</load_address>
         <run_address>0x8b51</run_address>
         <size>0x39</size>
         <input_file_ref idref="fl-40"/>
      </object_component>
      <object_component id="oc-387">
         <name>.debug_info</name>
         <load_address>0x8b8a</load_address>
         <run_address>0x8b8a</run_address>
         <size>0x2c</size>
         <input_file_ref idref="fl-40"/>
      </object_component>
      <object_component id="oc-2e7">
         <name>.debug_info</name>
         <load_address>0x8bb6</load_address>
         <run_address>0x8bb6</run_address>
         <size>0x2c</size>
         <input_file_ref idref="fl-40"/>
      </object_component>
      <object_component id="oc-37b">
         <name>.debug_info</name>
         <load_address>0x8be2</load_address>
         <run_address>0x8be2</run_address>
         <size>0xcd</size>
         <input_file_ref idref="fl-40"/>
      </object_component>
      <object_component id="oc-168">
         <name>.debug_info</name>
         <load_address>0x8caf</load_address>
         <run_address>0x8caf</run_address>
         <size>0x1b4</size>
         <input_file_ref idref="fl-41"/>
      </object_component>
      <object_component id="oc-ee">
         <name>.debug_info</name>
         <load_address>0x8e63</load_address>
         <run_address>0x8e63</run_address>
         <size>0x1c7</size>
         <input_file_ref idref="fl-41"/>
      </object_component>
      <object_component id="oc-163">
         <name>.debug_info</name>
         <load_address>0x902a</load_address>
         <run_address>0x902a</run_address>
         <size>0x46</size>
         <input_file_ref idref="fl-41"/>
      </object_component>
      <object_component id="oc-16e">
         <name>.debug_info</name>
         <load_address>0x9070</load_address>
         <run_address>0x9070</run_address>
         <size>0x148</size>
         <input_file_ref idref="fl-45"/>
      </object_component>
      <object_component id="oc-2d6">
         <name>.debug_info</name>
         <load_address>0x91b8</load_address>
         <run_address>0x91b8</run_address>
         <size>0x145</size>
         <input_file_ref idref="fl-46"/>
      </object_component>
      <object_component id="oc-db">
         <name>.debug_info</name>
         <load_address>0x92fd</load_address>
         <run_address>0x92fd</run_address>
         <size>0x175</size>
         <input_file_ref idref="fl-47"/>
      </object_component>
      <object_component id="oc-3e">
         <name>.debug_info</name>
         <load_address>0x9472</load_address>
         <run_address>0x9472</run_address>
         <size>0x1df</size>
         <input_file_ref idref="fl-47"/>
      </object_component>
      <object_component id="oc-d6">
         <name>.debug_info</name>
         <load_address>0x9651</load_address>
         <run_address>0x9651</run_address>
         <size>0x46</size>
         <input_file_ref idref="fl-47"/>
      </object_component>
      <object_component id="oc-13b">
[...]
         <object_component_ref idref="oc-41"/>
      </symbol>
      <symbol id="sm-3e2">
         <name>__TI_int03</name>
         <value>0xffe6</value>
         <object_component_ref idref="oc-42"/>
      </symbol>
      <symbol id="sm-3e5">
         <name>__TI_int05</name>
         <value>0xffea</value>
         <object_component_ref idref="oc-43"/>
      </symbol>
      <symbol id="sm-3e8">
         <name>__TI_int06</name>
         <value>0xffec</value>
         <object_component_ref idref="oc-44"/>
      </symbol>
      <symbol id="sm-3eb">
         <name>__TI_int09</name>
         <value>0xfff2</value>
         <object_component_ref idref="oc-47"/>
      </symbol>
      <symbol id="sm-3ee">
         <name>__TI_int10</name>
         <value>0xfff4</value>
         <object_component_ref idref="oc-48"/>
      </symbol>
      <symbol id="sm-3f1">
         <name>__TI_int11</name>
         <value>0xfff6</value>
         <object_component_ref idref="oc-49"/>
      </symbol>
      <symbol id="sm-3f4">
         <name>__TI_int12</name>
         <value>0xfff8</value>
         <object_component_ref idref="oc-4a"/>
      </symbol>
      <symbol id="sm-3f7">
         <name>__TI_int13</name>
         <value>0xfffa</value>
         <object_component_ref idref="oc-4b"/>
      </symbol>
      <symbol id="sm-3fa">
         <name>__TI_int14</name>
         <value>0xfffc</value>
         <object_component_ref idref="oc-4c"/>
      </symbol>
      <symbol id="sm-402">
         <name>__TI_ISR_TRAP</name>
         <value>0xef40</value>
         <object_component_ref idref="oc-dc"/>
      </symbol>
      <symbol id="sm-40a">
         <name>__mspabi_slli</name>
         <value>0xec20</value>
         <object_component_ref idref="oc-b5"/>
      </symbol>
      <symbol id="sm-40b">
         <name>__mspabi_slli_9</name>
         <value>0xec38</value>
         <object_component_ref idref="oc-b5"/>
      </symbol>
      <symbol id="sm-40c">
         <name>__mspabi_slli_8</name>
         <value>0xec3a</value>
         <object_component_ref idref="oc-b5"/>
      </symbol>
      <symbol id="sm-40d">
         <name>__mspabi_slli_7</name>
         <value>0xec3c</value>
         <object_component_ref idref="oc-b5"/>
      </symbol>
      <symbol id="sm-40e">
         <name>__mspabi_slli_6</name>
         <value>0xec3e</value>
         <object_component_ref idref="oc-b5"/>
      </symbol>
      <symbol id="sm-40f">
         <name>__mspabi_slli_5</name>
         <value>0xec40</value>
         <object_component_ref idref="oc-b5"/>
      </symbol>
      <symbol id="sm-410">
         <name>__mspabi_slli_4</name>
         <value>0xec42</value>
         <object_component_ref idref="oc-b5"/>
      </symbol>
      <symbol id="sm-411">
         <name>__mspabi_slli_3</name>
         <value>0xec44</value>
         <object_component_ref idref="oc-b5"/>
      </symbol>
      <symbol id="sm-412">
         <name>__mspabi_slli_2</name>
         <value>0xec46</value>
         <object_component_ref idref="oc-b5"/>
      </symbol>
      <symbol id="sm-413">
         <name>__mspabi_slli_1</name>
         <value>0xec48</value>
         <object_component_ref idref="oc-b5"/>
      </symbol>
      <symbol id="sm-414">
         <name>__mspabi_slli_15</name>
         <value>0xec2c</value>
         <object_component_ref idref="oc-b5"/>
      </symbol>
      <symbol id="sm-415">
         <name>__mspabi_slli_14</name>
         <value>0xec2e</value>
         <object_component_ref idref="oc-b5"/>
      </symbol>
      <symbol id="sm-416">
         <name>__mspabi_slli_13</name>
         <value>0xec30</value>
         <object_component_ref idref="oc-b5"/>
      </symbol>
      <symbol id="sm-417">
         <name>__mspabi_slli_12</name>
         <value>0xec32</value>
         <object_component_ref idref="oc-b5"/>
      </symbol>
      <symbol id="sm-418">
         <name>__mspabi_slli_11</name>
         <value>0xec34</value>
         <object_component_ref idref="oc-b5"/>
      </symbol>
      <symbol id="sm-419">
         <name>__mspabi_slli_10</name>
         <value>0xec36</value>
         <object_component_ref idref="oc-b5"/>
      </symbol>
      <symbol id="sm-429">
         <name>__mspabi_slll_9</name>
         <value>0xe906</value>
         <object_component_ref idref="oc-464"/>
      </symbol>
      <symbol id="sm-42a">
         <name>__mspabi_slll_8</name>
         <value>0xe90a</value>
         <object_component_ref idref="oc-464"/>
      </symbol>
      <symbol id="sm-42b">
         <name>__mspabi_slll_7</name>
         <value>0xe90e</value>
         <object_component_ref idref="oc-464"/>
      </symbol>
      <symbol id="sm-42c">
         <name>__mspabi_slll_6</name>
         <value>0xe912</value>
         <object_component_ref idref="oc-464"/>
      </symbol>
      <symbol id="sm-42d">
         <name>__mspabi_slll_5</name>
         <value>0xe916</value>
         <object_component_ref idref="oc-464"/>
      </symbol>
      <symbol id="sm-42e">
         <name>__mspabi_slll_4</name>
         <value>0xe91a</value>
         <object_component_ref idref="oc-464"/>
      </symbol>
      <symbol id="sm-42f">
         <name>__mspabi_slll_3</name>
         <value>0xe91e</value>
         <object_component_ref idref="oc-464"/>
      </symbol>
      <symbol id="sm-430">
         <name>__mspabi_slll_2</name>
         <value>0xe922</value>
         <object_component_ref idref="oc-464"/>
      </symbol>
      <symbol id="sm-431">
         <name>__mspabi_slll_1</name>
         <value>0xe926</value>
         <object_component_ref idref="oc-464"/>
      </symbol>
      <symbol id="sm-432">
         <name>__mspabi_slll</name>
         <value>0xeeb2</value>
         <object_component_ref idref="oc-427"/>
      </symbol>
      <symbol id="sm-433">
         <name>__mspabi_slll_15</name>
         <value>0xe8ee</value>
         <object_component_ref idref="oc-464"/>
      </symbol>
      <symbol id="sm-434">
         <name>__mspabi_slll_14</name>
         <value>0xe8f2</value>
         <object_component_ref idref="oc-464"/>
      </symbol>
      <symbol id="sm-435">
         <name>__mspabi_slll_13</name>
         <value>0xe8f6</value>
         <object_component_ref idref="oc-464"/>
      </symbol>
      <symbol id="sm-436">
         <name>__mspabi_slll_12</name>
         <value>0xe8fa</value>
         <object_component_ref idref="oc-464"/>
      </symbol>
      <symbol id="sm-437">
         <name>__mspabi_slll_11</name>
         <value>0xe8fe</value>
         <object_component_ref idref="oc-464"/>
      </symbol>
      <symbol id="sm-438">
         <name>__mspabi_slll_10</name>
         <value>0xe902</value>
         <object_component_ref idref="oc-464"/>
      </symbol>
      <symbol id="sm-440">
         <name>__mspabi_srli_8</name>
         <value>0xe7c2</value>
         <object_component_ref idref="oc-ba"/>
      </symbol>
      <symbol id="sm-441">
         <name>__mspabi_srli_9</name>
         <value>0xe7be</value>
         <object_component_ref idref="oc-ba"/>
      </symbol>
      <symbol id="sm-442">
         <name>__mspabi_srli_6</name>
         <value>0xe7ca</value>
         <object_component_ref idref="oc-ba"/>
      </symbol>
      <symbol id="sm-443">
         <name>__mspabi_srli_7</name>
         <value>0xe7c6</value>
         <object_component_ref idref="oc-ba"/>
      </symbol>
      <symbol id="sm-444">
         <name>__mspabi_srli_4</name>
         <value>0xe7d2</value>
         <object_component_ref idref="oc-ba"/>
      </symbol>
      <symbol id="sm-445">
         <name>__mspabi_srli_5</name>
         <value>0xe7ce</value>
         <object_component_ref idref="oc-ba"/>
      </symbol>
      <symbol id="sm-446">
         <name>__mspabi_srli_2</name>
         <value>0xe7da</value>
         <object_component_ref idref="oc-ba"/>
      </symbol>
      <symbol id="sm-447">
         <name>__mspabi_srli_3</name>
         <value>0xe7d6</value>
         <object_component_ref idref="oc-ba"/>
      </symbol>
      <symbol id="sm-448">
         <name>__mspabi_srli_1</name>
         <value>0xe7de</value>
         <object_component_ref idref="oc-ba"/>
      </symbol>
      <symbol id="sm-449">
         <name>__mspabi_srli</name>
         <value>0xe798</value>
         <object_component_ref idref="oc-ba"/>
      </symbol>
      <symbol id="sm-44a">
         <name>__mspabi_srli_15</name>
         <value>0xe7a6</value>
         <object_component_ref idref="oc-ba"/>
      </symbol>
      <symbol id="sm-44b">
         <name>__mspabi_srli_14</name>
         <value>0xe7aa</value>
         <object_component_ref idref="oc-ba"/>
      </symbol>
      <symbol id="sm-44c">
         <name>__mspabi_srli_13</name>
         <value>0xe7ae</value>
         <object_component_ref idref="oc-ba"/>
      </symbol>
      <symbol id="sm-44d">
         <name>__mspabi_srli_12</name>
         <value>0xe7b2</value>
         <object_component_ref idref="oc-ba"/>
      </symbol>
      <symbol id="sm-44e">
         <name>__mspabi_srli_11</name>
         <value>0xe7b6</value>
         <object_component_ref idref="oc-ba"/>
      </symbol>
      <symbol id="sm-44f">
         <name>__mspabi_srli_10</name>
         <value>0xe7ba</value>
         <object_component_ref idref="oc-ba"/>
      </symbol>
      <symbol id="sm-45f">
         <name>__mspabi_srll_8</name>
         <value>0xe5c6</value>
         <object_component_ref idref="oc-41d"/>
      </symbol>
      <symbol id="sm-460">
         <name>__mspabi_srll_9</name>
         <value>0xe5c0</value>
         <object_component_ref idref="oc-41d"/>
      </symbol>
      <symbol id="sm-461">
         <name>__mspabi_srll_6</name>
         <value>0xe5d2</value>
         <object_component_ref idref="oc-41d"/>
      </symbol>
      <symbol id="sm-462">
         <name>__mspabi_srll_7</name>
         <value>0xe5cc</value>
         <object_component_ref idref="oc-41d"/>
      </symbol>
      <symbol id="sm-463">
         <name>__mspabi_srll_4</name>
         <value>0xe5de</value>
         <object_component_ref idref="oc-41d"/>
      </symbol>
      <symbol id="sm-464">
         <name>__mspabi_srll_5</name>
         <value>0xe5d8</value>
         <object_component_ref idref="oc-41d"/>
      </symbol>
      <symbol id="sm-465">
         <name>__mspabi_srll_2</name>
         <value>0xe5ea</value>
         <object_component_ref idref="oc-41d"/>
      </symbol>
      <symbol id="sm-466">
         <name>__mspabi_srll_3</name>
         <value>0xe5e4</value>
         <object_component_ref idref="oc-41d"/>
      </symbol>
      <symbol id="sm-467">
         <name>__mspabi_srll_1</name>
         <value>0xe5f0</value>
         <object_component_ref idref="oc-41d"/>
      </symbol>
      <symbol id="sm-468">
         <name>__mspabi_srll_15</name>
         <value>0xe59c</value>
         <object_component_ref idref="oc-41d"/>
      </symbol>
      <symbol id="sm-469">
         <name>__mspabi_srll_14</name>
         <value>0xe5a2</value>
         <object_component_ref idref="oc-41d"/>
      </symbol>
      <symbol id="sm-46a">
         <name>__mspabi_srll_13</name>
         <value>0xe5a8</value>
         <object_component_ref idref="oc-41d"/>
      </symbol>
      <symbol id="sm-46b">
         <name>__mspabi_srll_12</name>
         <value>0xe5ae</value>
         <object_component_ref idref="oc-41d"/>
      </symbol>
      <symbol id="sm-46c">
         <name>__mspabi_srll_11</name>
         <value>0xe5b4</value>
         <object_component_ref idref="oc-41d"/>
      </symbol>
      <symbol id="sm-46d">
         <name>__mspabi_srll_10</name>
         <value>0xe5ba</value>
         <object_component_ref idref="oc-41d"/>
      </symbol>
      <symbol id="sm-46e">
         <name>__mspabi_srll</name>
         <value>0xee7e</value>
         <object_component_ref idref="oc-422"/>
      </symbol>
      <symbol id="sm-47e">
         <name>_stack</name>
         <value>0x3b0</value>
         <object_component_ref idref="oc-b1"/>
      </symbol>
      <symbol id="sm-47f">
         <name>_c_int00_noargs</name>
         <value>0xeda2</value>
         <object_component_ref idref="oc-ff"/>
      </symbol>
      <symbol id="sm-480">
         <name>_reset_vector</name>
         <value>0xfffe</value>
         <object_component_ref idref="oc-b4"/>
      </symbol>
      <symbol id="sm-4a2">
         <name>__TI_auto_init_nobinit_nopinit</name>
         <value>0xe86e</value>
         <object_component_ref idref="oc-21d"/>
      </symbol>
      <symbol id="sm-4b5">
         <name>__TI_zero_init_nomemset</name>
         <value>0xee1e</value>
         <object_component_ref idref="oc-ed"/>
      </symbol>
      <symbol id="sm-4c1">
         <name>_system_pre_init</name>
         <value>0xef60</value>
         <object_component_ref idref="oc-16a"/>
      </symbol>
      <symbol id="sm-4ca">
         <name>_system_post_cinit</name>
         <value>0xef64</value>
         <object_component_ref idref="oc-2d5"/>
      </symbol>
      <symbol id="sm-4e0">
         <name>__TI_decompress_none</name>
         <value>0xee6c</value>
         <object_component_ref idref="oc-3a"/>
      </symbol>
      <symbol id="sm-503">
         <name>__TI_decompress_lzss</name>
         <value>0xe34a</value>
         <object_component_ref idref="oc-34"/>
      </symbol>
      <symbol id="sm-51b">
         <name>__mspabi_cvtdf</name>
         <value>0xe2be</value>
         <object_component_ref idref="oc-3d7"/>
      </symbol>
      <symbol id="sm-542">
         <name>__mspabi_addd</name>
         <value>0xccf6</value>
         <object_component_ref idref="oc-414"/>
      </symbol>
      <symbol id="sm-55c">
         <name>__mspabi_cmpd</name>
         <value>0xdda6</value>
         <object_component_ref idref="oc-452"/>
      </symbol>
      <symbol id="sm-56d">
         <name>__mspabi_cvtfd</name>
         <value>0xe52a</value>
         <object_component_ref idref="oc-3b9"/>
      </symbol>
      <symbol id="sm-58e">
         <name>__mspabi_divd</name>
         <value>0xda3c</value>
         <object_component_ref idref="oc-3c5"/>
      </symbol>
      <symbol id="sm-599">
         <name>__mspabi_fltid</name>
         <value>0xef0a</value>
         <object_component_ref idref="oc-3ff"/>
      </symbol>
      <symbol id="sm-5b0">
         <name>__mspabi_fltlid</name>
         <value>0xe178</value>
         <object_component_ref idref="oc-480"/>
      </symbol>
      <symbol id="sm-5d1">
         <name>__TI_frcaddd</name>
         <value>0xd7dc</value>
         <object_component_ref idref="oc-48a"/>
      </symbol>
      <symbol id="sm-5ec">
         <name>__TI_frcdivd</name>
         <value>0xc4b8</value>
         <object_component_ref idref="oc-433"/>
      </symbol>
      <symbol id="sm-60e">
         <name>__mspabi_mpyd</name>
         <value>0xd56e</value>
         <object_component_ref idref="oc-3d1"/>
      </symbol>
      <symbol id="sm-617">
         <name>__mspabi_negd</name>
         <value>0xec4c</value>
         <object_component_ref idref="oc-446"/>
      </symbol>
      <symbol id="sm-62a">
         <name>__TI_renormd</name>
         <value>0xe008</value>
         <object_component_ref idref="oc-4d4"/>
      </symbol>
      <symbol id="sm-633">
         <name>__mspabi_subd</name>
         <value>0xeb9a</value>
         <object_component_ref idref="oc-44c"/>
      </symbol>
      <symbol id="sm-63a">
         <name>errno</name>
         <value>0x258</value>
         <object_component_ref idref="oc-41a"/>
      </symbol>
      <symbol id="sm-644">
         <name>C$$EXIT</name>
         <value>0xef4e</value>
         <object_component_ref idref="oc-211"/>
      </symbol>
      <symbol id="sm-645">
         <name>abort</name>
         <value>0xef4e</value>
         <object_component_ref idref="oc-211"/>
      </symbol>
      <symbol id="sm-655">
         <name>memcpy</name>
         <value>0xee90</value>
         <object_component_ref idref="oc-cf"/>
      </symbol>
      <symbol id="sm-663">
         <name>memset</name>
         <value>0xee32</value>
         <object_component_ref idref="oc-150"/>
      </symbol>
      <symbol id="sm-672">
         <name>strcat</name>
         <value>0xedbe</value>
         <object_component_ref idref="oc-2ff"/>
      </symbol>
      <symbol id="sm-680">
         <name>strcmp</name>
         <value>0xedf0</value>
         <object_component_ref idref="oc-1ab"/>
      </symbol>
      <symbol id="sm-68d">
         <name>strlen</name>
         <value>0xeefc</value>
         <object_component_ref idref="oc-30c"/>
      </symbol>
      <symbol id="sm-69d">
         <name>__mspabi_sral</name>
         <value>0xeea2</value>
         <object_component_ref idref="oc-4cf"/>
      </symbol>
      <symbol id="sm-69e">
         <name>__mspabi_sral_15</name>
         <value>0xe8b0</value>
         <object_component_ref idref="oc-408"/>
      </symbol>
      <symbol id="sm-69f">
         <name>__mspabi_sral_14</name>
         <value>0xe8b4</value>
         <object_component_ref idref="oc-408"/>
      </symbol>
      <symbol id="sm-6a0">
         <name>__mspabi_sral_13</name>
         <value>0xe8b8</value>
         <object_component_ref idref="oc-408"/>
      </symbol>
      <symbol id="sm-6a1">
         <name>__mspabi_sral_12</name>
         <value>0xe8bc</value>
         <object_component_ref idref="oc-408"/>
      </symbol>
      <symbol id="sm-6a2">
         <name>__mspabi_sral_11</name>
         <value>0xe8c0</value>
         <object_component_ref idref="oc-408"/>
      </symbol>
      <symbol id="sm-6a3">
         <name>__mspabi_sral_10</name>
         <value>0xe8c4</value>
         <object_component_ref idref="oc-408"/>
      </symbol>
      <symbol id="sm-6a4">
         <name>__mspabi_sral_8</name>
         <value>0xe8cc</value>
         <object_component_ref idref="oc-408"/>
      </symbol>
      <symbol id="sm-6a5">
         <name>__mspabi_sral_9</name>
         <value>0xe8c8</value>
         <object_component_ref idref="oc-408"/>
      </symbol>
      <symbol id="sm-6a6">
         <name>__mspabi_sral_6</name>
         <value>0xe8d4</value>
         <object_component_ref idref="oc-408"/>
      </symbol>
      <symbol id="sm-6a7">
         <name>__mspabi_sral_7</name>
         <value>0xe8d0</value>
         <object_component_ref idref="oc-408"/>
      </symbol>
      <symbol id="sm-6a8">
         <name>__mspabi_sral_4</name>
         <value>0xe8dc</value>
         <object_component_ref idref="oc-408"/>
      </symbol>
      <symbol id="sm-6a9">
         <name>__mspabi_sral_5</name>
         <value>0xe8d8</value>
         <object_component_ref idref="oc-408"/>
      </symbol>
      <symbol id="sm-6aa">
         <name>__mspabi_sral_2</name>
         <value>0xe8e4</value>
         <object_component_ref idref="oc-408"/>
      </symbol>
      <symbol id="sm-6ab">
         <name>__mspabi_sral_3</name>
         <value>0xe8e0</value>
         <object_component_ref idref="oc-408"/>
      </symbol>
      <symbol id="sm-6ac">
         <name>__mspabi_sral_1</name>
         <value>0xe8e8</value>
         <object_component_ref idref="oc-408"/>
      </symbol>
      <symbol id="sm-6b6">
         <name>__mspabi_mpyi_sw</name>
         <value>0xee46</value>
         <object_component_ref idref="oc-380"/>
      </symbol>
      <symbol id="sm-6b7">
         <name>__mspabi_mpyi</name>
         <value>0xee46</value>
         <object_component_ref idref="oc-380"/>
      </symbol>
      <symbol id="sm-6c1">
         <name>__mspabi_mpyl_sw</name>
         <value>0xed3a</value>
         <object_component_ref idref="oc-49e"/>
      </symbol>
      <symbol id="sm-6c2">
         <name>__mspabi_mpyl</name>
         <value>0xed3a</value>
         <object_component_ref idref="oc-49e"/>
      </symbol>
      <symbol id="sm-6d3">
         <name>__TI_frcmpyd</name>
         <value>0xd2e8</value>
         <object_component_ref idref="oc-45c"/>
      </symbol>
   </symbol_table>
   <title>Link successful</title>
</link_info>
