<?xml version="1.0" encoding="ISO-8859-1" ?>
<link_info>
   <banner>MSP430 Linker PC v18.1.3.LTS</banner>
   <copyright>Copyright (c) 2003-2017 Texas Instruments Incorporated</copyright>
   <link_time>0x5f506cd8</link_time>
   <link_errors>0x0</link_errors>
   <output_file>Measure.out</output_file>
   <entry_point>
      <name>_c_int00_noargs</name>
      <address>0xf058</address>
   </entry_point>
   <input_file_list>
      <input_file id="fl-2">
         <path>.\</path>
         <kind>object</kind>
         <file>IIC.obj</file>
         <name>IIC.obj</name>
      </input_file>
      <input_file id="fl-3">
         <path>.\</path>
         <kind>object</kind>
         <file>Uart.obj</file>
         <name>Uart.obj</name>
      </input_file>
      <input_file id="fl-4">
         <path>.\</path>
         <kind>object</kind>
         <file>adxl345.obj</file>
         <name>adxl345.obj</name>
      </input_file>
      <input_file id="fl-5">
         <path>.\</path>
         <kind>object</kind>
         <file>beep.obj</file>
         <name>beep.obj</name>
      </input_file>
      <input_file id="fl-6">
         <path>.\</path>
         <kind>object</kind>
         <file>communicate.obj</file>
         <name>communicate.obj</name>
      </input_file>
      <input_file id="fl-7">
         <path>.\</path>
         <kind>object</kind>
         <file>double2str.obj</file>
         <name>double2str.obj</name>
      </input_file>
      <input_file id="fl-8">
         <path>.\</path>
         <kind>object</kind>
         <file>led.obj</file>
         <name>led.obj</name>
      </input_file>
      <input_file id="fl-9">
         <path>.\</path>
         <kind>object</kind>
         <file>main.obj</file>
         <name>main.obj</name>
      </input_file>
      <input_file id="fl-a">
         <path>.\</path>
         <kind>object</kind>
         <file>measure.obj</file>
         <name>measure.obj</name>
      </input_file>
      <input_file id="fl-b">
         <path>.\</path>
         <kind>object</kind>
         <file>state.obj</file>
         <name>state.obj</name>
      </input_file>
      <input_file id="fl-c">
         <path>.\</path>
         <kind>object</kind>
         <file>uart_self.obj</file>
         <name>uart_self.obj</name>
      </input_file>
      <input_file id="fl-11">
         <kind>object</kind>
         <file>&lt;internal&gt;</file>
         <name>&lt;internal&gt;</name>
      </input_file>
      <input_file id="fl-27">
         <path>D:\ti\ccsv8\tools\compiler\ti-cgt-msp430_18.1.3.LTS\lib\</path>
         <kind>archive</kind>
         <file>rts430_eabi.lib</file>
         <name>e_sqrt.c.obj</name>
      </input_file>
      <input_file id="fl-28">
         <path>D:\ti\ccsv8\tools\compiler\ti-cgt-msp430_18.1.3.LTS\lib\</path>
         <kind>archive</kind>
         <file>rts430_eabi.lib</file>
         <name>s_atan.c.obj</name>
      </input_file>
      <input_file id="fl-29">
         <path>D:\ti\ccsv8\tools\compiler\ti-cgt-msp430_18.1.3.LTS\lib\</path>
         <kind>archive</kind>
         <file>rts430_eabi.lib</file>
         <name>asr16.asm.obj</name>
      </input_file>
      <input_file id="fl-2a">
         <path>D:\ti\ccsv8\tools\compiler\ti-cgt-msp430_18.1.3.LTS\lib\</path>
         <kind>archive</kind>
         <file>rts430_eabi.lib</file>
         <name>div16s.asm.obj</name>
      </input_file>
      <input_file id="fl-2b">
         <path>D:\ti\ccsv8\tools\compiler\ti-cgt-msp430_18.1.3.LTS\lib\</path>
         <kind>archive</kind>
         <file>rts430_eabi.lib</file>
         <name>div16u.asm.obj</name>
      </input_file>
      <input_file id="fl-2c">
         <path>D:\ti\ccsv8\tools\compiler\ti-cgt-msp430_18.1.3.LTS\lib\</path>
         <kind>archive</kind>
         <file>rts430_eabi.lib</file>
         <name>epilog.asm.obj</name>
      </input_file>
      <input_file id="fl-2d">
         <path>D:\ti\ccsv8\tools\compiler\ti-cgt-msp430_18.1.3.LTS\lib\</path>
         <kind>archive</kind>
         <file>rts430_eabi.lib</file>
         <name>fs_add.asm.obj</name>
      </input_file>
      <input_file id="fl-2e">
         <path>D:\ti\ccsv8\tools\compiler\ti-cgt-msp430_18.1.3.LTS\lib\</path>
         <kind>archive</kind>
         <file>rts430_eabi.lib</file>
         <name>fs_mpy.asm.obj</name>
      </input_file>
      <input_file id="fl-2f">
         <path>D:\ti\ccsv8\tools\compiler\ti-cgt-msp430_18.1.3.LTS\lib\</path>
         <kind>archive</kind>
         <file>rts430_eabi.lib</file>
         <name>fs_toi.asm.obj</name>
      </input_file>
      <input_file id="fl-30">
         <path>D:\ti\ccsv8\tools\compiler\ti-cgt-msp430_18.1.3.LTS\lib\</path>
         <kind>archive</kind>
         <file>rts430_eabi.lib</file>
         <name>int00.asm.obj</name>
      </input_file>
      <input_file id="fl-31">
         <path>D:\ti\ccsv8\tools\compiler\ti-cgt-msp430_18.1.3.LTS\lib\</path>
         <kind>archive</kind>
         <file>rts430_eabi.lib</file>
         <name>int02.asm.obj</name>
      </input_file>
      <input_file id="fl-32">
         <path>D:\ti\ccsv8\tools\compiler\ti-cgt-msp430_18.1.3.LTS\lib\</path>
         <kind>archive</kind>
         <file>rts430_eabi.lib</file>
         <name>int03.asm.obj</name>
      </input_file>
      <input_file id="fl-33">
         <path>D:\ti\ccsv8\tools\compiler\ti-cgt-msp430_18.1.3.LTS\lib\</path>
         <kind>archive</kind>
         <file>rts430_eabi.lib</file>
         <name>int05.asm.obj</name>
      </input_file>
      <input_file id="fl-34">
         <path>D:\ti\ccsv8\tools\compiler\ti-cgt-msp430_18.1.3.LTS\lib\</path>
         <kind>archive</kind>
         <file>rts430_eabi.lib</file>
         <name>int06.asm.obj</name>
      </input_file>
      <input_file id="fl-35">
         <path>D:\ti\ccsv8\tools\compiler\ti-cgt-msp430_18.1.3.LTS\lib\</path>
         <kind>archive</kind>
         <file>rts430_eabi.lib</file>
         <name>int09.asm.obj</name>
      </input_file>
      <input_file id="fl-36">
         <path>D:\ti\ccsv8\tools\compiler\ti-cgt-msp430_18.1.3.LTS\lib\</path>
         <kind>archive</kind>
         <file>rts430_eabi.lib</file>
         <name>int10.asm.obj</name>
      </input_file>
      <input_file id="fl-37">
         <path>D:\ti\ccsv8\tools\compiler\ti-cgt-msp430_18.1.3.LTS\lib\</path>
         <kind>archive</kind>
         <file>rts430_eabi.lib</file>
         <name>int11.asm.obj</name>
      </input_file>
      <input_file id="fl-38">
         <path>D:\ti\ccsv8\tools\compiler\ti-cgt-msp430_18.1.3.LTS\lib\</path>
         <kind>archive</kind>
         <file>rts430_eabi.lib</file>
         <name>int12.asm.obj</name>
      </input_file>
      <input_file id="fl-39">
         <path>D:\ti\ccsv8\tools\compiler\ti-cgt-msp430_18.1.3.LTS\lib\</path>
         <kind>archive</kind>
         <file>rts430_eabi.lib</file>
         <name>int13.asm.obj</name>
      </input_file>
      <input_file id="fl-3a">
         <path>D:\ti\ccsv8\tools\compiler\ti-cgt-msp430_18.1.3.LTS\lib\</path>
         <kind>archive</kind>
         <file>rts430_eabi.lib</file>
         <name>int14.asm.obj</name>
      </input_file>
      <input_file id="fl-3b">
         <path>D:\ti\ccsv8\tools\compiler\ti-cgt-msp430_18.1.3.LTS\lib\</path>
         <kind>archive</kind>
         <file>rts430_eabi.lib</file>
         <name>isr_trap.asm.obj</name>
      </input_file>
      <input_file id="fl-3c">
         <path>D:\ti\ccsv8\tools\compiler\ti-cgt-msp430_18.1.3.LTS\lib\</path>
         <kind>archive</kind>
         <file>rts430_eabi.lib</file>
         <name>lsl16.asm.obj</name>
      </input_file>
      <input_file id="fl-3d">
         <path>D:\ti\ccsv8\tools\compiler\ti-cgt-msp430_18.1.3.LTS\lib\</path>
         <kind>archive</kind>
         <file>rts430_eabi.lib</file>
         <name>lsl32.asm.obj</name>
      </input_file>
      <input_file id="fl-3e">
         <path>D:\ti\ccsv8\tools\compiler\ti-cgt-msp430_18.1.3.LTS\lib\</path>
         <kind>archive</kind>
         <file>rts430_eabi.lib</file>
         <name>lsr16.asm.obj</name>
      </input_file>
      <input_file id="fl-3f">
         <path>D:\ti\ccsv8\tools\compiler\ti-cgt-msp430_18.1.3.LTS\lib\</path>
         <kind>archive</kind>
         <file>rts430_eabi.lib</file>
         <name>lsr32.asm.obj</name>
      </input_file>
      <input_file id="fl-40">
         <path>D:\ti\ccsv8\tools\compiler\ti-cgt-msp430_18.1.3.LTS\lib\</path>
         <kind>archive</kind>
         <file>rts430_eabi.lib</file>
         <name>boot.c.obj</name>
      </input_file>
      <input_file id="fl-41">
         <path>D:\ti\ccsv8\tools\compiler\ti-cgt-msp430_18.1.3.LTS\lib\</path>
         <kind>archive</kind>
         <file>rts430_eabi.lib</file>
         <name>autoinit.c.obj</name>
      </input_file>
      <input_file id="fl-42">
         <path>D:\ti\ccsv8\tools\compiler\ti-cgt-msp430_18.1.3.LTS\lib\</path>
         <kind>archive</kind>
         <file>rts430_eabi.lib</file>
         <name>copy_zero_init.c.obj</name>
      </input_file>
      <input_file id="fl-43">
         <path>D:\ti\ccsv8\tools\compiler\ti-cgt-msp430_18.1.3.LTS\lib\</path>
         <kind>archive</kind>
         <file>rts430_eabi.lib</file>
         <name>cpy_tbl.c.obj</name>
      </input_file>
      <input_file id="fl-44">
         <path>D:\ti\ccsv8\tools\compiler\ti-cgt-msp430_18.1.3.LTS\lib\</path>
         <kind>archive</kind>
         <file>rts430_eabi.lib</file>
         <name>mpu_init.c.obj</name>
      </input_file>
      <input_file id="fl-45">
         <path>D:\ti\ccsv8\tools\compiler\ti-cgt-msp430_18.1.3.LTS\lib\</path>
         <kind>archive</kind>
         <file>rts430_eabi.lib</file>
         <name>lsr64.c.obj</name>
      </input_file>
      <input_file id="fl-46">
         <path>D:\ti\ccsv8\tools\compiler\ti-cgt-msp430_18.1.3.LTS\lib\</path>
         <kind>archive</kind>
         <file>rts430_eabi.lib</file>
         <name>pre_init.c.obj</name>
      </input_file>
      <input_file id="fl-47">
         <path>D:\ti\ccsv8\tools\compiler\ti-cgt-msp430_18.1.3.LTS\lib\</path>
         <kind>archive</kind>
         <file>rts430_eabi.lib</file>
         <name>startup.c.obj</name>
      </input_file>
      <input_file id="fl-48">
         <path>D:\ti\ccsv8\tools\compiler\ti-cgt-msp430_18.1.3.LTS\lib\</path>
         <kind>archive</kind>
         <file>rts430_eabi.lib</file>
         <name>copy_decompress_none.c.obj</name>
      </input_file>
      <input_file id="fl-49">
         <path>D:\ti\ccsv8\tools\compiler\ti-cgt-msp430_18.1.3.LTS\lib\</path>
         <kind>archive</kind>
         <file>rts430_eabi.lib</file>
         <name>copy_decompress_lzss.c.obj</name>
      </input_file>
      <input_file id="fl-4a">
         <path>D:\ti\ccsv8\tools\compiler\ti-cgt-msp430_18.1.3.LTS\lib\</path>
         <kind>archive</kind>
         <file>rts430_eabi.lib</file>
         <name>cvtdf.c.obj</name>
      </input_file>
      <input_file id="fl-4b">
         <path>D:\ti\ccsv8\tools\compiler\ti-cgt-msp430_18.1.3.LTS\lib\</path>
         <kind>archive</kind>
         <file>rts430_eabi.lib</file>
         <name>addd.c.obj</name>
      </input_file>
      <input_file id="fl-4c">
         <path>D:\ti\ccsv8\tools\compiler\ti-cgt-msp430_18.1.3.LTS\lib\</path>
         <kind>archive</kind>
         <file>rts430_eabi.lib</file>
         <name>cmpd.c.obj</name>
      </input_file>
      <input_file id="fl-4d">
         <path>D:\ti\ccsv8\tools\compiler\ti-cgt-msp430_18.1.3.LTS\lib\</path>
         <kind>archive</kind>
         <file>rts430_eabi.lib</file>
         <name>cvtfd.c.obj</name>
      </input_file>
      <input_file id="fl-4e">
         <path>D:\ti\ccsv8\tools\compiler\ti-cgt-msp430_18.1.3.LTS\lib\</path>
         <kind>archive</kind>
         <file>rts430_eabi.lib</file>
         <name>divd.c.obj</name>
      </input_file>
      <input_file id="fl-4f">
         <path>D:\ti\ccsv8\tools\compiler\ti-cgt-msp430_18.1.3.LTS\lib\</path>
         <kind>archive</kind>
         <file>rts430_eabi.lib</file>
         <name>fixdi.c.obj</name>
      </input_file>
      <input_file id="fl-50">
         <path>D:\ti\ccsv8\tools\compiler\ti-cgt-msp430_18.1.3.LTS\lib\</path>
         <kind>archive</kind>
         <file>rts430_eabi.lib</file>
         <name>fixdli.c.obj</name>
      </input_file>
      <input_file id="fl-51">
         <path>D:\ti\ccsv8\tools\compiler\ti-cgt-msp430_18.1.3.LTS\lib\</path>
         <kind>archive</kind>
         <file>rts430_eabi.lib</file>
         <name>fltid.c.obj</name>
      </input_file>
      <input_file id="fl-52">
         <path>D:\ti\ccsv8\tools\compiler\ti-cgt-msp430_18.1.3.LTS\lib\</path>
         <kind>archive</kind>
         <file>rts430_eabi.lib</file>
         <name>fltlid.c.obj</name>
      </input_file>
      <input_file id="fl-53">
         <path>D:\ti\ccsv8\tools\compiler\ti-cgt-msp430_18.1.3.LTS\lib\</path>
         <kind>archive</kind>
         <file>rts430_eabi.lib</file>
         <name>frcaddd.c.obj</name>
      </input_file>
      <input_file id="fl-54">
         <path>D:\ti\ccsv8\tools\compiler\ti-cgt-msp430_18.1.3.LTS\lib\</path>
         <kind>archive</kind>
         <file>rts430_eabi.lib</file>
         <name>frcdivd.c.obj</name>
      </input_file>
      <input_file id="fl-55">
         <path>D:\ti\ccsv8\tools\compiler\ti-cgt-msp430_18.1.3.LTS\lib\</path>
         <kind>archive</kind>
         <file>rts430_eabi.lib</file>
         <name>mpyd.c.obj</name>
      </input_file>
      <input_file id="fl-56">
         <path>D:\ti\ccsv8\tools\compiler\ti-cgt-msp430_18.1.3.LTS\lib\</path>
         <kind>archive</kind>
         <file>rts430_eabi.lib</file>
         <name>negd.c.obj</name>
      </input_file>
      <input_file id="fl-57">
         <path>D:\ti\ccsv8\tools\compiler\ti-cgt-msp430_18.1.3.LTS\lib\</path>
         <kind>archive</kind>
         <file>rts430_eabi.lib</file>
         <name>renormd.c.obj</name>
      </input_file>
      <input_file id="fl-58">
         <path>D:\ti\ccsv8\tools\compiler\ti-cgt-msp430_18.1.3.LTS\lib\</path>
         <kind>archive</kind>
         <file>rts430_eabi.lib</file>
         <name>subd.c.obj</name>
      </input_file>
      <input_file id="fl-59">
         <path>D:\ti\ccsv8\tools\compiler\ti-cgt-msp430_18.1.3.LTS\lib\</path>
         <kind>archive</kind>
         <file>rts430_eabi.lib</file>
         <name>errno.c.obj</name>
      </input_file>
      <input_file id="fl-5a">
         <path>D:\ti\ccsv8\tools\compiler\ti-cgt-msp430_18.1.3.LTS\lib\</path>
         <kind>archive</kind>
         <file>rts430_eabi.lib</file>
         <name>exit.c.obj</name>
      </input_file>
      <input_file id="fl-5b">
         <path>D:\ti\ccsv8\tools\compiler\ti-cgt-msp430_18.1.3.LTS\lib\</path>
         <kind>archive</kind>
         <file>rts430_eabi.lib</file>
         <name>_lock.c.obj</name>
      </input_file>
      <input_file id="fl-5c">
         <path>D:\ti\ccsv8\tools\compiler\ti-cgt-msp430_18.1.3.LTS\lib\</path>
         <kind>archive</kind>
         <file>rts430_eabi.lib</file>
         <name>args_main.c.obj</name>
      </input_file>
      <input_file id="fl-5d">
         <path>D:\ti\ccsv8\tools\compiler\ti-cgt-msp430_18.1.3.LTS\lib\</path>
         <kind>archive</kind>
         <file>rts430_eabi.lib</file>
         <name>memcmp.c.obj</name>
      </input_file>
      <input_file id="fl-5e">
         <path>D:\ti\ccsv8\tools\compiler\ti-cgt-msp430_18.1.3.LTS\lib\</path>
         <kind>archive</kind>
         <file>rts430_eabi.lib</file>
         <name>memcpy.c.obj</name>
      </input_file>
      <input_file id="fl-5f">
         <path>D:\ti\ccsv8\tools\compiler\ti-cgt-msp430_18.1.3.LTS\lib\</path>
         <kind>archive</kind>
         <file>rts430_eabi.lib</file>
         <name>memset.c.obj</name>
      </input_file>
      <input_file id="fl-60">
         <path>D:\ti\ccsv8\tools\compiler\ti-cgt-msp430_18.1.3.LTS\lib\</path>
         <kind>archive</kind>
         <file>rts430_eabi.lib</file>
         <name>strcat.c.obj</name>
      </input_file>
      <input_file id="fl-61">
         <path>D:\ti\ccsv8\tools\compiler\ti-cgt-msp430_18.1.3.LTS\lib\</path>
         <kind>archive</kind>
         <file>rts430_eabi.lib</file>
         <name>strcmp.c.obj</name>
      </input_file>
      <input_file id="fl-62">
         <path>D:\ti\ccsv8\tools\compiler\ti-cgt-msp430_18.1.3.LTS\lib\</path>
         <kind>archive</kind>
         <file>rts430_eabi.lib</file>
         <name>strlen.c.obj</name>
      </input_file>
      <input_file id="fl-63">
         <path>D:\ti\ccsv8\tools\compiler\ti-cgt-msp430_18.1.3.LTS\lib\</path>
         <kind>archive</kind>
         <file>rts430_eabi.lib</file>
         <name>asr32.asm.obj</name>
      </input_file>
      <input_file id="fl-64">
         <path>D:\ti\ccsv8\tools\compiler\ti-cgt-msp430_18.1.3.LTS\lib\</path>
         <kind>archive</kind>
         <file>rts430_eabi.lib</file>
         <name>mult16.asm.obj</name>
      </input_file>
      <input_file id="fl-65">
         <path>D:\ti\ccsv8\tools\compiler\ti-cgt-msp430_18.1.3.LTS\lib\</path>
         <kind>archive</kind>
         <file>rts430_eabi.lib</file>
         <name>mult32.asm.obj</name>
      </input_file>
      <input_file id="fl-66">
         <path>D:\ti\ccsv8\tools\compiler\ti-cgt-msp430_18.1.3.LTS\lib\</path>
         <kind>archive</kind>
         <file>rts430_eabi.lib</file>
         <name>exit_gvars.c.obj</name>
      </input_file>
      <input_file id="fl-67">
         <path>D:\ti\ccsv8\tools\compiler\ti-cgt-msp430_18.1.3.LTS\lib\</path>
         <kind>archive</kind>
         <file>rts430_eabi.lib</file>
         <name>frcmpyd.c.obj</name>
      </input_file>
   </input_file_list>
   <object_component_list>
      <object_component id="oc-15e">
         <name>.common:rxBuffer</name>
         <uninitialized>true</uninitialized>
         <run_address>0x244</run_address>
         <size>0x1</size>
      </object_component>
      <object_component id="oc-374">
         <name>.common:RT_Info</name>
         <uninitialized>true</uninitialized>
         <run_address>0x228</run_address>
         <size>0x18</size>
      </object_component>
      <object_component id="oc-146">
         <name>.common:buffer</name>
         <uninitialized>true</uninitialized>
         <run_address>0x200</run_address>
         <size>0x28</size>
      </object_component>
      <object_component id="oc-1c6">
         <name>.common:work_flag</name>
         <uninitialized>true</uninitialized>
         <run_address>0x242</run_address>
         <size>0x2</size>
      </object_component>
      <object_component id="oc-1e2">
         <name>.common:send_flag</name>
         <uninitialized>true</uninitialized>
         <run_address>0x240</run_address>
         <size>0x2</size>
      </object_component>
      <object_component id="oc-15d">
         <name>.data</name>
         <load_address>0x256</load_address>
         <run_address>0x256</run_address>
         <size>0x2</size>
         <input_file_ref idref="fl-3"/>
      </object_component>
      <object_component id="oc-298">
         <name>.data:FeatureCode</name>
         <load_address>0x246</load_address>
         <run_address>0x246</run_address>
         <size>0xa</size>
         <input_file_ref idref="fl-6"/>
      </object_component>
      <object_component id="oc-31e">
         <name>.data:Command_Help</name>
         <load_address>0x250</load_address>
         <run_address>0x250</run_address>
         <size>0x2</size>
         <input_file_ref idref="fl-6"/>
      </object_component>
      <object_component id="oc-333">
         <name>.data:FCS_Help</name>
         <load_address>0x252</load_address>
         <run_address>0x252</run_address>
         <size>0x2</size>
         <input_file_ref idref="fl-6"/>
      </object_component>
      <object_component id="oc-32a">
         <name>.data:LEN_Help</name>
         <load_address>0x254</load_address>
         <run_address>0x254</run_address>
         <size>0x2</size>
         <input_file_ref idref="fl-6"/>
      </object_component>
      <object_component id="oc-143">
         <name>.data</name>
         <load_address>0x25a</load_address>
         <run_address>0x25a</run_address>
         <size>0x2</size>
         <input_file_ref idref="fl-b"/>
      </object_component>
      <object_component id="oc-445">
         <name>.data</name>
         <load_address>0x258</load_address>
         <run_address>0x258</run_address>
         <size>0x2</size>
         <input_file_ref idref="fl-59"/>
      </object_component>
      <object_component id="oc-b1">
         <name>.stack</name>
         <uninitialized>true</uninitialized>
         <run_address>0x3b0</run_address>
         <size>0x2</size>
         <input_file_ref idref="fl-40"/>
      </object_component>
      <object_component id="oc-558">
         <name>.stack</name>
         <uninitialized>true</uninitialized>
         <run_address>0x3b0</run_address>
         <size>0x0</size>
      </object_component>
      <object_component id="oc-3f5">
         <name>.text:atan</name>
         <load_address>0xc000</load_address>
         <run_address>0xc000</run_address>
         <size>0x4b8</size>
         <input_file_ref idref="fl-28"/>
      </object_component>
      <object_component id="oc-45e">
         <name>.text:__TI_frcdivd</name>
         <load_address>0xc4b8</load_address>
         <run_address>0xc4b8</run_address>
         <size>0x478</size>
         <input_file_ref idref="fl-54"/>
      </object_component>
      <object_component id="oc-36e">
         <name>.text:make_angle</name>
         <load_address>0xc930</load_address>
         <run_address>0xc930</run_address>
         <size>0x3c6</size>
         <input_file_ref idref="fl-a"/>
      </object_component>
      <object_component id="oc-43f">
         <name>.text:__mspabi_addd</name>
         <load_address>0xccf6</load_address>
         <run_address>0xccf6</run_address>
         <size>0x2fa</size>
         <input_file_ref idref="fl-4b"/>
      </object_component>
      <object_component id="oc-3e9">
         <name>.text:sqrt</name>
         <load_address>0xcff0</load_address>
         <run_address>0xcff0</run_address>
         <size>0x2f8</size>
         <input_file_ref idref="fl-27"/>
      </object_component>
      <object_component id="oc-487">
         <name>.text:__TI_frcmpyd</name>
         <load_address>0xd2e8</load_address>
         <run_address>0xd2e8</run_address>
         <size>0x286</size>
         <input_file_ref idref="fl-67"/>
      </object_component>
      <object_component id="oc-3fb">
         <name>.text:__mspabi_mpyd</name>
         <load_address>0xd56e</load_address>
         <run_address>0xd56e</run_address>
         <size>0x26e</size>
         <input_file_ref idref="fl-55"/>
      </object_component>
      <object_component id="oc-4ae">
         <name>.text:__TI_frcaddd</name>
         <load_address>0xd7dc</load_address>
         <run_address>0xd7dc</run_address>
         <size>0x260</size>
         <input_file_ref idref="fl-53"/>
      </object_component>
      <object_component id="oc-3ef">
         <name>.text:__mspabi_divd</name>
         <load_address>0xda3c</load_address>
         <run_address>0xda3c</run_address>
         <size>0x238</size>
         <input_file_ref idref="fl-4e"/>
      </object_component>
      <object_component id="oc-3de">
         <name>.text</name>
         <load_address>0xdc74</load_address>
         <run_address>0xdc74</run_address>
         <size>0x132</size>
         <input_file_ref idref="fl-2d"/>
      </object_component>
      <object_component id="oc-2c7">
         <name>.text:Send_Angle_A</name>
         <load_address>0xdda6</load_address>
         <run_address>0xdda6</run_address>
         <size>0x10e</size>
         <input_file_ref idref="fl-6"/>
      </object_component>
      <object_component id="oc-2cd">
         <name>.text:Send_Angle_B</name>
         <load_address>0xdeb4</load_address>
         <run_address>0xdeb4</run_address>
         <size>0x10e</size>
         <input_file_ref idref="fl-6"/>
      </object_component>
      <object_component id="oc-47d">
         <name>.text:__mspabi_cmpd</name>
         <load_address>0xdfc2</load_address>
         <run_address>0xdfc2</run_address>
         <size>0xdc</size>
         <input_file_ref idref="fl-4c"/>
      </object_component>
      <object_component id="oc-3d9">
         <name>.text</name>
         <load_address>0xe09e</load_address>
         <run_address>0xe09e</run_address>
         <size>0xc4</size>
         <input_file_ref idref="fl-2e"/>
      </object_component>
      <object_component id="oc-4f8">
         <name>.text:__TI_renormd</name>
         <load_address>0xe162</load_address>
         <run_address>0xe162</run_address>
         <size>0xbe</size>
         <input_file_ref idref="fl-57"/>
      </object_component>
      <object_component id="oc-41d">
         <name>.text:Multiple_read_ADXL345</name>
         <load_address>0xe220</load_address>
         <run_address>0xe220</run_address>
         <size>0xb2</size>
         <input_file_ref idref="fl-4"/>
      </object_component>
      <object_component id="oc-4a4">
         <name>.text:__mspabi_fltlid</name>
         <load_address>0xe2d2</load_address>
         <run_address>0xe2d2</run_address>
         <size>0xac</size>
         <input_file_ref idref="fl-52"/>
      </object_component>
      <object_component id="oc-156">
         <name>.text:Command_Handler</name>
         <load_address>0xe37e</load_address>
         <run_address>0xe37e</run_address>
         <size>0xa4</size>
         <input_file_ref idref="fl-b"/>
      </object_component>
      <object_component id="oc-1fb">
         <name>.text:Init_ADXL345</name>
         <load_address>0xe422</load_address>
         <run_address>0xe422</run_address>
         <size>0x9a</size>
         <input_file_ref idref="fl-4"/>
      </object_component>
      <object_component id="oc-401">
         <name>.text:__mspabi_cvtdf</name>
         <load_address>0xe4bc</load_address>
         <run_address>0xe4bc</run_address>
         <size>0x8c</size>
         <input_file_ref idref="fl-4a"/>
      </object_component>
      <object_component id="oc-34">
         <name>.text:decompress:lzss:__TI_decompress_lzss</name>
         <load_address>0xe548</load_address>
         <run_address>0xe548</run_address>
         <size>0x7c</size>
         <input_file_ref idref="fl-49"/>
      </object_component>
      <object_component id="oc-3cd">
         <name>.text:get_raw_value</name>
         <load_address>0xe5c4</load_address>
         <run_address>0xe5c4</run_address>
         <size>0x7a</size>
         <input_file_ref idref="fl-a"/>
      </object_component>
      <object_component id="oc-3d3">
         <name>.text:make_g_float</name>
         <load_address>0xe63e</load_address>
         <run_address>0xe63e</run_address>
         <size>0x76</size>
         <input_file_ref idref="fl-a"/>
      </object_component>
      <object_component id="oc-e1">
         <name>.text:USCI0RX_ISR</name>
         <load_address>0xe6b4</load_address>
         <run_address>0xe6b4</run_address>
         <size>0x74</size>
         <input_file_ref idref="fl-b"/>
      </object_component>
      <object_component id="oc-3e3">
         <name>.text:__mspabi_cvtfd</name>
         <load_address>0xe728</load_address>
         <run_address>0xe728</run_address>
         <size>0x72</size>
         <input_file_ref idref="fl-4d"/>
      </object_component>
      <object_component id="oc-377">
         <name>.text</name>
         <load_address>0xe79a</load_address>
         <run_address>0xe79a</run_address>
         <size>0x68</size>
         <input_file_ref idref="fl-2f"/>
      </object_component>
      <object_component id="oc-448">
         <name>.text:l_lsr_const</name>
         <load_address>0xe802</load_address>
         <run_address>0xe802</run_address>
         <size>0x5c</size>
         <input_file_ref idref="fl-3f"/>
      </object_component>
      <object_component id="oc-496">
         <name>.text:IIC_Readbyte</name>
         <load_address>0xe85e</load_address>
         <run_address>0xe85e</run_address>
         <size>0x5a</size>
         <input_file_ref idref="fl-2"/>
      </object_component>
      <object_component id="oc-e7">
         <name>.text:Timer_A1_ISR</name>
         <load_address>0xe8b8</load_address>
         <run_address>0xe8b8</run_address>
         <size>0x5a</size>
         <input_file_ref idref="fl-3"/>
      </object_component>
      <object_component id="oc-347">
         <name>.text:IIC_Waitack</name>
         <load_address>0xe912</load_address>
         <run_address>0xe912</run_address>
         <size>0x52</size>
         <input_file_ref idref="fl-2"/>
      </object_component>
      <object_component id="oc-341">
         <name>.text:IIC_Sendbyte</name>
         <load_address>0xe964</load_address>
         <run_address>0xe964</run_address>
         <size>0x4e</size>
         <input_file_ref idref="fl-2"/>
      </object_component>
      <object_component id="oc-360">
         <name>.text:B_IIC_Waitack</name>
         <load_address>0xe9b2</load_address>
         <run_address>0xe9b2</run_address>
         <size>0x4c</size>
         <input_file_ref idref="fl-2"/>
      </object_component>
      <object_component id="oc-ba">
         <name>.text</name>
         <load_address>0xe9fe</load_address>
         <run_address>0xe9fe</run_address>
         <size>0x4c</size>
         <input_file_ref idref="fl-3e"/>
      </object_component>
      <object_component id="oc-35a">
         <name>.text:B_IIC_Sendbyte</name>
         <load_address>0xea4a</load_address>
         <run_address>0xea4a</run_address>
         <size>0x48</size>
         <input_file_ref idref="fl-2"/>
      </object_component>
      <object_component id="oc-2a1">
         <name>.text:Add_FCS</name>
         <load_address>0xea92</load_address>
         <run_address>0xea92</run_address>
         <size>0x42</size>
         <input_file_ref idref="fl-6"/>
      </object_component>
      <object_component id="oc-1e3">
         <name>.text:Send_FeatureCode</name>
         <load_address>0xead4</load_address>
         <run_address>0xead4</run_address>
         <size>0x42</size>
         <input_file_ref idref="fl-6"/>
      </object_component>
      <object_component id="oc-22c">
         <name>.text:__TI_auto_init_nobinit_nopinit:__TI_auto_init_nobinit_nopinit</name>
         <load_address>0xeb16</load_address>
         <run_address>0xeb16</run_address>
         <size>0x42</size>
         <input_file_ref idref="fl-41"/>
      </object_component>
      <object_component id="oc-37c">
         <name>.text:Add_LengthAndData_Angle</name>
         <load_address>0xeb58</load_address>
         <run_address>0xeb58</run_address>
         <size>0x40</size>
         <input_file_ref idref="fl-6"/>
      </object_component>
      <object_component id="oc-433">
         <name>.text:l_asr_const</name>
         <load_address>0xeb98</load_address>
         <run_address>0xeb98</run_address>
         <size>0x3e</size>
         <input_file_ref idref="fl-63"/>
      </object_component>
      <object_component id="oc-48f">
         <name>.text:l_lsl_const</name>
         <load_address>0xebd6</load_address>
         <run_address>0xebd6</run_address>
         <size>0x3e</size>
         <input_file_ref idref="fl-3d"/>
      </object_component>
      <object_component id="oc-33b">
         <name>.text:IIC_Start</name>
         <load_address>0xec14</load_address>
         <run_address>0xec14</run_address>
         <size>0x38</size>
         <input_file_ref idref="fl-2"/>
      </object_component>
      <object_component id="oc-34d">
         <name>.text:IIC_Stop</name>
         <load_address>0xec4c</load_address>
         <run_address>0xec4c</run_address>
         <size>0x38</size>
         <input_file_ref idref="fl-2"/>
      </object_component>
      <object_component id="oc-2b6">
         <name>.text:B_Single_Write_ADXL345</name>
         <load_address>0xec84</load_address>
         <run_address>0xec84</run_address>
         <size>0x34</size>
         <input_file_ref idref="fl-4"/>
      </object_component>
      <object_component id="oc-4e2">
         <name>.text:IIC_Ack</name>
         <load_address>0xecb8</load_address>
         <run_address>0xecb8</run_address>
         <size>0x34</size>
         <input_file_ref idref="fl-2"/>
      </object_component>
      <object_component id="oc-2b0">
         <name>.text:Single_Write_ADXL345</name>
         <load_address>0xecec</load_address>
         <run_address>0xecec</run_address>
         <size>0x34</size>
         <input_file_ref idref="fl-4"/>
      </object_component>
      <object_component id="oc-354">
         <name>.text:B_IIC_Start</name>
         <load_address>0xed20</load_address>
         <run_address>0xed20</run_address>
         <size>0x32</size>
         <input_file_ref idref="fl-2"/>
      </object_component>
      <object_component id="oc-366">
         <name>.text:B_IIC_Stop</name>
         <load_address>0xed52</load_address>
         <run_address>0xed52</run_address>
         <size>0x32</size>
         <input_file_ref idref="fl-2"/>
      </object_component>
      <object_component id="oc-4dc">
         <name>.text:IIC_Nack</name>
         <load_address>0xed84</load_address>
         <run_address>0xed84</run_address>
         <size>0x32</size>
         <input_file_ref idref="fl-2"/>
      </object_component>
      <object_component id="oc-477">
         <name>.text:__mspabi_subd</name>
         <load_address>0xedb6</load_address>
         <run_address>0xedb6</run_address>
         <size>0x2e</size>
         <input_file_ref idref="fl-58"/>
      </object_component>
      <object_component id="oc-20d">
         <name>.text:UART_Init</name>
         <load_address>0xede4</load_address>
         <run_address>0xede4</run_address>
         <size>0x2c</size>
         <input_file_ref idref="fl-c"/>
      </object_component>
      <object_component id="oc-32e">
         <name>.text</name>
         <load_address>0xee10</load_address>
         <run_address>0xee10</run_address>
         <size>0x2c</size>
         <input_file_ref idref="fl-29"/>
      </object_component>
      <object_component id="oc-49e">
         <name>.text</name>
         <load_address>0xee3c</load_address>
         <run_address>0xee3c</run_address>
         <size>0x2c</size>
         <input_file_ref idref="fl-2a"/>
      </object_component>
      <object_component id="oc-b5">
         <name>.text</name>
         <load_address>0xee68</load_address>
         <run_address>0xee68</run_address>
         <size>0x2c</size>
         <input_file_ref idref="fl-3c"/>
      </object_component>
      <object_component id="oc-471">
         <name>.text:__mspabi_negd</name>
         <load_address>0xee94</load_address>
         <run_address>0xee94</run_address>
         <size>0x2a</size>
         <input_file_ref idref="fl-56"/>
      </object_component>
      <object_component id="oc-170">
         <name>.text:main</name>
         <load_address>0xeebe</load_address>
         <run_address>0xeebe</run_address>
         <size>0x2a</size>
         <input_file_ref idref="fl-9"/>
      </object_component>
      <object_component id="oc-29b">
         <name>.text:Add_LengthAndData</name>
         <load_address>0xeee8</load_address>
         <run_address>0xeee8</run_address>
         <size>0x28</size>
         <input_file_ref idref="fl-6"/>
      </object_component>
      <object_component id="oc-1f5">
         <name>.text:IIC_Init</name>
         <load_address>0xef10</load_address>
         <run_address>0xef10</run_address>
         <size>0x26</size>
         <input_file_ref idref="fl-2"/>
      </object_component>
      <object_component id="oc-423">
         <name>.text:get_mean</name>
         <load_address>0xef36</load_address>
         <run_address>0xef36</run_address>
         <size>0x26</size>
         <input_file_ref idref="fl-a"/>
      </object_component>
      <object_component id="oc-1dc">
         <name>.text:long_beep</name>
         <load_address>0xef5c</load_address>
         <run_address>0xef5c</run_address>
         <size>0x26</size>
         <input_file_ref idref="fl-5"/>
      </object_component>
      <object_component id="oc-1cd">
         <name>.text:long_short_beep</name>
         <load_address>0xef82</load_address>
         <run_address>0xef82</run_address>
         <size>0x26</size>
         <input_file_ref idref="fl-5"/>
      </object_component>
      <object_component id="oc-4c2">
         <name>.text</name>
         <load_address>0xefa8</load_address>
         <run_address>0xefa8</run_address>
         <size>0x26</size>
         <input_file_ref idref="fl-65"/>
      </object_component>
      <object_component id="oc-1d6">
         <name>.text:short_beep</name>
         <load_address>0xefce</load_address>
         <run_address>0xefce</run_address>
         <size>0x26</size>
         <input_file_ref idref="fl-5"/>
      </object_component>
      <object_component id="oc-1c7">
         <name>.text:two_short_beep</name>
         <load_address>0xeff4</load_address>
         <run_address>0xeff4</run_address>
         <size>0x26</size>
         <input_file_ref idref="fl-5"/>
      </object_component>
      <object_component id="oc-1c0">
         <name>.text:memcmp</name>
         <load_address>0xf01a</load_address>
         <run_address>0xf01a</run_address>
         <size>0x22</size>
         <input_file_ref idref="fl-5d"/>
      </object_component>
      <object_component id="oc-219">
         <name>.text:StateMachine</name>
         <load_address>0xf03c</load_address>
         <run_address>0xf03c</run_address>
         <size>0x1c</size>
         <input_file_ref idref="fl-b"/>
      </object_component>
      <object_component id="oc-ff">
         <name>.text:_c_int00_noargs</name>
         <load_address>0xf058</load_address>
         <run_address>0xf058</run_address>
         <size>0x1c</size>
         <input_file_ref idref="fl-40"/>
      </object_component>
      <object_component id="oc-317">
         <name>.text:strcat</name>
         <load_address>0xf074</load_address>
         <run_address>0xf074</run_address>
         <size>0x1a</size>
         <input_file_ref idref="fl-60"/>
      </object_component>
      <object_component id="oc-14a">
         <name>.text:putstr</name>
         <load_address>0xf08e</load_address>
         <run_address>0xf08e</run_address>
         <size>0x18</size>
         <input_file_ref idref="fl-c"/>
      </object_component>
      <object_component id="oc-1ab">
         <name>.text:strcmp</name>
         <load_address>0xf0a6</load_address>
         <run_address>0xf0a6</run_address>
         <size>0x18</size>
         <input_file_ref idref="fl-61"/>
      </object_component>
      <object_component id="oc-4eb">
         <name>.text</name>
         <load_address>0xf0be</load_address>
         <run_address>0xf0be</run_address>
         <size>0x16</size>
         <input_file_ref idref="fl-2b"/>
      </object_component>
      <object_component id="oc-ed">
         <name>.text:decompress:ZI:__TI_zero_init_nomemset:__TI_zero_init_nomemset</name>
         <load_address>0xf0d4</load_address>
         <run_address>0xf0d4</run_address>
         <size>0x14</size>
         <input_file_ref idref="fl-42"/>
      </object_component>
      <object_component id="oc-150">
         <name>.text:memset</name>
         <load_address>0xf0e8</load_address>
         <run_address>0xf0e8</run_address>
         <size>0x14</size>
         <input_file_ref idref="fl-5f"/>
      </object_component>
      <object_component id="oc-3aa">
         <name>.text</name>
         <load_address>0xf0fc</load_address>
         <run_address>0xf0fc</run_address>
         <size>0x14</size>
         <input_file_ref idref="fl-64"/>
      </object_component>
      <object_component id="oc-1ef">
         <name>.text:System_Clock</name>
         <load_address>0xf110</load_address>
         <run_address>0xf110</run_address>
         <size>0x12</size>
         <input_file_ref idref="fl-9"/>
      </object_component>
      <object_component id="oc-3a">
         <name>.text:decompress:none:__TI_decompress_none</name>
         <load_address>0xf122</load_address>
         <run_address>0xf122</run_address>
         <size>0x12</size>
         <input_file_ref idref="fl-48"/>
      </object_component>
      <object_component id="oc-44d">
         <name>.text:l_lsr</name>
         <load_address>0xf134</load_address>
         <run_address>0xf134</run_address>
         <size>0x12</size>
         <input_file_ref idref="fl-3f"/>
      </object_component>
      <object_component id="oc-cf">
         <name>.text:memcpy</name>
         <load_address>0xf146</load_address>
         <run_address>0xf146</run_address>
         <size>0x12</size>
         <input_file_ref idref="fl-5e"/>
      </object_component>
      <object_component id="oc-4f3">
         <name>.text:l_asr</name>
         <load_address>0xf158</load_address>
         <run_address>0xf158</run_address>
         <size>0x10</size>
         <input_file_ref idref="fl-63"/>
      </object_component>
      <object_component id="oc-452">
         <name>.text:l_lsl</name>
         <load_address>0xf168</load_address>
         <run_address>0xf168</run_address>
         <size>0x10</size>
         <input_file_ref idref="fl-3d"/>
      </object_component>
      <object_component id="oc-bf">
         <name>.text</name>
         <load_address>0xf178</load_address>
         <run_address>0xf178</run_address>
         <size>0x10</size>
         <input_file_ref idref="fl-2c"/>
      </object_component>
      <object_component id="oc-292">
         <name>.text:Add_CommandCode</name>
         <load_address>0xf188</load_address>
         <run_address>0xf188</run_address>
         <size>0xe</size>
         <input_file_ref idref="fl-6"/>
      </object_component>
      <object_component id="oc-213">
         <name>.text:StateMachine_Init</name>
         <load_address>0xf196</load_address>
         <run_address>0xf196</run_address>
         <size>0xe</size>
         <input_file_ref idref="fl-b"/>
      </object_component>
      <object_component id="oc-201">
         <name>.text:init_led</name>
         <load_address>0xf1a4</load_address>
         <run_address>0xf1a4</run_address>
         <size>0xe</size>
         <input_file_ref idref="fl-8"/>
      </object_component>
      <object_component id="oc-324">
         <name>.text:strlen</name>
         <load_address>0xf1b2</load_address>
         <run_address>0xf1b2</run_address>
         <size>0xe</size>
         <input_file_ref idref="fl-62"/>
      </object_component>
      <object_component id="oc-42a">
         <name>.text:__mspabi_fltid</name>
         <load_address>0xf1c0</load_address>
         <run_address>0xf1c0</run_address>
         <size>0xc</size>
         <input_file_ref idref="fl-51"/>
      </object_component>
      <object_component id="oc-19e">
         <name>.text:putchar</name>
         <load_address>0xf1cc</load_address>
         <run_address>0xf1cc</run_address>
         <size>0xc</size>
         <input_file_ref idref="fl-c"/>
      </object_component>
      <object_component id="oc-2a7">
         <name>.text:Add_EndCode</name>
         <load_address>0xf1d8</load_address>
         <run_address>0xf1d8</run_address>
         <size>0xa</size>
         <input_file_ref idref="fl-6"/>
      </object_component>
      <object_component id="oc-28c">
         <name>.text:Add_StartCode</name>
         <load_address>0xf1e2</load_address>
         <run_address>0xf1e2</run_address>
         <size>0xa</size>
         <input_file_ref idref="fl-6"/>
      </object_component>
      <object_component id="oc-207">
         <name>.text:init_beep</name>
         <load_address>0xf1ec</load_address>
         <run_address>0xf1ec</run_address>
         <size>0xa</size>
         <input_file_ref idref="fl-5"/>
      </object_component>
      <object_component id="oc-dc">
         <name>.text:_isr:__TI_ISR_TRAP</name>
         <load_address>0xf1f6</load_address>
         <run_address>0xf1f6</run_address>
         <size>0x8</size>
         <input_file_ref idref="fl-3b"/>
      </object_component>
      <object_component id="oc-2c0">
         <name>.text:Buffer_Init</name>
         <load_address>0xf1fe</load_address>
         <run_address>0xf1fe</run_address>
         <size>0x6</size>
         <input_file_ref idref="fl-b"/>
      </object_component>
      <object_component id="oc-220">
         <name>.text:abort</name>
         <load_address>0xf204</load_address>
         <run_address>0xf204</run_address>
         <size>0x6</size>
         <input_file_ref idref="fl-5a"/>
      </object_component>
      <object_component id="oc-284">
         <name>.text:off_beep</name>
         <load_address>0xf20a</load_address>
         <run_address>0xf20a</run_address>
         <size>0x6</size>
         <input_file_ref idref="fl-5"/>
      </object_component>
      <object_component id="oc-27e">
         <name>.text:on_beep</name>
         <load_address>0xf210</load_address>
         <run_address>0xf210</run_address>
         <size>0x6</size>
         <input_file_ref idref="fl-5"/>
      </object_component>
      <object_component id="oc-16a">
         <name>.text:_system_pre_init</name>
         <load_address>0xf216</load_address>
         <run_address>0xf216</run_address>
         <size>0x4</size>
         <input_file_ref idref="fl-46"/>
      </object_component>
      <object_component id="oc-2e6">
         <name>.text:_system_post_cinit</name>
         <load_address>0xf21a</load_address>
         <run_address>0xf21a</run_address>
         <size>0x2</size>
         <input_file_ref idref="fl-47"/>
      </object_component>
      <object_component id="oc-557">
         <name>.cinit..data.load</name>
         <load_address>0xf2f4</load_address>
         <run_address>0xf2f4</run_address>
         <size>0x14</size>
      </object_component>
      <object_component id="oc-554">
         <name>__TI_handler_table</name>
         <load_address>0xf308</load_address>
         <run_address>0xf308</run_address>
         <size>0x6</size>
      </object_component>
      <object_component id="oc-556">
         <name>.cinit..bss.load</name>
         <load_address>0xf30e</load_address>
         <run_address>0xf30e</run_address>
         <size>0x4</size>
      </object_component>
      <object_component id="oc-555">
         <name>__TI_cinit_table</name>
         <load_address>0xf312</load_address>
         <run_address>0xf312</run_address>
         <size>0x8</size>
      </object_component>
      <object_component id="oc-483">
         <name>.const:aT</name>
         <load_address>0xf21c</load_address>
         <run_address>0xf21c</run_address>
         <size>0x58</size>
         <input_file_ref idref="fl-28"/>
      </object_component>
      <object_component id="oc-46b">
         <name>.const:atanhi</name>
         <load_address>0xf274</load_address>
         <run_address>0xf274</run_address>
         <size>0x20</size>
         <input_file_ref idref="fl-28"/>
      </object_component>
      <object_component id="oc-46e">
         <name>.const:atanlo</name>
         <load_address>0xf294</load_address>
         <run_address>0xf294</run_address>
         <size>0x20</size>
         <input_file_ref idref="fl-28"/>
      </object_component>
      <object_component id="oc-149">
         <name>.const:.string</name>
         <load_address>0xf2b4</load_address>
         <run_address>0xf2b4</run_address>
         <size>0x10</size>
         <input_file_ref idref="fl-b"/>
      </object_component>
      <object_component id="oc-1b4">
         <name>.const:.string:ONLY_A</name>
         <load_address>0xf2c4</load_address>
         <run_address>0xf2c4</run_address>
         <size>0x7</size>
         <input_file_ref idref="fl-b"/>
      </object_component>
      <object_component id="oc-1b1">
         <name>.const:.string:OUTER_READY_2</name>
         <load_address>0xf2cc</load_address>
         <run_address>0xf2cc</run_address>
         <size>0x7</size>
         <input_file_ref idref="fl-b"/>
      </object_component>
      <object_component id="oc-1b7">
         <name>.const:.string:TOTAL_A_B</name>
         <load_address>0xf2d4</load_address>
         <run_address>0xf2d4</run_address>
         <size>0x7</size>
         <input_file_ref idref="fl-b"/>
      </object_component>
      <object_component id="oc-1a8">
         <name>.const:.string:OUTER_READY</name>
         <load_address>0xf2dc</load_address>
         <run_address>0xf2dc</run_address>
         <size>0x6</size>
         <input_file_ref idref="fl-b"/>
      </object_component>
      <object_component id="oc-1ba">
         <name>.const:.string:STEP_BACK</name>
         <load_address>0xf2e2</load_address>
         <run_address>0xf2e2</run_address>
         <size>0x6</size>
         <input_file_ref idref="fl-b"/>
      </object_component>
      <object_component id="oc-1bd">
         <name>.const:.string:MISSION_FINISH_0_1</name>
         <load_address>0xf2e8</load_address>
         <run_address>0xf2e8</run_address>
         <size>0x3</size>
         <input_file_ref idref="fl-b"/>
      </object_component>
      <object_component id="oc-1d3">
         <name>.const:.string:STEP_FINISH_0_1</name>
         <load_address>0xf2ec</load_address>
         <run_address>0xf2ec</run_address>
         <size>0x3</size>
         <input_file_ref idref="fl-b"/>
      </object_component>
      <object_component id="oc-337">
         <name>.const:.string:END_CODE</name>
         <load_address>0xf2f0</load_address>
         <run_address>0xf2f0</run_address>
         <size>0x2</size>
         <input_file_ref idref="fl-6"/>
      </object_component>
      <object_component id="oc-314">
         <name>.const:.string:START_CODE</name>
         <load_address>0xf2f2</load_address>
         <run_address>0xf2f2</run_address>
         <size>0x2</size>
         <input_file_ref idref="fl-6"/>
      </object_component>
      <object_component id="oc-516">
         <name>.binit</name>
         <load_address>0xc000</load_address>
         <run_address>0xc000</run_address>
         <size>0x0</size>
      </object_component>
      <object_component id="oc-40">
         <name>.int00</name>
         <load_address>0xffe0</load_address>
         <run_address>0xffe0</run_address>
         <size>0x2</size>
         <input_file_ref idref="fl-30"/>
      </object_component>
      <object_component id="oc-41">
         <name>.int02</name>
         <load_address>0xffe4</load_address>
         <run_address>0xffe4</run_address>
         <size>0x2</size>
         <input_file_ref idref="fl-31"/>
      </object_component>
      <object_component id="oc-42">
         <name>.int03</name>
         <load_address>0xffe6</load_address>
         <run_address>0xffe6</run_address>
         <size>0x2</size>
         <input_file_ref idref="fl-32"/>
      </object_component>
      <object_component id="oc-43">
         <name>.int05</name>
         <load_address>0xffea</load_address>
         <run_address>0xffea</run_address>
         <size>0x2</size>
         <input_file_ref idref="fl-33"/>
      </object_component>
      <object_component id="oc-44">
         <name>.int06</name>
         <load_address>0xffec</load_address>
         <run_address>0xffec</run_address>
         <size>0x2</size>
         <input_file_ref idref="fl-34"/>
      </object_component>
      <object_component id="oc-45">
         <name>.int07</name>
         <load_address>0xffee</load_address>
         <run_address>0xffee</run_address>
         <size>0x2</size>
         <input_file_ref idref="fl-b"/>
      </object_component>
      <object_component id="oc-46">
         <name>.int08</name>
         <load_address>0xfff0</load_address>
         <run_address>0xfff0</run_address>
         <size>0x2</size>
         <input_file_ref idref="fl-3"/>
      </object_component>
      <object_component id="oc-47">
         <name>.int09</name>
         <load_address>0xfff2</load_address>
         <run_address>0xfff2</run_address>
         <size>0x2</size>
         <input_file_ref idref="fl-35"/>
      </object_component>
      <object_component id="oc-48">
         <name>.int10</name>
         <load_address>0xfff4</load_address>
         <run_address>0xfff4</run_address>
         <size>0x2</size>
         <input_file_ref idref="fl-36"/>
      </object_component>
      <object_component id="oc-49">
         <name>.int11</name>
         <load_address>0xfff6</load_address>
         <run_address>0xfff6</run_address>
         <size>0x2</size>
         <input_file_ref idref="fl-37"/>
      </object_component>
      <object_component id="oc-4a">
         <name>.int12</name>
         <load_address>0xfff8</load_address>
         <run_address>0xfff8</run_address>
         <size>0x2</size>
         <input_file_ref idref="fl-38"/>
      </object_component>
      <object_component id="oc-4b">
         <name>.int13</name>
         <load_address>0xfffa</load_address>
         <run_address>0xfffa</run_address>
         <size>0x2</size>
         <input_file_ref idref="fl-39"/>
      </object_component>
      <object_component id="oc-4c">
         <name>.int14</name>
         <load_address>0xfffc</load_address>
         <run_address>0xfffc</run_address>
         <size>0x2</size>
         <input_file_ref idref="fl-3a"/>
      </object_component>
      <object_component id="oc-b4">
         <name>.reset</name>
         <load_address>0xfffe</load_address>
         <run_address>0xfffe</run_address>
         <size>0x2</size>
         <input_file_ref idref="fl-40"/>
      </object_component>
      <object_component id="oc-34e">
         <name>.debug_info</name>
         <load_address>0x0</load_address>
         <run_address>0x0</run_address>
         <size>0xfa</size>
         <input_file_ref idref="fl-2"/>
      </object_component>
      <object_component id="oc-348">
         <name>.debug_info</name>
         <load_address>0xfa</load_address>
         <run_address>0xfa</run_address>
         <size>0x136</size>
         <input_file_ref idref="fl-2"/>
      </object_component>
      <object_component id="oc-33c">
         <name>.debug_info</name>
         <load_address>0x230</load_address>
         <run_address>0x230</run_address>
         <size>0xfc</size>
         <input_file_ref idref="fl-2"/>
      </object_component>
      <object_component id="oc-342">
         <name>.debug_info</name>
         <load_address>0x32c</load_address>
         <run_address>0x32c</run_address>
         <size>0x14d</size>
         <input_file_ref idref="fl-2"/>
      </object_component>
      <object_component id="oc-4de">
         <name>.debug_info</name>
         <load_address>0x479</load_address>
         <run_address>0x479</run_address>
         <size>0xfa</size>
         <input_file_ref idref="fl-2"/>
      </object_component>
      <object_component id="oc-4e4">
         <name>.debug_info</name>
         <load_address>0x573</load_address>
         <run_address>0x573</run_address>
         <size>0xf8</size>
         <input_file_ref idref="fl-2"/>
      </object_component>
      <object_component id="oc-498">
         <name>.debug_info</name>
         <load_address>0x66b</load_address>
         <run_address>0x66b</run_address>
         <size>0x189</size>
         <input_file_ref idref="fl-2"/>
      </object_component>
      <object_component id="oc-1f7">
         <name>.debug_info</name>
         <load_address>0x7f4</load_address>
         <run_address>0x7f4</run_address>
         <size>0xfa</size>
         <input_file_ref idref="fl-2"/>
      </object_component>
      <object_component id="oc-367">
         <name>.debug_info</name>
         <load_address>0x8ee</load_address>
         <run_address>0x8ee</run_address>
         <size>0xfe</size>
         <input_file_ref idref="fl-2"/>
      </object_component>
      <object_component id="oc-362">
         <name>.debug_info</name>
         <load_address>0x9ec</load_address>
         <run_address>0x9ec</run_address>
         <size>0x13c</size>
         <input_file_ref idref="fl-2"/>
      </object_component>
      <object_component id="oc-356">
         <name>.debug_info</name>
         <load_address>0xb28</load_address>
         <run_address>0xb28</run_address>
         <size>0x100</size>
         <input_file_ref idref="fl-2"/>
      </object_component>
      <object_component id="oc-35b">
         <name>.debug_info</name>
         <load_address>0xc28</load_address>
         <run_address>0xc28</run_address>
         <size>0x152</size>
         <input_file_ref idref="fl-2"/>
      </object_component>
      <object_component id="oc-ca">
         <name>.debug_info</name>
         <load_address>0xd7a</load_address>
         <run_address>0xd7a</run_address>
         <size>0x84</size>
         <input_file_ref idref="fl-2"/>
      </object_component>
      <object_component id="oc-15f">
         <name>.debug_info</name>
         <load_address>0xdfe</load_address>
         <run_address>0xdfe</run_address>
         <size>0x2ca</size>
         <input_file_ref idref="fl-3"/>
      </object_component>
      <object_component id="oc-ea">
         <name>.debug_info</name>
         <load_address>0x10c8</load_address>
         <run_address>0x10c8</run_address>
         <size>0x140</size>
         <input_file_ref idref="fl-3"/>
      </object_component>
      <object_component id="oc-49d">
         <name>.debug_info</name>
         <load_address>0x1208</load_address>
         <run_address>0x1208</run_address>
         <size>0x2a7</size>
         <input_file_ref idref="fl-4"/>
      </object_component>
      <object_component id="oc-2b1">
         <name>.debug_info</name>
         <load_address>0x14af</load_address>
         <run_address>0x14af</run_address>
         <size>0x21c</size>
         <input_file_ref idref="fl-4"/>
      </object_component>
      <object_component id="oc-41e">
         <name>.debug_info</name>
         <load_address>0x16cb</load_address>
         <run_address>0x16cb</run_address>
         <size>0x282</size>
         <input_file_ref idref="fl-4"/>
      </object_component>
      <object_component id="oc-2b7">
         <name>.debug_info</name>
         <load_address>0x194d</load_address>
         <run_address>0x194d</run_address>
         <size>0x230</size>
         <input_file_ref idref="fl-4"/>
      </object_component>
      <object_component id="oc-1fc">
         <name>.debug_info</name>
         <load_address>0x1b7d</load_address>
         <run_address>0x1b7d</run_address>
         <size>0x296</size>
         <input_file_ref idref="fl-4"/>
      </object_component>
      <object_component id="oc-27f">
         <name>.debug_info</name>
         <load_address>0x1e13</load_address>
         <run_address>0x1e13</run_address>
         <size>0xfb</size>
         <input_file_ref idref="fl-5"/>
      </object_component>
      <object_component id="oc-285">
         <name>.debug_info</name>
         <load_address>0x1f0e</load_address>
         <run_address>0x1f0e</run_address>
         <size>0xfd</size>
         <input_file_ref idref="fl-5"/>
      </object_component>
      <object_component id="oc-1d7">
         <name>.debug_info</name>
         <load_address>0x200b</load_address>
         <run_address>0x200b</run_address>
         <size>0x11e</size>
         <input_file_ref idref="fl-5"/>
      </object_component>
      <object_component id="oc-1c8">
         <name>.debug_info</name>
         <load_address>0x2129</load_address>
         <run_address>0x2129</run_address>
         <size>0x12b</size>
         <input_file_ref idref="fl-5"/>
      </object_component>
      <object_component id="oc-1dd">
         <name>.debug_info</name>
         <load_address>0x2254</load_address>
         <run_address>0x2254</run_address>
         <size>0x11c</size>
         <input_file_ref idref="fl-5"/>
      </object_component>
      <object_component id="oc-1ce">
         <name>.debug_info</name>
         <load_address>0x2370</load_address>
         <run_address>0x2370</run_address>
         <size>0x12c</size>
         <input_file_ref idref="fl-5"/>
      </object_component>
      <object_component id="oc-208">
         <name>.debug_info</name>
         <load_address>0x249c</load_address>
         <run_address>0x249c</run_address>
         <size>0xff</size>
         <input_file_ref idref="fl-5"/>
      </object_component>
      <object_component id="oc-264">
         <name>.debug_info</name>
         <load_address>0x259b</load_address>
         <run_address>0x259b</run_address>
         <size>0x295</size>
         <input_file_ref idref="fl-6"/>
      </object_component>
      <object_component id="oc-299">
         <name>.debug_info</name>
         <load_address>0x2830</load_address>
         <run_address>0x2830</run_address>
         <size>0xe0</size>
         <input_file_ref idref="fl-6"/>
      </object_component>
      <object_component id="oc-315">
         <name>.debug_info</name>
         <load_address>0x2910</load_address>
         <run_address>0x2910</run_address>
         <size>0xde</size>
         <input_file_ref idref="fl-6"/>
      </object_component>
      <object_component id="oc-338">
         <name>.debug_info</name>
         <load_address>0x29ee</load_address>
         <run_address>0x29ee</run_address>
         <size>0xda</size>
         <input_file_ref idref="fl-6"/>
      </object_component>
      <object_component id="oc-31f">
         <name>.debug_info</name>
         <load_address>0x2ac8</load_address>
         <run_address>0x2ac8</run_address>
         <size>0xe2</size>
         <input_file_ref idref="fl-6"/>
      </object_component>
      <object_component id="oc-334">
         <name>.debug_info</name>
         <load_address>0x2baa</load_address>
         <run_address>0x2baa</run_address>
         <size>0xda</size>
         <input_file_ref idref="fl-6"/>
      </object_component>
      <object_component id="oc-32b">
         <name>.debug_info</name>
         <load_address>0x2c84</load_address>
         <run_address>0x2c84</run_address>
         <size>0xda</size>
         <input_file_ref idref="fl-6"/>
      </object_component>
      <object_component id="oc-28d">
         <name>.debug_info</name>
         <load_address>0x2d5e</load_address>
         <run_address>0x2d5e</run_address>
         <size>0x138</size>
         <input_file_ref idref="fl-6"/>
      </object_component>
      <object_component id="oc-293">
         <name>.debug_info</name>
         <load_address>0x2e96</load_address>
         <run_address>0x2e96</run_address>
         <size>0x17a</size>
         <input_file_ref idref="fl-6"/>
      </object_component>
      <object_component id="oc-29c">
         <name>.debug_info</name>
         <load_address>0x3010</load_address>
         <run_address>0x3010</run_address>
         <size>0x1a0</size>
         <input_file_ref idref="fl-6"/>
      </object_component>
      <object_component id="oc-2a2">
         <name>.debug_info</name>
         <load_address>0x31b0</load_address>
         <run_address>0x31b0</run_address>
         <size>0x18d</size>
         <input_file_ref idref="fl-6"/>
      </object_component>
      <object_component id="oc-2a8">
         <name>.debug_info</name>
         <load_address>0x333d</load_address>
         <run_address>0x333d</run_address>
         <size>0x134</size>
         <input_file_ref idref="fl-6"/>
      </object_component>
      <object_component id="oc-1e4">
         <name>.debug_info</name>
         <load_address>0x3471</load_address>
         <run_address>0x3471</run_address>
         <size>0x1ae</size>
         <input_file_ref idref="fl-6"/>
      </object_component>
      <object_component id="oc-37d">
         <name>.debug_info</name>
         <load_address>0x361f</load_address>
         <run_address>0x361f</run_address>
         <size>0x1ca</size>
         <input_file_ref idref="fl-6"/>
      </object_component>
      <object_component id="oc-2ce">
         <name>.debug_info</name>
         <load_address>0x37e9</load_address>
         <run_address>0x37e9</run_address>
         <size>0x267</size>
         <input_file_ref idref="fl-6"/>
      </object_component>
      <object_component id="oc-2c8">
         <name>.debug_info</name>
         <load_address>0x3a50</load_address>
         <run_address>0x3a50</run_address>
         <size>0x267</size>
         <input_file_ref idref="fl-6"/>
      </object_component>
      <object_component id="oc-309">
         <name>.debug_info</name>
         <load_address>0x3cb7</load_address>
         <run_address>0x3cb7</run_address>
         <size>0xae</size>
         <input_file_ref idref="fl-6"/>
      </object_component>
      <object_component id="oc-199">
         <name>.debug_info</name>
         <load_address>0x3d65</load_address>
         <run_address>0x3d65</run_address>
         <size>0x26b</size>
         <input_file_ref idref="fl-6"/>
      </object_component>
      <object_component id="oc-25f">
         <name>.debug_info</name>
         <load_address>0x3fd0</load_address>
         <run_address>0x3fd0</run_address>
         <size>0x275</size>
         <input_file_ref idref="fl-6"/>
      </object_component>
      <object_component id="oc-383">
         <name>.debug_info</name>
         <load_address>0x4245</load_address>
         <run_address>0x4245</run_address>
         <size>0xbb</size>
         <input_file_ref idref="fl-6"/>
      </object_component>
      <object_component id="oc-136">
         <name>.debug_info</name>
         <load_address>0x4300</load_address>
         <run_address>0x4300</run_address>
         <size>0x2c</size>
         <input_file_ref idref="fl-6"/>
      </object_component>
      <object_component id="oc-204">
         <name>.debug_info</name>
         <load_address>0x432c</load_address>
         <run_address>0x432c</run_address>
         <size>0xfa</size>
         <input_file_ref idref="fl-8"/>
      </object_component>
      <object_component id="oc-1f0">
         <name>.debug_info</name>
         <load_address>0x4426</load_address>
         <run_address>0x4426</run_address>
         <size>0x105</size>
         <input_file_ref idref="fl-9"/>
      </object_component>
      <object_component id="oc-171">
         <name>.debug_info</name>
         <load_address>0x452b</load_address>
         <run_address>0x452b</run_address>
         <size>0x182</size>
         <input_file_ref idref="fl-9"/>
      </object_component>
      <object_component id="oc-375">
         <name>.debug_info</name>
         <load_address>0x46ad</load_address>
         <run_address>0x46ad</run_address>
         <size>0x287</size>
         <input_file_ref idref="fl-a"/>
      </object_component>
      <object_component id="oc-3d5">
         <name>.debug_info</name>
         <load_address>0x4934</load_address>
         <run_address>0x4934</run_address>
         <size>0x1c7</size>
         <input_file_ref idref="fl-a"/>
      </object_component>
      <object_component id="oc-425">
         <name>.debug_info</name>
         <load_address>0x4afb</load_address>
         <run_address>0x4afb</run_address>
         <size>0x172</size>
         <input_file_ref idref="fl-a"/>
      </object_component>
      <object_component id="oc-3cf">
         <name>.debug_info</name>
         <load_address>0x4c6d</load_address>
         <run_address>0x4c6d</run_address>
         <size>0x1d6</size>
         <input_file_ref idref="fl-a"/>
      </object_component>
      <object_component id="oc-371">
         <name>.debug_info</name>
         <load_address>0x4e43</load_address>
         <run_address>0x4e43</run_address>
         <size>0x692</size>
         <input_file_ref idref="fl-a"/>
      </object_component>
      <object_component id="oc-147">
         <name>.debug_info</name>
         <load_address>0x54d5</load_address>
         <run_address>0x54d5</run_address>
         <size>0x3d9</size>
         <input_file_ref idref="fl-b"/>
      </object_component>
      <object_component id="oc-1a9">
         <name>.debug_info</name>
         <load_address>0x58ae</load_address>
         <run_address>0x58ae</run_address>
         <size>0xda</size>
         <input_file_ref idref="fl-b"/>
      </object_component>
      <object_component id="oc-1b2">
         <name>.debug_info</name>
         <load_address>0x5988</load_address>
         <run_address>0x5988</run_address>
         <size>0xde</size>
         <input_file_ref idref="fl-b"/>
      </object_component>
      <object_component id="oc-1b5">
         <name>.debug_info</name>
         <load_address>0x5a66</load_address>
         <run_address>0x5a66</run_address>
         <size>0xd0</size>
         <input_file_ref idref="fl-b"/>
      </object_component>
      <object_component id="oc-1b8">
         <name>.debug_info</name>
         <load_address>0x5b36</load_address>
         <run_address>0x5b36</run_address>
         <size>0xd6</size>
         <input_file_ref idref="fl-b"/>
      </object_component>
      <object_component id="oc-1bb">
         <name>.debug_info</name>
         <load_address>0x5c0c</load_address>
         <run_address>0x5c0c</run_address>
         <size>0xd6</size>
         <input_file_ref idref="fl-b"/>
      </object_component>
      <object_component id="oc-1d4">
         <name>.debug_info</name>
         <load_address>0x5ce2</load_address>
         <run_address>0x5ce2</run_address>
         <size>0xe2</size>
         <input_file_ref idref="fl-b"/>
      </object_component>
      <object_component id="oc-1be">
         <name>.debug_info</name>
         <load_address>0x5dc4</load_address>
         <run_address>0x5dc4</run_address>
         <size>0xe8</size>
         <input_file_ref idref="fl-b"/>
      </object_component>
      <object_component id="oc-144">
         <name>.debug_info</name>
         <load_address>0x5eac</load_address>
         <run_address>0x5eac</run_address>
         <size>0xdc</size>
         <input_file_ref idref="fl-b"/>
      </object_component>
      <object_component id="oc-158">
         <name>.debug_info</name>
         <load_address>0x5f88</load_address>
         <run_address>0x5f88</run_address>
         <size>0x1fa</size>
         <input_file_ref idref="fl-b"/>
      </object_component>
      <object_component id="oc-e3">
         <name>.debug_info</name>
         <load_address>0x6182</load_address>
         <run_address>0x6182</run_address>
         <size>0x15b</size>
         <input_file_ref idref="fl-b"/>
      </object_component>
      <object_component id="oc-2c2">
         <name>.debug_info</name>
         <load_address>0x62dd</load_address>
         <run_address>0x62dd</run_address>
         <size>0x106</size>
         <input_file_ref idref="fl-b"/>
      </object_component>
      <object_component id="oc-215">
         <name>.debug_info</name>
         <load_address>0x63e3</load_address>
         <run_address>0x63e3</run_address>
         <size>0x124</size>
         <input_file_ref idref="fl-b"/>
      </object_component>
      <object_component id="oc-21b">
         <name>.debug_info</name>
         <load_address>0x6507</load_address>
         <run_address>0x6507</run_address>
         <size>0x141</size>
         <input_file_ref idref="fl-b"/>
      </object_component>
      <object_component id="oc-1a5">
         <name>.debug_info</name>
         <load_address>0x6648</load_address>
         <run_address>0x6648</run_address>
         <size>0x219</size>
         <input_file_ref idref="fl-c"/>
      </object_component>
      <object_component id="oc-19f">
         <name>.debug_info</name>
         <load_address>0x6861</load_address>
         <run_address>0x6861</run_address>
         <size>0x138</size>
         <input_file_ref idref="fl-c"/>
      </object_component>
      <object_component id="oc-14d">
         <name>.debug_info</name>
         <load_address>0x6999</load_address>
         <run_address>0x6999</run_address>
         <size>0x12c</size>
         <input_file_ref idref="fl-c"/>
      </object_component>
      <object_component id="oc-210">
         <name>.debug_info</name>
         <load_address>0x6ac5</load_address>
         <run_address>0x6ac5</run_address>
         <size>0x10e</size>
         <input_file_ref idref="fl-c"/>
      </object_component>
      <object_component id="oc-45d">
         <name>.debug_info</name>
         <load_address>0x6bd3</load_address>
         <run_address>0x6bd3</run_address>
         <size>0x172</size>
         <input_file_ref idref="fl-27"/>
      </object_component>
      <object_component id="oc-3ea">
         <name>.debug_info</name>
         <load_address>0x6d45</load_address>
         <run_address>0x6d45</run_address>
         <size>0x312</size>
         <input_file_ref idref="fl-27"/>
      </object_component>
      <object_component id="oc-4bb">
         <name>.debug_info</name>
         <load_address>0x7057</load_address>
         <run_address>0x7057</run_address>
         <size>0x46</size>
         <input_file_ref idref="fl-27"/>
      </object_component>
      <object_component id="oc-458">
         <name>.debug_info</name>
         <load_address>0x709d</load_address>
         <run_address>0x709d</run_address>
         <size>0x39</size>
         <input_file_ref idref="fl-27"/>
      </object_component>
      <object_component id="oc-4cd">
         <name>.debug_info</name>
         <load_address>0x70d6</load_address>
         <run_address>0x70d6</run_address>
         <size>0x177</size>
         <input_file_ref idref="fl-28"/>
      </object_component>
      <object_component id="oc-46c">
         <name>.debug_info</name>
         <load_address>0x724d</load_address>
         <run_address>0x724d</run_address>
         <size>0xf6</size>
         <input_file_ref idref="fl-28"/>
      </object_component>
      <object_component id="oc-46f">
         <name>.debug_info</name>
         <load_address>0x7343</load_address>
         <run_address>0x7343</run_address>
         <size>0xf6</size>
         <input_file_ref idref="fl-28"/>
      </object_component>
      <object_component id="oc-484">
         <name>.debug_info</name>
         <load_address>0x7439</load_address>
         <run_address>0x7439</run_address>
         <size>0xee</size>
         <input_file_ref idref="fl-28"/>
      </object_component>
      <object_component id="oc-3f6">
         <name>.debug_info</name>
         <load_address>0x7527</load_address>
         <run_address>0x7527</run_address>
         <size>0x5d9</size>
         <input_file_ref idref="fl-28"/>
      </object_component>
      <object_component id="oc-331">
         <name>.debug_info</name>
         <load_address>0x7b00</load_address>
         <run_address>0x7b00</run_address>
         <size>0x118</size>
         <input_file_ref idref="fl-29"/>
      </object_component>
      <object_component id="oc-4a0">
         <name>.debug_info</name>
         <load_address>0x7c18</load_address>
         <run_address>0x7c18</run_address>
         <size>0x12d</size>
         <input_file_ref idref="fl-2a"/>
      </object_component>
      <object_component id="oc-4ec">
         <name>.debug_info</name>
         <load_address>0x7d45</load_address>
         <run_address>0x7d45</run_address>
         <size>0x119</size>
         <input_file_ref idref="fl-2b"/>
      </object_component>
      <object_component id="oc-c0">
         <name>.debug_info</name>
         <load_address>0x7e5e</load_address>
         <run_address>0x7e5e</run_address>
         <size>0x126</size>
         <input_file_ref idref="fl-2c"/>
      </object_component>
      <object_component id="oc-3df">
         <name>.debug_info</name>
         <load_address>0x7f84</load_address>
         <run_address>0x7f84</run_address>
         <size>0x119</size>
         <input_file_ref idref="fl-2d"/>
      </object_component>
      <object_component id="oc-3da">
         <name>.debug_info</name>
         <load_address>0x809d</load_address>
         <run_address>0x809d</run_address>
         <size>0x119</size>
         <input_file_ref idref="fl-2e"/>
      </object_component>
      <object_component id="oc-378">
         <name>.debug_info</name>
         <load_address>0x81b6</load_address>
         <run_address>0x81b6</run_address>
         <size>0x12d</size>
         <input_file_ref idref="fl-2f"/>
      </object_component>
      <object_component id="oc-dd">
         <name>.debug_info</name>
         <load_address>0x82e3</load_address>
         <run_address>0x82e3</run_address>
         <size>0x107</size>
         <input_file_ref idref="fl-3b"/>
      </object_component>
      <object_component id="oc-b7">
         <name>.debug_info</name>
         <load_address>0x83ea</load_address>
         <run_address>0x83ea</run_address>
         <size>0x118</size>
         <input_file_ref idref="fl-3c"/>
      </object_component>
      <object_component id="oc-454">
         <name>.debug_info</name>
         <load_address>0x8502</load_address>
         <run_address>0x8502</run_address>
         <size>0x118</size>
         <input_file_ref idref="fl-3d"/>
      </object_component>
      <object_component id="oc-490">
         <name>.debug_info</name>
         <load_address>0x861a</load_address>
         <run_address>0x861a</run_address>
         <size>0x11e</size>
         <input_file_ref idref="fl-3d"/>
      </object_component>
      <object_component id="oc-bb">
         <name>.debug_info</name>
         <load_address>0x8738</load_address>
         <run_address>0x8738</run_address>
         <size>0x118</size>
         <input_file_ref idref="fl-3e"/>
      </object_component>
      <object_component id="oc-44f">
         <name>.debug_info</name>
         <load_address>0x8850</load_address>
         <run_address>0x8850</run_address>
         <size>0x118</size>
         <input_file_ref idref="fl-3f"/>
      </object_component>
      <object_component id="oc-44b">
         <name>.debug_info</name>
         <load_address>0x8968</load_address>
         <run_address>0x8968</run_address>
         <size>0x11e</size>
         <input_file_ref idref="fl-3f"/>
      </object_component>
      <object_component id="oc-b2">
         <name>.debug_info</name>
         <load_address>0x8a86</load_address>
         <run_address>0x8a86</run_address>
         <size>0xf5</size>
         <input_file_ref idref="fl-40"/>
      </object_component>
      <object_component id="oc-102">
         <name>.debug_info</name>
         <load_address>0x8b7b</load_address>
         <run_address>0x8b7b</run_address>
         <size>0x16f</size>
         <input_file_ref idref="fl-40"/>
      </object_component>
      <object_component id="oc-2ed">
         <name>.debug_info</name>
         <load_address>0x8cea</load_address>
         <run_address>0x8cea</run_address>
         <size>0x472</size>
         <input_file_ref idref="fl-41"/>
      </object_component>
      <object_component id="oc-22f">
         <name>.debug_info</name>
         <load_address>0x915c</load_address>
         <run_address>0x915c</run_address>
         <size>0x1d5</size>
         <input_file_ref idref="fl-41"/>
      </object_component>
      <object_component id="oc-3a0">
         <name>.debug_info</name>
         <load_address>0x9331</load_address>
         <run_address>0x9331</run_address>
         <size>0x39</size>
         <input_file_ref idref="fl-41"/>
      </object_component>
      <object_component id="oc-3b1">
         <name>.debug_info</name>
         <load_address>0x936a</load_address>
         <run_address>0x936a</run_address>
         <size>0x2c</size>
         <input_file_ref idref="fl-41"/>
      </object_component>
      <object_component id="oc-2f8">
         <name>.debug_info</name>
         <load_address>0x9396</load_address>
         <run_address>0x9396</run_address>
         <size>0x2c</size>
         <input_file_ref idref="fl-41"/>
      </object_component>
      <object_component id="oc-3a5">
[...]
         <object_component_ref idref="oc-42"/>
      </symbol>
      <symbol id="sm-422">
         <name>__TI_int05</name>
         <value>0xffea</value>
         <object_component_ref idref="oc-43"/>
      </symbol>
      <symbol id="sm-425">
         <name>__TI_int06</name>
         <value>0xffec</value>
         <object_component_ref idref="oc-44"/>
      </symbol>
      <symbol id="sm-428">
         <name>__TI_int09</name>
         <value>0xfff2</value>
         <object_component_ref idref="oc-47"/>
      </symbol>
      <symbol id="sm-42b">
         <name>__TI_int10</name>
         <value>0xfff4</value>
         <object_component_ref idref="oc-48"/>
      </symbol>
      <symbol id="sm-42e">
         <name>__TI_int11</name>
         <value>0xfff6</value>
         <object_component_ref idref="oc-49"/>
      </symbol>
      <symbol id="sm-431">
         <name>__TI_int12</name>
         <value>0xfff8</value>
         <object_component_ref idref="oc-4a"/>
      </symbol>
      <symbol id="sm-434">
         <name>__TI_int13</name>
         <value>0xfffa</value>
         <object_component_ref idref="oc-4b"/>
      </symbol>
      <symbol id="sm-437">
         <name>__TI_int14</name>
         <value>0xfffc</value>
         <object_component_ref idref="oc-4c"/>
      </symbol>
      <symbol id="sm-43f">
         <name>__TI_ISR_TRAP</name>
         <value>0xf1f6</value>
         <object_component_ref idref="oc-dc"/>
      </symbol>
      <symbol id="sm-447">
         <name>__mspabi_slli</name>
         <value>0xee68</value>
         <object_component_ref idref="oc-b5"/>
      </symbol>
      <symbol id="sm-448">
         <name>__mspabi_slli_9</name>
         <value>0xee80</value>
         <object_component_ref idref="oc-b5"/>
      </symbol>
      <symbol id="sm-449">
         <name>__mspabi_slli_8</name>
         <value>0xee82</value>
         <object_component_ref idref="oc-b5"/>
      </symbol>
      <symbol id="sm-44a">
         <name>__mspabi_slli_7</name>
         <value>0xee84</value>
         <object_component_ref idref="oc-b5"/>
      </symbol>
      <symbol id="sm-44b">
         <name>__mspabi_slli_6</name>
         <value>0xee86</value>
         <object_component_ref idref="oc-b5"/>
      </symbol>
      <symbol id="sm-44c">
         <name>__mspabi_slli_5</name>
         <value>0xee88</value>
         <object_component_ref idref="oc-b5"/>
      </symbol>
      <symbol id="sm-44d">
         <name>__mspabi_slli_4</name>
         <value>0xee8a</value>
         <object_component_ref idref="oc-b5"/>
      </symbol>
      <symbol id="sm-44e">
         <name>__mspabi_slli_3</name>
         <value>0xee8c</value>
         <object_component_ref idref="oc-b5"/>
      </symbol>
      <symbol id="sm-44f">
         <name>__mspabi_slli_2</name>
         <value>0xee8e</value>
         <object_component_ref idref="oc-b5"/>
      </symbol>
      <symbol id="sm-450">
         <name>__mspabi_slli_1</name>
         <value>0xee90</value>
         <object_component_ref idref="oc-b5"/>
      </symbol>
      <symbol id="sm-451">
         <name>__mspabi_slli_15</name>
         <value>0xee74</value>
         <object_component_ref idref="oc-b5"/>
      </symbol>
      <symbol id="sm-452">
         <name>__mspabi_slli_14</name>
         <value>0xee76</value>
         <object_component_ref idref="oc-b5"/>
      </symbol>
      <symbol id="sm-453">
         <name>__mspabi_slli_13</name>
         <value>0xee78</value>
         <object_component_ref idref="oc-b5"/>
      </symbol>
      <symbol id="sm-454">
         <name>__mspabi_slli_12</name>
         <value>0xee7a</value>
         <object_component_ref idref="oc-b5"/>
      </symbol>
      <symbol id="sm-455">
         <name>__mspabi_slli_11</name>
         <value>0xee7c</value>
         <object_component_ref idref="oc-b5"/>
      </symbol>
      <symbol id="sm-456">
         <name>__mspabi_slli_10</name>
         <value>0xee7e</value>
         <object_component_ref idref="oc-b5"/>
      </symbol>
      <symbol id="sm-466">
         <name>__mspabi_slll_9</name>
         <value>0xebee</value>
         <object_component_ref idref="oc-48f"/>
      </symbol>
      <symbol id="sm-467">
         <name>__mspabi_slll_8</name>
         <value>0xebf2</value>
         <object_component_ref idref="oc-48f"/>
      </symbol>
      <symbol id="sm-468">
         <name>__mspabi_slll_7</name>
         <value>0xebf6</value>
         <object_component_ref idref="oc-48f"/>
      </symbol>
      <symbol id="sm-469">
         <name>__mspabi_slll_6</name>
         <value>0xebfa</value>
         <object_component_ref idref="oc-48f"/>
      </symbol>
      <symbol id="sm-46a">
         <name>__mspabi_slll_5</name>
         <value>0xebfe</value>
         <object_component_ref idref="oc-48f"/>
      </symbol>
      <symbol id="sm-46b">
         <name>__mspabi_slll_4</name>
         <value>0xec02</value>
         <object_component_ref idref="oc-48f"/>
      </symbol>
      <symbol id="sm-46c">
         <name>__mspabi_slll_3</name>
         <value>0xec06</value>
         <object_component_ref idref="oc-48f"/>
      </symbol>
      <symbol id="sm-46d">
         <name>__mspabi_slll_2</name>
         <value>0xec0a</value>
         <object_component_ref idref="oc-48f"/>
      </symbol>
      <symbol id="sm-46e">
         <name>__mspabi_slll_1</name>
         <value>0xec0e</value>
         <object_component_ref idref="oc-48f"/>
      </symbol>
      <symbol id="sm-46f">
         <name>__mspabi_slll</name>
         <value>0xf168</value>
         <object_component_ref idref="oc-452"/>
      </symbol>
      <symbol id="sm-470">
         <name>__mspabi_slll_15</name>
         <value>0xebd6</value>
         <object_component_ref idref="oc-48f"/>
      </symbol>
      <symbol id="sm-471">
         <name>__mspabi_slll_14</name>
         <value>0xebda</value>
         <object_component_ref idref="oc-48f"/>
      </symbol>
      <symbol id="sm-472">
         <name>__mspabi_slll_13</name>
         <value>0xebde</value>
         <object_component_ref idref="oc-48f"/>
      </symbol>
      <symbol id="sm-473">
         <name>__mspabi_slll_12</name>
         <value>0xebe2</value>
         <object_component_ref idref="oc-48f"/>
      </symbol>
      <symbol id="sm-474">
         <name>__mspabi_slll_11</name>
         <value>0xebe6</value>
         <object_component_ref idref="oc-48f"/>
      </symbol>
      <symbol id="sm-475">
         <name>__mspabi_slll_10</name>
         <value>0xebea</value>
         <object_component_ref idref="oc-48f"/>
      </symbol>
      <symbol id="sm-47d">
         <name>__mspabi_srli_8</name>
         <value>0xea28</value>
         <object_component_ref idref="oc-ba"/>
      </symbol>
      <symbol id="sm-47e">
         <name>__mspabi_srli_9</name>
         <value>0xea24</value>
         <object_component_ref idref="oc-ba"/>
      </symbol>
      <symbol id="sm-47f">
         <name>__mspabi_srli_6</name>
         <value>0xea30</value>
         <object_component_ref idref="oc-ba"/>
      </symbol>
      <symbol id="sm-480">
         <name>__mspabi_srli_7</name>
         <value>0xea2c</value>
         <object_component_ref idref="oc-ba"/>
      </symbol>
      <symbol id="sm-481">
         <name>__mspabi_srli_4</name>
         <value>0xea38</value>
         <object_component_ref idref="oc-ba"/>
      </symbol>
      <symbol id="sm-482">
         <name>__mspabi_srli_5</name>
         <value>0xea34</value>
         <object_component_ref idref="oc-ba"/>
      </symbol>
      <symbol id="sm-483">
         <name>__mspabi_srli_2</name>
         <value>0xea40</value>
         <object_component_ref idref="oc-ba"/>
      </symbol>
      <symbol id="sm-484">
         <name>__mspabi_srli_3</name>
         <value>0xea3c</value>
         <object_component_ref idref="oc-ba"/>
      </symbol>
      <symbol id="sm-485">
         <name>__mspabi_srli_1</name>
         <value>0xea44</value>
         <object_component_ref idref="oc-ba"/>
      </symbol>
      <symbol id="sm-486">
         <name>__mspabi_srli</name>
         <value>0xe9fe</value>
         <object_component_ref idref="oc-ba"/>
      </symbol>
      <symbol id="sm-487">
         <name>__mspabi_srli_15</name>
         <value>0xea0c</value>
         <object_component_ref idref="oc-ba"/>
      </symbol>
      <symbol id="sm-488">
         <name>__mspabi_srli_14</name>
         <value>0xea10</value>
         <object_component_ref idref="oc-ba"/>
      </symbol>
      <symbol id="sm-489">
         <name>__mspabi_srli_13</name>
         <value>0xea14</value>
         <object_component_ref idref="oc-ba"/>
      </symbol>
      <symbol id="sm-48a">
         <name>__mspabi_srli_12</name>
         <value>0xea18</value>
         <object_component_ref idref="oc-ba"/>
      </symbol>
      <symbol id="sm-48b">
         <name>__mspabi_srli_11</name>
         <value>0xea1c</value>
         <object_component_ref idref="oc-ba"/>
      </symbol>
      <symbol id="sm-48c">
         <name>__mspabi_srli_10</name>
         <value>0xea20</value>
         <object_component_ref idref="oc-ba"/>
      </symbol>
      <symbol id="sm-49c">
         <name>__mspabi_srll_8</name>
         <value>0xe82c</value>
         <object_component_ref idref="oc-448"/>
      </symbol>
      <symbol id="sm-49d">
         <name>__mspabi_srll_9</name>
         <value>0xe826</value>
         <object_component_ref idref="oc-448"/>
      </symbol>
      <symbol id="sm-49e">
         <name>__mspabi_srll_6</name>
         <value>0xe838</value>
         <object_component_ref idref="oc-448"/>
      </symbol>
      <symbol id="sm-49f">
         <name>__mspabi_srll_7</name>
         <value>0xe832</value>
         <object_component_ref idref="oc-448"/>
      </symbol>
      <symbol id="sm-4a0">
         <name>__mspabi_srll_4</name>
         <value>0xe844</value>
         <object_component_ref idref="oc-448"/>
      </symbol>
      <symbol id="sm-4a1">
         <name>__mspabi_srll_5</name>
         <value>0xe83e</value>
         <object_component_ref idref="oc-448"/>
      </symbol>
      <symbol id="sm-4a2">
         <name>__mspabi_srll_2</name>
         <value>0xe850</value>
         <object_component_ref idref="oc-448"/>
      </symbol>
      <symbol id="sm-4a3">
         <name>__mspabi_srll_3</name>
         <value>0xe84a</value>
         <object_component_ref idref="oc-448"/>
      </symbol>
      <symbol id="sm-4a4">
         <name>__mspabi_srll_1</name>
         <value>0xe856</value>
         <object_component_ref idref="oc-448"/>
      </symbol>
      <symbol id="sm-4a5">
         <name>__mspabi_srll_15</name>
         <value>0xe802</value>
         <object_component_ref idref="oc-448"/>
      </symbol>
      <symbol id="sm-4a6">
         <name>__mspabi_srll_14</name>
         <value>0xe808</value>
         <object_component_ref idref="oc-448"/>
      </symbol>
      <symbol id="sm-4a7">
         <name>__mspabi_srll_13</name>
         <value>0xe80e</value>
         <object_component_ref idref="oc-448"/>
      </symbol>
      <symbol id="sm-4a8">
         <name>__mspabi_srll_12</name>
         <value>0xe814</value>
         <object_component_ref idref="oc-448"/>
      </symbol>
      <symbol id="sm-4a9">
         <name>__mspabi_srll_11</name>
         <value>0xe81a</value>
         <object_component_ref idref="oc-448"/>
      </symbol>
      <symbol id="sm-4aa">
         <name>__mspabi_srll_10</name>
         <value>0xe820</value>
         <object_component_ref idref="oc-448"/>
      </symbol>
      <symbol id="sm-4ab">
         <name>__mspabi_srll</name>
         <value>0xf134</value>
         <object_component_ref idref="oc-44d"/>
      </symbol>
      <symbol id="sm-4bb">
         <name>_stack</name>
         <value>0x3b0</value>
         <object_component_ref idref="oc-b1"/>
      </symbol>
      <symbol id="sm-4bc">
         <name>_c_int00_noargs</name>
         <value>0xf058</value>
         <object_component_ref idref="oc-ff"/>
      </symbol>
      <symbol id="sm-4bd">
         <name>_reset_vector</name>
         <value>0xfffe</value>
         <object_component_ref idref="oc-b4"/>
      </symbol>
      <symbol id="sm-4df">
         <name>__TI_auto_init_nobinit_nopinit</name>
         <value>0xeb16</value>
         <object_component_ref idref="oc-22c"/>
      </symbol>
      <symbol id="sm-4f2">
         <name>__TI_zero_init_nomemset</name>
         <value>0xf0d4</value>
         <object_component_ref idref="oc-ed"/>
      </symbol>
      <symbol id="sm-4fe">
         <name>_system_pre_init</name>
         <value>0xf216</value>
         <object_component_ref idref="oc-16a"/>
      </symbol>
      <symbol id="sm-507">
         <name>_system_post_cinit</name>
         <value>0xf21a</value>
         <object_component_ref idref="oc-2e6"/>
      </symbol>
      <symbol id="sm-51d">
         <name>__TI_decompress_none</name>
         <value>0xf122</value>
         <object_component_ref idref="oc-3a"/>
      </symbol>
      <symbol id="sm-540">
         <name>__TI_decompress_lzss</name>
         <value>0xe548</value>
         <object_component_ref idref="oc-34"/>
      </symbol>
      <symbol id="sm-558">
         <name>__mspabi_cvtdf</name>
         <value>0xe4bc</value>
         <object_component_ref idref="oc-401"/>
      </symbol>
      <symbol id="sm-57f">
         <name>__mspabi_addd</name>
         <value>0xccf6</value>
         <object_component_ref idref="oc-43f"/>
      </symbol>
      <symbol id="sm-599">
         <name>__mspabi_cmpd</name>
         <value>0xdfc2</value>
         <object_component_ref idref="oc-47d"/>
      </symbol>
      <symbol id="sm-5aa">
         <name>__mspabi_cvtfd</name>
         <value>0xe728</value>
         <object_component_ref idref="oc-3e3"/>
      </symbol>
      <symbol id="sm-5cb">
         <name>__mspabi_divd</name>
         <value>0xda3c</value>
         <object_component_ref idref="oc-3ef"/>
      </symbol>
      <symbol id="sm-5d6">
         <name>__mspabi_fltid</name>
         <value>0xf1c0</value>
         <object_component_ref idref="oc-42a"/>
      </symbol>
      <symbol id="sm-5ed">
         <name>__mspabi_fltlid</name>
         <value>0xe2d2</value>
         <object_component_ref idref="oc-4a4"/>
      </symbol>
      <symbol id="sm-60e">
         <name>__TI_frcaddd</name>
         <value>0xd7dc</value>
         <object_component_ref idref="oc-4ae"/>
      </symbol>
      <symbol id="sm-629">
         <name>__TI_frcdivd</name>
         <value>0xc4b8</value>
         <object_component_ref idref="oc-45e"/>
      </symbol>
      <symbol id="sm-64b">
         <name>__mspabi_mpyd</name>
         <value>0xd56e</value>
         <object_component_ref idref="oc-3fb"/>
      </symbol>
      <symbol id="sm-654">
         <name>__mspabi_negd</name>
         <value>0xee94</value>
         <object_component_ref idref="oc-471"/>
      </symbol>
      <symbol id="sm-667">
         <name>__TI_renormd</name>
         <value>0xe162</value>
         <object_component_ref idref="oc-4f8"/>
      </symbol>
      <symbol id="sm-670">
         <name>__mspabi_subd</name>
         <value>0xedb6</value>
         <object_component_ref idref="oc-477"/>
      </symbol>
      <symbol id="sm-677">
         <name>errno</name>
         <value>0x258</value>
         <object_component_ref idref="oc-445"/>
      </symbol>
      <symbol id="sm-681">
         <name>C$$EXIT</name>
         <value>0xf204</value>
         <object_component_ref idref="oc-220"/>
      </symbol>
      <symbol id="sm-682">
         <name>abort</name>
         <value>0xf204</value>
         <object_component_ref idref="oc-220"/>
      </symbol>
      <symbol id="sm-693">
         <name>memcmp</name>
         <value>0xf01a</value>
         <object_component_ref idref="oc-1c0"/>
      </symbol>
      <symbol id="sm-6a1">
         <name>memcpy</name>
         <value>0xf146</value>
         <object_component_ref idref="oc-cf"/>
      </symbol>
      <symbol id="sm-6af">
         <name>memset</name>
         <value>0xf0e8</value>
         <object_component_ref idref="oc-150"/>
      </symbol>
      <symbol id="sm-6be">
         <name>strcat</name>
         <value>0xf074</value>
         <object_component_ref idref="oc-317"/>
      </symbol>
      <symbol id="sm-6cc">
         <name>strcmp</name>
         <value>0xf0a6</value>
         <object_component_ref idref="oc-1ab"/>
      </symbol>
      <symbol id="sm-6d9">
         <name>strlen</name>
         <value>0xf1b2</value>
         <object_component_ref idref="oc-324"/>
      </symbol>
      <symbol id="sm-6e9">
         <name>__mspabi_sral</name>
         <value>0xf158</value>
         <object_component_ref idref="oc-4f3"/>
      </symbol>
      <symbol id="sm-6ea">
         <name>__mspabi_sral_15</name>
         <value>0xeb98</value>
         <object_component_ref idref="oc-433"/>
      </symbol>
      <symbol id="sm-6eb">
         <name>__mspabi_sral_14</name>
         <value>0xeb9c</value>
         <object_component_ref idref="oc-433"/>
      </symbol>
      <symbol id="sm-6ec">
         <name>__mspabi_sral_13</name>
         <value>0xeba0</value>
         <object_component_ref idref="oc-433"/>
      </symbol>
      <symbol id="sm-6ed">
         <name>__mspabi_sral_12</name>
         <value>0xeba4</value>
         <object_component_ref idref="oc-433"/>
      </symbol>
      <symbol id="sm-6ee">
         <name>__mspabi_sral_11</name>
         <value>0xeba8</value>
         <object_component_ref idref="oc-433"/>
      </symbol>
      <symbol id="sm-6ef">
         <name>__mspabi_sral_10</name>
         <value>0xebac</value>
         <object_component_ref idref="oc-433"/>
      </symbol>
      <symbol id="sm-6f0">
         <name>__mspabi_sral_8</name>
         <value>0xebb4</value>
         <object_component_ref idref="oc-433"/>
      </symbol>
      <symbol id="sm-6f1">
         <name>__mspabi_sral_9</name>
         <value>0xebb0</value>
         <object_component_ref idref="oc-433"/>
      </symbol>
      <symbol id="sm-6f2">
         <name>__mspabi_sral_6</name>
         <value>0xebbc</value>
         <object_component_ref idref="oc-433"/>
      </symbol>
      <symbol id="sm-6f3">
         <name>__mspabi_sral_7</name>
         <value>0xebb8</value>
         <object_component_ref idref="oc-433"/>
      </symbol>
      <symbol id="sm-6f4">
         <name>__mspabi_sral_4</name>
         <value>0xebc4</value>
         <object_component_ref idref="oc-433"/>
      </symbol>
      <symbol id="sm-6f5">
         <name>__mspabi_sral_5</name>
         <value>0xebc0</value>
         <object_component_ref idref="oc-433"/>
      </symbol>
      <symbol id="sm-6f6">
         <name>__mspabi_sral_2</name>
         <value>0xebcc</value>
         <object_component_ref idref="oc-433"/>
      </symbol>
      <symbol id="sm-6f7">
         <name>__mspabi_sral_3</name>
         <value>0xebc8</value>
         <object_component_ref idref="oc-433"/>
      </symbol>
      <symbol id="sm-6f8">
         <name>__mspabi_sral_1</name>
         <value>0xebd0</value>
         <object_component_ref idref="oc-433"/>
      </symbol>
      <symbol id="sm-702">
         <name>__mspabi_mpyi_sw</name>
         <value>0xf0fc</value>
         <object_component_ref idref="oc-3aa"/>
      </symbol>
      <symbol id="sm-703">
         <name>__mspabi_mpyi</name>
         <value>0xf0fc</value>
         <object_component_ref idref="oc-3aa"/>
      </symbol>
      <symbol id="sm-70d">
         <name>__mspabi_mpyl_sw</name>
         <value>0xefa8</value>
         <object_component_ref idref="oc-4c2"/>
      </symbol>
      <symbol id="sm-70e">
         <name>__mspabi_mpyl</name>
         <value>0xefa8</value>
         <object_component_ref idref="oc-4c2"/>
      </symbol>
      <symbol id="sm-71f">
         <name>__TI_frcmpyd</name>
         <value>0xd2e8</value>
         <object_component_ref idref="oc-487"/>
      </symbol>
   </symbol_table>
   <title>Link successful</title>
</link_info>
