<?xml version="1.0" encoding="ISO-8859-1" ?>
<link_info>
   <banner>MSP430 Linker PC v18.1.3.LTS</banner>
   <copyright>Copyright (c) 2003-2017 Texas Instruments Incorporated</copyright>
   <link_time>0x5f2419f4</link_time>
   <link_errors>0x0</link_errors>
   <output_file>Measure.out</output_file>
   <entry_point>
      <name>_c_int00_noargs</name>
      <address>0xe9ec</address>
   </entry_point>
   <input_file_list>
      <input_file id="fl-2">
         <path>.\</path>
         <kind>object</kind>
         <file>IIC.obj</file>
         <name>IIC.obj</name>
      </input_file>
      <input_file id="fl-3">
         <path>.\</path>
         <kind>object</kind>
         <file>Uart.obj</file>
         <name>Uart.obj</name>
      </input_file>
      <input_file id="fl-4">
         <path>.\</path>
         <kind>object</kind>
         <file>adxl345.obj</file>
         <name>adxl345.obj</name>
      </input_file>
      <input_file id="fl-5">
         <path>.\</path>
         <kind>object</kind>
         <file>beep.obj</file>
         <name>beep.obj</name>
      </input_file>
      <input_file id="fl-6">
         <path>.\</path>
         <kind>object</kind>
         <file>double2str.obj</file>
         <name>double2str.obj</name>
      </input_file>
      <input_file id="fl-7">
         <path>.\</path>
         <kind>object</kind>
         <file>led.obj</file>
         <name>led.obj</name>
      </input_file>
      <input_file id="fl-8">
         <path>.\</path>
         <kind>object</kind>
         <file>main.obj</file>
         <name>main.obj</name>
      </input_file>
      <input_file id="fl-9">
         <path>.\</path>
         <kind>object</kind>
         <file>measure.obj</file>
         <name>measure.obj</name>
      </input_file>
      <input_file id="fl-a">
         <path>.\</path>
         <kind>object</kind>
         <file>uart_self.obj</file>
         <name>uart_self.obj</name>
      </input_file>
      <input_file id="fl-f">
         <kind>object</kind>
         <file>&lt;internal&gt;</file>
         <name>&lt;internal&gt;</name>
      </input_file>
      <input_file id="fl-25">
         <path>D:\ti\ccsv8\tools\compiler\ti-cgt-msp430_18.1.3.LTS\lib\</path>
         <kind>archive</kind>
         <file>rts430_eabi.lib</file>
         <name>e_sqrt.c.obj</name>
      </input_file>
      <input_file id="fl-26">
         <path>D:\ti\ccsv8\tools\compiler\ti-cgt-msp430_18.1.3.LTS\lib\</path>
         <kind>archive</kind>
         <file>rts430_eabi.lib</file>
         <name>s_atan.c.obj</name>
      </input_file>
      <input_file id="fl-27">
         <path>D:\ti\ccsv8\tools\compiler\ti-cgt-msp430_18.1.3.LTS\lib\</path>
         <kind>archive</kind>
         <file>rts430_eabi.lib</file>
         <name>asr16.asm.obj</name>
      </input_file>
      <input_file id="fl-28">
         <path>D:\ti\ccsv8\tools\compiler\ti-cgt-msp430_18.1.3.LTS\lib\</path>
         <kind>archive</kind>
         <file>rts430_eabi.lib</file>
         <name>div16s.asm.obj</name>
      </input_file>
      <input_file id="fl-29">
         <path>D:\ti\ccsv8\tools\compiler\ti-cgt-msp430_18.1.3.LTS\lib\</path>
         <kind>archive</kind>
         <file>rts430_eabi.lib</file>
         <name>div16u.asm.obj</name>
      </input_file>
      <input_file id="fl-2a">
         <path>D:\ti\ccsv8\tools\compiler\ti-cgt-msp430_18.1.3.LTS\lib\</path>
         <kind>archive</kind>
         <file>rts430_eabi.lib</file>
         <name>epilog.asm.obj</name>
      </input_file>
      <input_file id="fl-2b">
         <path>D:\ti\ccsv8\tools\compiler\ti-cgt-msp430_18.1.3.LTS\lib\</path>
         <kind>archive</kind>
         <file>rts430_eabi.lib</file>
         <name>fs_add.asm.obj</name>
      </input_file>
      <input_file id="fl-2c">
         <path>D:\ti\ccsv8\tools\compiler\ti-cgt-msp430_18.1.3.LTS\lib\</path>
         <kind>archive</kind>
         <file>rts430_eabi.lib</file>
         <name>fs_mpy.asm.obj</name>
      </input_file>
      <input_file id="fl-2d">
         <path>D:\ti\ccsv8\tools\compiler\ti-cgt-msp430_18.1.3.LTS\lib\</path>
         <kind>archive</kind>
         <file>rts430_eabi.lib</file>
         <name>fs_toi.asm.obj</name>
      </input_file>
      <input_file id="fl-2e">
         <path>D:\ti\ccsv8\tools\compiler\ti-cgt-msp430_18.1.3.LTS\lib\</path>
         <kind>archive</kind>
         <file>rts430_eabi.lib</file>
         <name>int00.asm.obj</name>
      </input_file>
      <input_file id="fl-2f">
         <path>D:\ti\ccsv8\tools\compiler\ti-cgt-msp430_18.1.3.LTS\lib\</path>
         <kind>archive</kind>
         <file>rts430_eabi.lib</file>
         <name>int02.asm.obj</name>
      </input_file>
      <input_file id="fl-30">
         <path>D:\ti\ccsv8\tools\compiler\ti-cgt-msp430_18.1.3.LTS\lib\</path>
         <kind>archive</kind>
         <file>rts430_eabi.lib</file>
         <name>int03.asm.obj</name>
      </input_file>
      <input_file id="fl-31">
         <path>D:\ti\ccsv8\tools\compiler\ti-cgt-msp430_18.1.3.LTS\lib\</path>
         <kind>archive</kind>
         <file>rts430_eabi.lib</file>
         <name>int05.asm.obj</name>
      </input_file>
      <input_file id="fl-32">
         <path>D:\ti\ccsv8\tools\compiler\ti-cgt-msp430_18.1.3.LTS\lib\</path>
         <kind>archive</kind>
         <file>rts430_eabi.lib</file>
         <name>int06.asm.obj</name>
      </input_file>
      <input_file id="fl-33">
         <path>D:\ti\ccsv8\tools\compiler\ti-cgt-msp430_18.1.3.LTS\lib\</path>
         <kind>archive</kind>
         <file>rts430_eabi.lib</file>
         <name>int09.asm.obj</name>
      </input_file>
      <input_file id="fl-34">
         <path>D:\ti\ccsv8\tools\compiler\ti-cgt-msp430_18.1.3.LTS\lib\</path>
         <kind>archive</kind>
         <file>rts430_eabi.lib</file>
         <name>int10.asm.obj</name>
      </input_file>
      <input_file id="fl-35">
         <path>D:\ti\ccsv8\tools\compiler\ti-cgt-msp430_18.1.3.LTS\lib\</path>
         <kind>archive</kind>
         <file>rts430_eabi.lib</file>
         <name>int11.asm.obj</name>
      </input_file>
      <input_file id="fl-36">
         <path>D:\ti\ccsv8\tools\compiler\ti-cgt-msp430_18.1.3.LTS\lib\</path>
         <kind>archive</kind>
         <file>rts430_eabi.lib</file>
         <name>int12.asm.obj</name>
      </input_file>
      <input_file id="fl-37">
         <path>D:\ti\ccsv8\tools\compiler\ti-cgt-msp430_18.1.3.LTS\lib\</path>
         <kind>archive</kind>
         <file>rts430_eabi.lib</file>
         <name>int13.asm.obj</name>
      </input_file>
      <input_file id="fl-38">
         <path>D:\ti\ccsv8\tools\compiler\ti-cgt-msp430_18.1.3.LTS\lib\</path>
         <kind>archive</kind>
         <file>rts430_eabi.lib</file>
         <name>int14.asm.obj</name>
      </input_file>
      <input_file id="fl-39">
         <path>D:\ti\ccsv8\tools\compiler\ti-cgt-msp430_18.1.3.LTS\lib\</path>
         <kind>archive</kind>
         <file>rts430_eabi.lib</file>
         <name>isr_trap.asm.obj</name>
      </input_file>
      <input_file id="fl-3a">
         <path>D:\ti\ccsv8\tools\compiler\ti-cgt-msp430_18.1.3.LTS\lib\</path>
         <kind>archive</kind>
         <file>rts430_eabi.lib</file>
         <name>lsl16.asm.obj</name>
      </input_file>
      <input_file id="fl-3b">
         <path>D:\ti\ccsv8\tools\compiler\ti-cgt-msp430_18.1.3.LTS\lib\</path>
         <kind>archive</kind>
         <file>rts430_eabi.lib</file>
         <name>lsl32.asm.obj</name>
      </input_file>
      <input_file id="fl-3c">
         <path>D:\ti\ccsv8\tools\compiler\ti-cgt-msp430_18.1.3.LTS\lib\</path>
         <kind>archive</kind>
         <file>rts430_eabi.lib</file>
         <name>lsr16.asm.obj</name>
      </input_file>
      <input_file id="fl-3d">
         <path>D:\ti\ccsv8\tools\compiler\ti-cgt-msp430_18.1.3.LTS\lib\</path>
         <kind>archive</kind>
         <file>rts430_eabi.lib</file>
         <name>lsr32.asm.obj</name>
      </input_file>
      <input_file id="fl-3e">
         <path>D:\ti\ccsv8\tools\compiler\ti-cgt-msp430_18.1.3.LTS\lib\</path>
         <kind>archive</kind>
         <file>rts430_eabi.lib</file>
         <name>boot.c.obj</name>
      </input_file>
      <input_file id="fl-3f">
         <path>D:\ti\ccsv8\tools\compiler\ti-cgt-msp430_18.1.3.LTS\lib\</path>
         <kind>archive</kind>
         <file>rts430_eabi.lib</file>
         <name>autoinit.c.obj</name>
      </input_file>
      <input_file id="fl-40">
         <path>D:\ti\ccsv8\tools\compiler\ti-cgt-msp430_18.1.3.LTS\lib\</path>
         <kind>archive</kind>
         <file>rts430_eabi.lib</file>
         <name>copy_zero_init.c.obj</name>
      </input_file>
      <input_file id="fl-41">
         <path>D:\ti\ccsv8\tools\compiler\ti-cgt-msp430_18.1.3.LTS\lib\</path>
         <kind>archive</kind>
         <file>rts430_eabi.lib</file>
         <name>cpy_tbl.c.obj</name>
      </input_file>
      <input_file id="fl-42">
         <path>D:\ti\ccsv8\tools\compiler\ti-cgt-msp430_18.1.3.LTS\lib\</path>
         <kind>archive</kind>
         <file>rts430_eabi.lib</file>
         <name>mpu_init.c.obj</name>
      </input_file>
      <input_file id="fl-43">
         <path>D:\ti\ccsv8\tools\compiler\ti-cgt-msp430_18.1.3.LTS\lib\</path>
         <kind>archive</kind>
         <file>rts430_eabi.lib</file>
         <name>lsr64.c.obj</name>
      </input_file>
      <input_file id="fl-44">
         <path>D:\ti\ccsv8\tools\compiler\ti-cgt-msp430_18.1.3.LTS\lib\</path>
         <kind>archive</kind>
         <file>rts430_eabi.lib</file>
         <name>pre_init.c.obj</name>
      </input_file>
      <input_file id="fl-45">
         <path>D:\ti\ccsv8\tools\compiler\ti-cgt-msp430_18.1.3.LTS\lib\</path>
         <kind>archive</kind>
         <file>rts430_eabi.lib</file>
         <name>startup.c.obj</name>
      </input_file>
      <input_file id="fl-46">
         <path>D:\ti\ccsv8\tools\compiler\ti-cgt-msp430_18.1.3.LTS\lib\</path>
         <kind>archive</kind>
         <file>rts430_eabi.lib</file>
         <name>copy_decompress_none.c.obj</name>
      </input_file>
      <input_file id="fl-47">
         <path>D:\ti\ccsv8\tools\compiler\ti-cgt-msp430_18.1.3.LTS\lib\</path>
         <kind>archive</kind>
         <file>rts430_eabi.lib</file>
         <name>copy_decompress_lzss.c.obj</name>
      </input_file>
      <input_file id="fl-48">
         <path>D:\ti\ccsv8\tools\compiler\ti-cgt-msp430_18.1.3.LTS\lib\</path>
         <kind>archive</kind>
         <file>rts430_eabi.lib</file>
         <name>cvtdf.c.obj</name>
      </input_file>
      <input_file id="fl-49">
         <path>D:\ti\ccsv8\tools\compiler\ti-cgt-msp430_18.1.3.LTS\lib\</path>
         <kind>archive</kind>
         <file>rts430_eabi.lib</file>
         <name>addd.c.obj</name>
      </input_file>
      <input_file id="fl-4a">
         <path>D:\ti\ccsv8\tools\compiler\ti-cgt-msp430_18.1.3.LTS\lib\</path>
         <kind>archive</kind>
         <file>rts430_eabi.lib</file>
         <name>cmpd.c.obj</name>
      </input_file>
      <input_file id="fl-4b">
         <path>D:\ti\ccsv8\tools\compiler\ti-cgt-msp430_18.1.3.LTS\lib\</path>
         <kind>archive</kind>
         <file>rts430_eabi.lib</file>
         <name>cvtfd.c.obj</name>
      </input_file>
      <input_file id="fl-4c">
         <path>D:\ti\ccsv8\tools\compiler\ti-cgt-msp430_18.1.3.LTS\lib\</path>
         <kind>archive</kind>
         <file>rts430_eabi.lib</file>
         <name>divd.c.obj</name>
      </input_file>
      <input_file id="fl-4d">
         <path>D:\ti\ccsv8\tools\compiler\ti-cgt-msp430_18.1.3.LTS\lib\</path>
         <kind>archive</kind>
         <file>rts430_eabi.lib</file>
         <name>fixdi.c.obj</name>
      </input_file>
      <input_file id="fl-4e">
         <path>D:\ti\ccsv8\tools\compiler\ti-cgt-msp430_18.1.3.LTS\lib\</path>
         <kind>archive</kind>
         <file>rts430_eabi.lib</file>
         <name>fixdli.c.obj</name>
      </input_file>
      <input_file id="fl-4f">
         <path>D:\ti\ccsv8\tools\compiler\ti-cgt-msp430_18.1.3.LTS\lib\</path>
         <kind>archive</kind>
         <file>rts430_eabi.lib</file>
         <name>fltid.c.obj</name>
      </input_file>
      <input_file id="fl-50">
         <path>D:\ti\ccsv8\tools\compiler\ti-cgt-msp430_18.1.3.LTS\lib\</path>
         <kind>archive</kind>
         <file>rts430_eabi.lib</file>
         <name>fltlid.c.obj</name>
      </input_file>
      <input_file id="fl-51">
         <path>D:\ti\ccsv8\tools\compiler\ti-cgt-msp430_18.1.3.LTS\lib\</path>
         <kind>archive</kind>
         <file>rts430_eabi.lib</file>
         <name>frcaddd.c.obj</name>
      </input_file>
      <input_file id="fl-52">
         <path>D:\ti\ccsv8\tools\compiler\ti-cgt-msp430_18.1.3.LTS\lib\</path>
         <kind>archive</kind>
         <file>rts430_eabi.lib</file>
         <name>frcdivd.c.obj</name>
      </input_file>
      <input_file id="fl-53">
         <path>D:\ti\ccsv8\tools\compiler\ti-cgt-msp430_18.1.3.LTS\lib\</path>
         <kind>archive</kind>
         <file>rts430_eabi.lib</file>
         <name>mpyd.c.obj</name>
      </input_file>
      <input_file id="fl-54">
         <path>D:\ti\ccsv8\tools\compiler\ti-cgt-msp430_18.1.3.LTS\lib\</path>
         <kind>archive</kind>
         <file>rts430_eabi.lib</file>
         <name>negd.c.obj</name>
      </input_file>
      <input_file id="fl-55">
         <path>D:\ti\ccsv8\tools\compiler\ti-cgt-msp430_18.1.3.LTS\lib\</path>
         <kind>archive</kind>
         <file>rts430_eabi.lib</file>
         <name>renormd.c.obj</name>
      </input_file>
      <input_file id="fl-56">
         <path>D:\ti\ccsv8\tools\compiler\ti-cgt-msp430_18.1.3.LTS\lib\</path>
         <kind>archive</kind>
         <file>rts430_eabi.lib</file>
         <name>subd.c.obj</name>
      </input_file>
      <input_file id="fl-57">
         <path>D:\ti\ccsv8\tools\compiler\ti-cgt-msp430_18.1.3.LTS\lib\</path>
         <kind>archive</kind>
         <file>rts430_eabi.lib</file>
         <name>errno.c.obj</name>
      </input_file>
      <input_file id="fl-58">
         <path>D:\ti\ccsv8\tools\compiler\ti-cgt-msp430_18.1.3.LTS\lib\</path>
         <kind>archive</kind>
         <file>rts430_eabi.lib</file>
         <name>exit.c.obj</name>
      </input_file>
      <input_file id="fl-59">
         <path>D:\ti\ccsv8\tools\compiler\ti-cgt-msp430_18.1.3.LTS\lib\</path>
         <kind>archive</kind>
         <file>rts430_eabi.lib</file>
         <name>_lock.c.obj</name>
      </input_file>
      <input_file id="fl-5a">
         <path>D:\ti\ccsv8\tools\compiler\ti-cgt-msp430_18.1.3.LTS\lib\</path>
         <kind>archive</kind>
         <file>rts430_eabi.lib</file>
         <name>args_main.c.obj</name>
      </input_file>
      <input_file id="fl-5b">
         <path>D:\ti\ccsv8\tools\compiler\ti-cgt-msp430_18.1.3.LTS\lib\</path>
         <kind>archive</kind>
         <file>rts430_eabi.lib</file>
         <name>memcpy.c.obj</name>
      </input_file>
      <input_file id="fl-5c">
         <path>D:\ti\ccsv8\tools\compiler\ti-cgt-msp430_18.1.3.LTS\lib\</path>
         <kind>archive</kind>
         <file>rts430_eabi.lib</file>
         <name>asr32.asm.obj</name>
      </input_file>
      <input_file id="fl-5d">
         <path>D:\ti\ccsv8\tools\compiler\ti-cgt-msp430_18.1.3.LTS\lib\</path>
         <kind>archive</kind>
         <file>rts430_eabi.lib</file>
         <name>mult16.asm.obj</name>
      </input_file>
      <input_file id="fl-5e">
         <path>D:\ti\ccsv8\tools\compiler\ti-cgt-msp430_18.1.3.LTS\lib\</path>
         <kind>archive</kind>
         <file>rts430_eabi.lib</file>
         <name>mult32.asm.obj</name>
      </input_file>
      <input_file id="fl-5f">
         <path>D:\ti\ccsv8\tools\compiler\ti-cgt-msp430_18.1.3.LTS\lib\</path>
         <kind>archive</kind>
         <file>rts430_eabi.lib</file>
         <name>exit_gvars.c.obj</name>
      </input_file>
      <input_file id="fl-60">
         <path>D:\ti\ccsv8\tools\compiler\ti-cgt-msp430_18.1.3.LTS\lib\</path>
         <kind>archive</kind>
         <file>rts430_eabi.lib</file>
         <name>frcmpyd.c.obj</name>
      </input_file>
   </input_file_list>
   <object_component_list>
      <object_component id="oc-14b">
         <name>.common:rxBuffer</name>
         <uninitialized>true</uninitialized>
         <run_address>0x22c</run_address>
         <size>0x1</size>
      </object_component>
      <object_component id="oc-1c6">
         <name>.common:str</name>
         <uninitialized>true</uninitialized>
         <run_address>0x218</run_address>
         <size>0x14</size>
      </object_component>
      <object_component id="oc-1be">
         <name>.common:RT_Info</name>
         <uninitialized>true</uninitialized>
         <run_address>0x200</run_address>
         <size>0x18</size>
      </object_component>
      <object_component id="oc-14a">
         <name>.data</name>
         <load_address>0x22e</load_address>
         <run_address>0x22e</run_address>
         <size>0x2</size>
         <input_file_ref idref="fl-3"/>
      </object_component>
      <object_component id="oc-2ff">
         <name>.data</name>
         <load_address>0x230</load_address>
         <run_address>0x230</run_address>
         <size>0x2</size>
         <input_file_ref idref="fl-57"/>
      </object_component>
      <object_component id="oc-b1">
         <name>.stack</name>
         <uninitialized>true</uninitialized>
         <run_address>0x3b0</run_address>
         <size>0x2</size>
         <input_file_ref idref="fl-3e"/>
      </object_component>
      <object_component id="oc-46c">
         <name>.stack</name>
         <uninitialized>true</uninitialized>
         <run_address>0x3b0</run_address>
         <size>0x0</size>
      </object_component>
      <object_component id="oc-249">
         <name>.text:atan</name>
         <load_address>0xc000</load_address>
         <run_address>0xc000</run_address>
         <size>0x4b8</size>
         <input_file_ref idref="fl-26"/>
      </object_component>
      <object_component id="oc-329">
         <name>.text:__TI_frcdivd</name>
         <load_address>0xc4b8</load_address>
         <run_address>0xc4b8</run_address>
         <size>0x478</size>
         <input_file_ref idref="fl-52"/>
      </object_component>
      <object_component id="oc-2f9">
         <name>.text:__mspabi_addd</name>
         <load_address>0xc930</load_address>
         <run_address>0xc930</run_address>
         <size>0x2fa</size>
         <input_file_ref idref="fl-49"/>
      </object_component>
      <object_component id="oc-237">
         <name>.text:sqrt</name>
         <load_address>0xcc2a</load_address>
         <run_address>0xcc2a</run_address>
         <size>0x2f8</size>
         <input_file_ref idref="fl-25"/>
      </object_component>
      <object_component id="oc-352">
         <name>.text:__TI_frcmpyd</name>
         <load_address>0xcf22</load_address>
         <run_address>0xcf22</run_address>
         <size>0x286</size>
         <input_file_ref idref="fl-60"/>
      </object_component>
      <object_component id="oc-24f">
         <name>.text:__mspabi_mpyd</name>
         <load_address>0xd1a8</load_address>
         <run_address>0xd1a8</run_address>
         <size>0x26e</size>
         <input_file_ref idref="fl-53"/>
      </object_component>
      <object_component id="oc-3b6">
         <name>.text:__TI_frcaddd</name>
         <load_address>0xd416</load_address>
         <run_address>0xd416</run_address>
         <size>0x260</size>
         <input_file_ref idref="fl-51"/>
      </object_component>
      <object_component id="oc-243">
         <name>.text:__mspabi_divd</name>
         <load_address>0xd676</load_address>
         <run_address>0xd676</run_address>
         <size>0x238</size>
         <input_file_ref idref="fl-4c"/>
      </object_component>
      <object_component id="oc-1b8">
         <name>.text:make_angle</name>
         <load_address>0xd8ae</load_address>
         <run_address>0xd8ae</run_address>
         <size>0x20c</size>
         <input_file_ref idref="fl-9"/>
      </object_component>
      <object_component id="oc-25b">
         <name>.text</name>
         <load_address>0xdaba</load_address>
         <run_address>0xdaba</run_address>
         <size>0x132</size>
         <input_file_ref idref="fl-2b"/>
      </object_component>
      <object_component id="oc-348">
         <name>.text:__mspabi_cmpd</name>
         <load_address>0xdbec</load_address>
         <run_address>0xdbec</run_address>
         <size>0xdc</size>
         <input_file_ref idref="fl-4a"/>
      </object_component>
      <object_component id="oc-260">
         <name>.text</name>
         <load_address>0xdcc8</load_address>
         <run_address>0xdcc8</run_address>
         <size>0xc4</size>
         <input_file_ref idref="fl-2c"/>
      </object_component>
      <object_component id="oc-40b">
         <name>.text:__TI_renormd</name>
         <load_address>0xdd8c</load_address>
         <run_address>0xdd8c</run_address>
         <size>0xbe</size>
         <input_file_ref idref="fl-55"/>
      </object_component>
      <object_component id="oc-3af">
         <name>.text:__mspabi_fltlid</name>
         <load_address>0xde4a</load_address>
         <run_address>0xde4a</run_address>
         <size>0xac</size>
         <input_file_ref idref="fl-50"/>
      </object_component>
      <object_component id="oc-2e5">
         <name>.text:Multiple_read_ADXL345</name>
         <load_address>0xdef6</load_address>
         <run_address>0xdef6</run_address>
         <size>0xa8</size>
         <input_file_ref idref="fl-4"/>
      </object_component>
      <object_component id="oc-19a">
         <name>.text:Init_ADXL345</name>
         <load_address>0xdf9e</load_address>
         <run_address>0xdf9e</run_address>
         <size>0x98</size>
         <input_file_ref idref="fl-4"/>
      </object_component>
      <object_component id="oc-255">
         <name>.text:__mspabi_cvtdf</name>
         <load_address>0xe036</load_address>
         <run_address>0xe036</run_address>
         <size>0x8c</size>
         <input_file_ref idref="fl-48"/>
      </object_component>
      <object_component id="oc-34">
         <name>.text:decompress:lzss:__TI_decompress_lzss</name>
         <load_address>0xe0c2</load_address>
         <run_address>0xe0c2</run_address>
         <size>0x7c</size>
         <input_file_ref idref="fl-47"/>
      </object_component>
      <object_component id="oc-23d">
         <name>.text:__mspabi_cvtfd</name>
         <load_address>0xe13e</load_address>
         <run_address>0xe13e</run_address>
         <size>0x72</size>
         <input_file_ref idref="fl-4b"/>
      </object_component>
      <object_component id="oc-22b">
         <name>.text:get_raw_value</name>
         <load_address>0xe1b0</load_address>
         <run_address>0xe1b0</run_address>
         <size>0x72</size>
         <input_file_ref idref="fl-9"/>
      </object_component>
      <object_component id="oc-1c1">
         <name>.text</name>
         <load_address>0xe222</load_address>
         <run_address>0xe222</run_address>
         <size>0x68</size>
         <input_file_ref idref="fl-2d"/>
      </object_component>
      <object_component id="oc-1c9">
         <name>.text:int2str</name>
         <load_address>0xe28a</load_address>
         <run_address>0xe28a</run_address>
         <size>0x64</size>
         <input_file_ref idref="fl-6"/>
      </object_component>
      <object_component id="oc-231">
         <name>.text:make_g_float</name>
         <load_address>0xe2ee</load_address>
         <run_address>0xe2ee</run_address>
         <size>0x62</size>
         <input_file_ref idref="fl-9"/>
      </object_component>
      <object_component id="oc-307">
         <name>.text:l_lsr_const</name>
         <load_address>0xe350</load_address>
         <run_address>0xe350</run_address>
         <size>0x5c</size>
         <input_file_ref idref="fl-3d"/>
      </object_component>
      <object_component id="oc-e7">
         <name>.text:Timer_A1_ISR</name>
         <load_address>0xe3ac</load_address>
         <run_address>0xe3ac</run_address>
         <size>0x54</size>
         <input_file_ref idref="fl-3"/>
      </object_component>
      <object_component id="oc-3a7">
         <name>.text:IIC_Readbyte</name>
         <load_address>0xe400</load_address>
         <run_address>0xe400</run_address>
         <size>0x50</size>
         <input_file_ref idref="fl-2"/>
      </object_component>
      <object_component id="oc-15d">
         <name>.text:main</name>
         <load_address>0xe450</load_address>
         <run_address>0xe450</run_address>
         <size>0x4e</size>
         <input_file_ref idref="fl-8"/>
      </object_component>
      <object_component id="oc-2b8">
         <name>.text:IIC_Sendbyte</name>
         <load_address>0xe49e</load_address>
         <run_address>0xe49e</run_address>
         <size>0x4c</size>
         <input_file_ref idref="fl-2"/>
      </object_component>
      <object_component id="oc-2be">
         <name>.text:IIC_Waitack</name>
         <load_address>0xe4ea</load_address>
         <run_address>0xe4ea</run_address>
         <size>0x4c</size>
         <input_file_ref idref="fl-2"/>
      </object_component>
      <object_component id="oc-ba">
         <name>.text</name>
         <load_address>0xe536</load_address>
         <run_address>0xe536</run_address>
         <size>0x4c</size>
         <input_file_ref idref="fl-3c"/>
      </object_component>
      <object_component id="oc-2d2">
         <name>.text:B_IIC_Sendbyte</name>
         <load_address>0xe582</load_address>
         <run_address>0xe582</run_address>
         <size>0x46</size>
         <input_file_ref idref="fl-2"/>
      </object_component>
      <object_component id="oc-2d8">
         <name>.text:B_IIC_Waitack</name>
         <load_address>0xe5c8</load_address>
         <run_address>0xe5c8</run_address>
         <size>0x46</size>
         <input_file_ref idref="fl-2"/>
      </object_component>
      <object_component id="oc-1e3">
         <name>.text:__TI_auto_init_nobinit_nopinit:__TI_auto_init_nobinit_nopinit</name>
         <load_address>0xe60e</load_address>
         <run_address>0xe60e</run_address>
         <size>0x42</size>
         <input_file_ref idref="fl-3f"/>
      </object_component>
      <object_component id="oc-31d">
         <name>.text:l_asr_const</name>
         <load_address>0xe650</load_address>
         <run_address>0xe650</run_address>
         <size>0x3e</size>
         <input_file_ref idref="fl-5c"/>
      </object_component>
      <object_component id="oc-35a">
         <name>.text:l_lsl_const</name>
         <load_address>0xe68e</load_address>
         <run_address>0xe68e</run_address>
         <size>0x3e</size>
         <input_file_ref idref="fl-3b"/>
      </object_component>
      <object_component id="oc-2b2">
         <name>.text:IIC_Start</name>
         <load_address>0xe6cc</load_address>
         <run_address>0xe6cc</run_address>
         <size>0x38</size>
         <input_file_ref idref="fl-2"/>
      </object_component>
      <object_component id="oc-2c4">
         <name>.text:IIC_Stop</name>
         <load_address>0xe704</load_address>
         <run_address>0xe704</run_address>
         <size>0x38</size>
         <input_file_ref idref="fl-2"/>
      </object_component>
      <object_component id="oc-220">
         <name>.text:B_Single_Write_ADXL345</name>
         <load_address>0xe73c</load_address>
         <run_address>0xe73c</run_address>
         <size>0x34</size>
         <input_file_ref idref="fl-4"/>
      </object_component>
      <object_component id="oc-3fc">
         <name>.text:IIC_Ack</name>
         <load_address>0xe770</load_address>
         <run_address>0xe770</run_address>
         <size>0x34</size>
         <input_file_ref idref="fl-2"/>
      </object_component>
      <object_component id="oc-21a">
         <name>.text:Single_Write_ADXL345</name>
         <load_address>0xe7a4</load_address>
         <run_address>0xe7a4</run_address>
         <size>0x34</size>
         <input_file_ref idref="fl-4"/>
      </object_component>
      <object_component id="oc-2cc">
         <name>.text:B_IIC_Start</name>
         <load_address>0xe7d8</load_address>
         <run_address>0xe7d8</run_address>
         <size>0x32</size>
         <input_file_ref idref="fl-2"/>
      </object_component>
      <object_component id="oc-2de">
         <name>.text:B_IIC_Stop</name>
         <load_address>0xe80a</load_address>
         <run_address>0xe80a</run_address>
         <size>0x32</size>
         <input_file_ref idref="fl-2"/>
      </object_component>
      <object_component id="oc-3f6">
         <name>.text:IIC_Nack</name>
         <load_address>0xe83c</load_address>
         <run_address>0xe83c</run_address>
         <size>0x32</size>
         <input_file_ref idref="fl-2"/>
      </object_component>
      <object_component id="oc-1ac">
         <name>.text:UART_Init</name>
         <load_address>0xe86e</load_address>
         <run_address>0xe86e</run_address>
         <size>0x32</size>
         <input_file_ref idref="fl-a"/>
      </object_component>
      <object_component id="oc-342">
         <name>.text:__mspabi_subd</name>
         <load_address>0xe8a0</load_address>
         <run_address>0xe8a0</run_address>
         <size>0x2e</size>
         <input_file_ref idref="fl-56"/>
      </object_component>
      <object_component id="oc-302">
         <name>.text</name>
         <load_address>0xe8ce</load_address>
         <run_address>0xe8ce</run_address>
         <size>0x2c</size>
         <input_file_ref idref="fl-27"/>
      </object_component>
      <object_component id="oc-275">
         <name>.text</name>
         <load_address>0xe8fa</load_address>
         <run_address>0xe8fa</run_address>
         <size>0x2c</size>
         <input_file_ref idref="fl-28"/>
      </object_component>
      <object_component id="oc-b5">
         <name>.text</name>
         <load_address>0xe926</load_address>
         <run_address>0xe926</run_address>
         <size>0x2c</size>
         <input_file_ref idref="fl-3a"/>
      </object_component>
      <object_component id="oc-33c">
         <name>.text:__mspabi_negd</name>
         <load_address>0xe952</load_address>
         <run_address>0xe952</run_address>
         <size>0x2a</size>
         <input_file_ref idref="fl-54"/>
      </object_component>
      <object_component id="oc-194">
         <name>.text:IIC_Init</name>
         <load_address>0xe97c</load_address>
         <run_address>0xe97c</run_address>
         <size>0x26</size>
         <input_file_ref idref="fl-2"/>
      </object_component>
      <object_component id="oc-3ce">
         <name>.text</name>
         <load_address>0xe9a2</load_address>
         <run_address>0xe9a2</run_address>
         <size>0x26</size>
         <input_file_ref idref="fl-5e"/>
      </object_component>
      <object_component id="oc-e1">
         <name>.text:USCI0RX_ISR</name>
         <load_address>0xe9c8</load_address>
         <run_address>0xe9c8</run_address>
         <size>0x24</size>
         <input_file_ref idref="fl-a"/>
      </object_component>
      <object_component id="oc-ff">
         <name>.text:_c_int00_noargs</name>
         <load_address>0xe9ec</load_address>
         <run_address>0xe9ec</run_address>
         <size>0x1c</size>
         <input_file_ref idref="fl-3e"/>
      </object_component>
      <object_component id="oc-1cf">
         <name>.text:putstr</name>
         <load_address>0xea08</load_address>
         <run_address>0xea08</run_address>
         <size>0x1a</size>
         <input_file_ref idref="fl-a"/>
      </object_component>
      <object_component id="oc-2eb">
         <name>.text:get_mean</name>
         <load_address>0xea22</load_address>
         <run_address>0xea22</run_address>
         <size>0x16</size>
         <input_file_ref idref="fl-9"/>
      </object_component>
      <object_component id="oc-368">
         <name>.text</name>
         <load_address>0xea38</load_address>
         <run_address>0xea38</run_address>
         <size>0x16</size>
         <input_file_ref idref="fl-29"/>
      </object_component>
      <object_component id="oc-ed">
         <name>.text:decompress:ZI:__TI_zero_init_nomemset:__TI_zero_init_nomemset</name>
         <load_address>0xea4e</load_address>
         <run_address>0xea4e</run_address>
         <size>0x14</size>
         <input_file_ref idref="fl-40"/>
      </object_component>
      <object_component id="oc-391">
         <name>.text</name>
         <load_address>0xea62</load_address>
         <run_address>0xea62</run_address>
         <size>0x14</size>
         <input_file_ref idref="fl-5d"/>
      </object_component>
      <object_component id="oc-18e">
         <name>.text:System_Clock</name>
         <load_address>0xea76</load_address>
         <run_address>0xea76</run_address>
         <size>0x12</size>
         <input_file_ref idref="fl-8"/>
      </object_component>
      <object_component id="oc-3a">
         <name>.text:decompress:none:__TI_decompress_none</name>
         <load_address>0xea88</load_address>
         <run_address>0xea88</run_address>
         <size>0x12</size>
         <input_file_ref idref="fl-46"/>
      </object_component>
      <object_component id="oc-30c">
         <name>.text:l_lsr</name>
         <load_address>0xea9a</load_address>
         <run_address>0xea9a</run_address>
         <size>0x12</size>
         <input_file_ref idref="fl-3d"/>
      </object_component>
      <object_component id="oc-cf">
         <name>.text:memcpy</name>
         <load_address>0xeaac</load_address>
         <run_address>0xeaac</run_address>
         <size>0x12</size>
         <input_file_ref idref="fl-5b"/>
      </object_component>
      <object_component id="oc-406">
         <name>.text:l_asr</name>
         <load_address>0xeabe</load_address>
         <run_address>0xeabe</run_address>
         <size>0x10</size>
         <input_file_ref idref="fl-5c"/>
      </object_component>
      <object_component id="oc-311">
         <name>.text:l_lsl</name>
         <load_address>0xeace</load_address>
         <run_address>0xeace</run_address>
         <size>0x10</size>
         <input_file_ref idref="fl-3b"/>
      </object_component>
      <object_component id="oc-bf">
         <name>.text</name>
         <load_address>0xeade</load_address>
         <run_address>0xeade</run_address>
         <size>0x10</size>
         <input_file_ref idref="fl-2a"/>
      </object_component>
      <object_component id="oc-1a0">
         <name>.text:init_led</name>
         <load_address>0xeaee</load_address>
         <run_address>0xeaee</run_address>
         <size>0xe</size>
         <input_file_ref idref="fl-7"/>
      </object_component>
      <object_component id="oc-2f2">
         <name>.text:__mspabi_fltid</name>
         <load_address>0xeafc</load_address>
         <run_address>0xeafc</run_address>
         <size>0xc</size>
         <input_file_ref idref="fl-4f"/>
      </object_component>
      <object_component id="oc-182">
         <name>.text:putchar</name>
         <load_address>0xeb08</load_address>
         <run_address>0xeb08</run_address>
         <size>0xc</size>
         <input_file_ref idref="fl-a"/>
      </object_component>
      <object_component id="oc-1a6">
         <name>.text:init_beep</name>
         <load_address>0xeb14</load_address>
         <run_address>0xeb14</run_address>
         <size>0xa</size>
         <input_file_ref idref="fl-5"/>
      </object_component>
      <object_component id="oc-dc">
         <name>.text:_isr:__TI_ISR_TRAP</name>
         <load_address>0xeb1e</load_address>
         <run_address>0xeb1e</run_address>
         <size>0x8</size>
         <input_file_ref idref="fl-39"/>
      </object_component>
      <object_component id="oc-1d7">
         <name>.text:abort</name>
         <load_address>0xeb26</load_address>
         <run_address>0xeb26</run_address>
         <size>0x6</size>
         <input_file_ref idref="fl-58"/>
      </object_component>
      <object_component id="oc-1b2">
         <name>.text:on_led</name>
         <load_address>0xeb2c</load_address>
         <run_address>0xeb2c</run_address>
         <size>0x6</size>
         <input_file_ref idref="fl-7"/>
      </object_component>
      <object_component id="oc-157">
         <name>.text:_system_pre_init</name>
         <load_address>0xeb32</load_address>
         <run_address>0xeb32</run_address>
         <size>0x4</size>
         <input_file_ref idref="fl-44"/>
      </object_component>
      <object_component id="oc-143">
         <name>.text:receive</name>
         <load_address>0xeb36</load_address>
         <run_address>0xeb36</run_address>
         <size>0x4</size>
         <input_file_ref idref="fl-a"/>
      </object_component>
      <object_component id="oc-28f">
         <name>.text:_system_post_cinit</name>
         <load_address>0xeb3a</load_address>
         <run_address>0xeb3a</run_address>
         <size>0x2</size>
         <input_file_ref idref="fl-45"/>
      </object_component>
      <object_component id="oc-46b">
         <name>.cinit..data.load</name>
         <load_address>0xebd8</load_address>
         <run_address>0xebd8</run_address>
         <size>0x8</size>
      </object_component>
      <object_component id="oc-468">
         <name>__TI_handler_table</name>
         <load_address>0xebe0</load_address>
         <run_address>0xebe0</run_address>
         <size>0x6</size>
      </object_component>
      <object_component id="oc-46a">
         <name>.cinit..bss.load</name>
         <load_address>0xebe6</load_address>
         <run_address>0xebe6</run_address>
         <size>0x4</size>
      </object_component>
      <object_component id="oc-469">
         <name>__TI_cinit_table</name>
         <load_address>0xebea</load_address>
         <run_address>0xebea</run_address>
         <size>0x8</size>
      </object_component>
      <object_component id="oc-34e">
         <name>.const:aT</name>
         <load_address>0xeb3c</load_address>
         <run_address>0xeb3c</run_address>
         <size>0x58</size>
         <input_file_ref idref="fl-26"/>
      </object_component>
      <object_component id="oc-336">
         <name>.const:atanhi</name>
         <load_address>0xeb94</load_address>
         <run_address>0xeb94</run_address>
         <size>0x20</size>
         <input_file_ref idref="fl-26"/>
      </object_component>
      <object_component id="oc-339">
         <name>.const:atanlo</name>
         <load_address>0xebb4</load_address>
         <run_address>0xebb4</run_address>
         <size>0x20</size>
         <input_file_ref idref="fl-26"/>
      </object_component>
      <object_component id="oc-1d5">
         <name>.const:.string</name>
         <load_address>0xebd4</load_address>
         <run_address>0xebd4</run_address>
         <size>0x4</size>
         <input_file_ref idref="fl-8"/>
      </object_component>
      <object_component id="oc-42a">
         <name>.binit</name>
         <load_address>0xc000</load_address>
         <run_address>0xc000</run_address>
         <size>0x0</size>
      </object_component>
      <object_component id="oc-40">
         <name>.int00</name>
         <load_address>0xffe0</load_address>
         <run_address>0xffe0</run_address>
         <size>0x2</size>
         <input_file_ref idref="fl-2e"/>
      </object_component>
      <object_component id="oc-41">
         <name>.int02</name>
         <load_address>0xffe4</load_address>
         <run_address>0xffe4</run_address>
         <size>0x2</size>
         <input_file_ref idref="fl-2f"/>
      </object_component>
      <object_component id="oc-42">
         <name>.int03</name>
         <load_address>0xffe6</load_address>
         <run_address>0xffe6</run_address>
         <size>0x2</size>
         <input_file_ref idref="fl-30"/>
      </object_component>
      <object_component id="oc-43">
         <name>.int05</name>
         <load_address>0xffea</load_address>
         <run_address>0xffea</run_address>
         <size>0x2</size>
         <input_file_ref idref="fl-31"/>
      </object_component>
      <object_component id="oc-44">
         <name>.int06</name>
         <load_address>0xffec</load_address>
         <run_address>0xffec</run_address>
         <size>0x2</size>
         <input_file_ref idref="fl-32"/>
      </object_component>
      <object_component id="oc-45">
         <name>.int07</name>
         <load_address>0xffee</load_address>
         <run_address>0xffee</run_address>
         <size>0x2</size>
         <input_file_ref idref="fl-a"/>
      </object_component>
      <object_component id="oc-46">
         <name>.int08</name>
         <load_address>0xfff0</load_address>
         <run_address>0xfff0</run_address>
         <size>0x2</size>
         <input_file_ref idref="fl-3"/>
      </object_component>
      <object_component id="oc-47">
         <name>.int09</name>
         <load_address>0xfff2</load_address>
         <run_address>0xfff2</run_address>
         <size>0x2</size>
         <input_file_ref idref="fl-33"/>
      </object_component>
      <object_component id="oc-48">
         <name>.int10</name>
         <load_address>0xfff4</load_address>
         <run_address>0xfff4</run_address>
         <size>0x2</size>
         <input_file_ref idref="fl-34"/>
      </object_component>
      <object_component id="oc-49">
         <name>.int11</name>
         <load_address>0xfff6</load_address>
         <run_address>0xfff6</run_address>
         <size>0x2</size>
         <input_file_ref idref="fl-35"/>
      </object_component>
      <object_component id="oc-4a">
         <name>.int12</name>
         <load_address>0xfff8</load_address>
         <run_address>0xfff8</run_address>
         <size>0x2</size>
         <input_file_ref idref="fl-36"/>
      </object_component>
      <object_component id="oc-4b">
         <name>.int13</name>
         <load_address>0xfffa</load_address>
         <run_address>0xfffa</run_address>
         <size>0x2</size>
         <input_file_ref idref="fl-37"/>
      </object_component>
      <object_component id="oc-4c">
         <name>.int14</name>
         <load_address>0xfffc</load_address>
         <run_address>0xfffc</run_address>
         <size>0x2</size>
         <input_file_ref idref="fl-38"/>
      </object_component>
      <object_component id="oc-b4">
         <name>.reset</name>
         <load_address>0xfffe</load_address>
         <run_address>0xfffe</run_address>
         <size>0x2</size>
         <input_file_ref idref="fl-3e"/>
      </object_component>
      <object_component id="oc-403">
         <name>.debug_info</name>
         <load_address>0x0</load_address>
         <run_address>0x0</run_address>
         <size>0x19d</size>
         <input_file_ref idref="fl-2"/>
      </object_component>
      <object_component id="oc-2c5">
         <name>.debug_info</name>
         <load_address>0x19d</load_address>
         <run_address>0x19d</run_address>
         <size>0xfc</size>
         <input_file_ref idref="fl-2"/>
      </object_component>
      <object_component id="oc-2bf">
         <name>.debug_info</name>
         <load_address>0x299</load_address>
         <run_address>0x299</run_address>
         <size>0x11b</size>
         <input_file_ref idref="fl-2"/>
      </object_component>
      <object_component id="oc-2b4">
         <name>.debug_info</name>
         <load_address>0x3b4</load_address>
         <run_address>0x3b4</run_address>
         <size>0xfe</size>
         <input_file_ref idref="fl-2"/>
      </object_component>
      <object_component id="oc-2ba">
         <name>.debug_info</name>
         <load_address>0x4b2</load_address>
         <run_address>0x4b2</run_address>
         <size>0x136</size>
         <input_file_ref idref="fl-2"/>
      </object_component>
      <object_component id="oc-3f8">
         <name>.debug_info</name>
         <load_address>0x5e8</load_address>
         <run_address>0x5e8</run_address>
         <size>0xfc</size>
         <input_file_ref idref="fl-2"/>
      </object_component>
      <object_component id="oc-3fe">
         <name>.debug_info</name>
         <load_address>0x6e4</load_address>
         <run_address>0x6e4</run_address>
         <size>0xfa</size>
         <input_file_ref idref="fl-2"/>
      </object_component>
      <object_component id="oc-3a9">
         <name>.debug_info</name>
         <load_address>0x7de</load_address>
         <run_address>0x7de</run_address>
         <size>0x172</size>
         <input_file_ref idref="fl-2"/>
      </object_component>
      <object_component id="oc-196">
         <name>.debug_info</name>
         <load_address>0x950</load_address>
         <run_address>0x950</run_address>
         <size>0xfc</size>
         <input_file_ref idref="fl-2"/>
      </object_component>
      <object_component id="oc-2e0">
         <name>.debug_info</name>
         <load_address>0xa4c</load_address>
         <run_address>0xa4c</run_address>
         <size>0x100</size>
         <input_file_ref idref="fl-2"/>
      </object_component>
      <object_component id="oc-2d9">
         <name>.debug_info</name>
         <load_address>0xb4c</load_address>
         <run_address>0xb4c</run_address>
         <size>0x121</size>
         <input_file_ref idref="fl-2"/>
      </object_component>
      <object_component id="oc-2cd">
         <name>.debug_info</name>
         <load_address>0xc6d</load_address>
         <run_address>0xc6d</run_address>
         <size>0x102</size>
         <input_file_ref idref="fl-2"/>
      </object_component>
      <object_component id="oc-2d3">
         <name>.debug_info</name>
         <load_address>0xd6f</load_address>
         <run_address>0xd6f</run_address>
         <size>0x13b</size>
         <input_file_ref idref="fl-2"/>
      </object_component>
      <object_component id="oc-ca">
         <name>.debug_info</name>
         <load_address>0xeaa</load_address>
         <run_address>0xeaa</run_address>
         <size>0x84</size>
         <input_file_ref idref="fl-2"/>
      </object_component>
      <object_component id="oc-14c">
         <name>.debug_info</name>
         <load_address>0xf2e</load_address>
         <run_address>0xf2e</run_address>
         <size>0x2db</size>
         <input_file_ref idref="fl-3"/>
      </object_component>
      <object_component id="oc-e9">
         <name>.debug_info</name>
         <load_address>0x1209</load_address>
         <run_address>0x1209</run_address>
         <size>0x148</size>
         <input_file_ref idref="fl-3"/>
      </object_component>
      <object_component id="oc-2cb">
         <name>.debug_info</name>
         <load_address>0x1351</load_address>
         <run_address>0x1351</run_address>
         <size>0x2a5</size>
         <input_file_ref idref="fl-4"/>
      </object_component>
      <object_component id="oc-21b">
         <name>.debug_info</name>
         <load_address>0x15f6</load_address>
         <run_address>0x15f6</run_address>
         <size>0x21e</size>
         <input_file_ref idref="fl-4"/>
      </object_component>
      <object_component id="oc-2e6">
         <name>.debug_info</name>
         <load_address>0x1814</load_address>
         <run_address>0x1814</run_address>
         <size>0x274</size>
         <input_file_ref idref="fl-4"/>
      </object_component>
      <object_component id="oc-221">
         <name>.debug_info</name>
         <load_address>0x1a88</load_address>
         <run_address>0x1a88</run_address>
         <size>0x232</size>
         <input_file_ref idref="fl-4"/>
      </object_component>
      <object_component id="oc-19b">
         <name>.debug_info</name>
         <load_address>0x1cba</load_address>
         <run_address>0x1cba</run_address>
         <size>0x293</size>
         <input_file_ref idref="fl-4"/>
      </object_component>
      <object_component id="oc-1a7">
         <name>.debug_info</name>
         <load_address>0x1f4d</load_address>
         <run_address>0x1f4d</run_address>
         <size>0x101</size>
         <input_file_ref idref="fl-5"/>
      </object_component>
      <object_component id="oc-27b">
         <name>.debug_info</name>
         <load_address>0x204e</load_address>
         <run_address>0x204e</run_address>
         <size>0x141</size>
         <input_file_ref idref="fl-6"/>
      </object_component>
      <object_component id="oc-1cc">
         <name>.debug_info</name>
         <load_address>0x218f</load_address>
         <run_address>0x218f</run_address>
         <size>0x1af</size>
         <input_file_ref idref="fl-6"/>
      </object_component>
      <object_component id="oc-1b5">
         <name>.debug_info</name>
         <load_address>0x233e</load_address>
         <run_address>0x233e</run_address>
         <size>0xf8</size>
         <input_file_ref idref="fl-7"/>
      </object_component>
      <object_component id="oc-1a3">
         <name>.debug_info</name>
         <load_address>0x2436</load_address>
         <run_address>0x2436</run_address>
         <size>0xfc</size>
         <input_file_ref idref="fl-7"/>
      </object_component>
      <object_component id="oc-1c7">
         <name>.debug_info</name>
         <load_address>0x2532</load_address>
         <run_address>0x2532</run_address>
         <size>0x33c</size>
         <input_file_ref idref="fl-8"/>
      </object_component>
      <object_component id="oc-18f">
         <name>.debug_info</name>
         <load_address>0x286e</load_address>
         <run_address>0x286e</run_address>
         <size>0x107</size>
         <input_file_ref idref="fl-8"/>
      </object_component>
      <object_component id="oc-15e">
         <name>.debug_info</name>
         <load_address>0x2975</load_address>
         <run_address>0x2975</run_address>
         <size>0x1b4</size>
         <input_file_ref idref="fl-8"/>
      </object_component>
      <object_component id="oc-26d">
         <name>.debug_info</name>
         <load_address>0x2b29</load_address>
         <run_address>0x2b29</run_address>
         <size>0xae</size>
         <input_file_ref idref="fl-8"/>
      </object_component>
      <object_component id="oc-268">
         <name>.debug_info</name>
         <load_address>0x2bd7</load_address>
         <run_address>0x2bd7</run_address>
         <size>0x26b</size>
         <input_file_ref idref="fl-8"/>
      </object_component>
      <object_component id="oc-363">
         <name>.debug_info</name>
         <load_address>0x2e42</load_address>
         <run_address>0x2e42</run_address>
         <size>0x275</size>
         <input_file_ref idref="fl-8"/>
      </object_component>
      <object_component id="oc-1bf">
         <name>.debug_info</name>
         <load_address>0x30b7</load_address>
         <run_address>0x30b7</run_address>
         <size>0x29d</size>
         <input_file_ref idref="fl-9"/>
      </object_component>
      <object_component id="oc-232">
         <name>.debug_info</name>
         <load_address>0x3354</load_address>
         <run_address>0x3354</run_address>
         <size>0x18c</size>
         <input_file_ref idref="fl-9"/>
      </object_component>
      <object_component id="oc-2ec">
         <name>.debug_info</name>
         <load_address>0x34e0</load_address>
         <run_address>0x34e0</run_address>
         <size>0x147</size>
         <input_file_ref idref="fl-9"/>
      </object_component>
      <object_component id="oc-22c">
         <name>.debug_info</name>
         <load_address>0x3627</load_address>
         <run_address>0x3627</run_address>
         <size>0x1cd</size>
         <input_file_ref idref="fl-9"/>
      </object_component>
      <object_component id="oc-1ba">
         <name>.debug_info</name>
         <load_address>0x37f4</load_address>
         <run_address>0x37f4</run_address>
         <size>0x398</size>
         <input_file_ref idref="fl-9"/>
      </object_component>
      <object_component id="oc-217">
         <name>.debug_info</name>
         <load_address>0x3b8c</load_address>
         <run_address>0x3b8c</run_address>
         <size>0x23f</size>
         <input_file_ref idref="fl-a"/>
      </object_component>
      <object_component id="oc-185">
         <name>.debug_info</name>
         <load_address>0x3dcb</load_address>
         <run_address>0x3dcb</run_address>
         <size>0x13a</size>
         <input_file_ref idref="fl-a"/>
      </object_component>
      <object_component id="oc-146">
         <name>.debug_info</name>
         <load_address>0x3f05</load_address>
         <run_address>0x3f05</run_address>
         <size>0x120</size>
         <input_file_ref idref="fl-a"/>
      </object_component>
      <object_component id="oc-1d1">
         <name>.debug_info</name>
         <load_address>0x4025</load_address>
         <run_address>0x4025</run_address>
         <size>0x12e</size>
         <input_file_ref idref="fl-a"/>
      </object_component>
      <object_component id="oc-e3">
         <name>.debug_info</name>
         <load_address>0x4153</load_address>
         <run_address>0x4153</run_address>
         <size>0x13a</size>
         <input_file_ref idref="fl-a"/>
      </object_component>
      <object_component id="oc-1ad">
         <name>.debug_info</name>
         <load_address>0x428d</load_address>
         <run_address>0x428d</run_address>
         <size>0x119</size>
         <input_file_ref idref="fl-a"/>
      </object_component>
      <object_component id="oc-31c">
         <name>.debug_info</name>
         <load_address>0x43a6</load_address>
         <run_address>0x43a6</run_address>
         <size>0x172</size>
         <input_file_ref idref="fl-25"/>
      </object_component>
      <object_component id="oc-23a">
         <name>.debug_info</name>
         <load_address>0x4518</load_address>
         <run_address>0x4518</run_address>
         <size>0x312</size>
         <input_file_ref idref="fl-25"/>
      </object_component>
      <object_component id="oc-3c4">
         <name>.debug_info</name>
         <load_address>0x482a</load_address>
         <run_address>0x482a</run_address>
         <size>0x46</size>
         <input_file_ref idref="fl-25"/>
      </object_component>
      <object_component id="oc-317">
         <name>.debug_info</name>
         <load_address>0x4870</load_address>
         <run_address>0x4870</run_address>
         <size>0x39</size>
         <input_file_ref idref="fl-25"/>
      </object_component>
      <object_component id="oc-3d9">
         <name>.debug_info</name>
         <load_address>0x48a9</load_address>
         <run_address>0x48a9</run_address>
         <size>0x177</size>
         <input_file_ref idref="fl-26"/>
      </object_component>
      <object_component id="oc-337">
         <name>.debug_info</name>
         <load_address>0x4a20</load_address>
         <run_address>0x4a20</run_address>
         <size>0xf6</size>
         <input_file_ref idref="fl-26"/>
      </object_component>
      <object_component id="oc-33a">
         <name>.debug_info</name>
         <load_address>0x4b16</load_address>
         <run_address>0x4b16</run_address>
         <size>0xf6</size>
         <input_file_ref idref="fl-26"/>
      </object_component>
      <object_component id="oc-34f">
         <name>.debug_info</name>
         <load_address>0x4c0c</load_address>
         <run_address>0x4c0c</run_address>
         <size>0xee</size>
         <input_file_ref idref="fl-26"/>
      </object_component>
      <object_component id="oc-24a">
         <name>.debug_info</name>
         <load_address>0x4cfa</load_address>
         <run_address>0x4cfa</run_address>
         <size>0x5d9</size>
         <input_file_ref idref="fl-26"/>
      </object_component>
      <object_component id="oc-304">
         <name>.debug_info</name>
         <load_address>0x52d3</load_address>
         <run_address>0x52d3</run_address>
         <size>0x118</size>
         <input_file_ref idref="fl-27"/>
      </object_component>
      <object_component id="oc-276">
         <name>.debug_info</name>
         <load_address>0x53eb</load_address>
         <run_address>0x53eb</run_address>
         <size>0x12d</size>
         <input_file_ref idref="fl-28"/>
      </object_component>
      <object_component id="oc-369">
         <name>.debug_info</name>
         <load_address>0x5518</load_address>
         <run_address>0x5518</run_address>
         <size>0x119</size>
         <input_file_ref idref="fl-29"/>
      </object_component>
      <object_component id="oc-c0">
         <name>.debug_info</name>
         <load_address>0x5631</load_address>
         <run_address>0x5631</run_address>
         <size>0x126</size>
         <input_file_ref idref="fl-2a"/>
      </object_component>
      <object_component id="oc-25e">
         <name>.debug_info</name>
         <load_address>0x5757</load_address>
         <run_address>0x5757</run_address>
         <size>0x119</size>
         <input_file_ref idref="fl-2b"/>
      </object_component>
      <object_component id="oc-261">
         <name>.debug_info</name>
         <load_address>0x5870</load_address>
         <run_address>0x5870</run_address>
         <size>0x119</size>
         <input_file_ref idref="fl-2c"/>
      </object_component>
      <object_component id="oc-1c3">
         <name>.debug_info</name>
         <load_address>0x5989</load_address>
         <run_address>0x5989</run_address>
         <size>0x12d</size>
         <input_file_ref idref="fl-2d"/>
      </object_component>
      <object_component id="oc-de">
         <name>.debug_info</name>
         <load_address>0x5ab6</load_address>
         <run_address>0x5ab6</run_address>
         <size>0x107</size>
         <input_file_ref idref="fl-39"/>
      </object_component>
      <object_component id="oc-b6">
         <name>.debug_info</name>
         <load_address>0x5bbd</load_address>
         <run_address>0x5bbd</run_address>
         <size>0x118</size>
         <input_file_ref idref="fl-3a"/>
      </object_component>
      <object_component id="oc-313">
         <name>.debug_info</name>
         <load_address>0x5cd5</load_address>
         <run_address>0x5cd5</run_address>
         <size>0x118</size>
         <input_file_ref idref="fl-3b"/>
      </object_component>
      <object_component id="oc-35b">
         <name>.debug_info</name>
         <load_address>0x5ded</load_address>
         <run_address>0x5ded</run_address>
         <size>0x11e</size>
         <input_file_ref idref="fl-3b"/>
      </object_component>
      <object_component id="oc-bd">
         <name>.debug_info</name>
         <load_address>0x5f0b</load_address>
         <run_address>0x5f0b</run_address>
         <size>0x118</size>
         <input_file_ref idref="fl-3c"/>
      </object_component>
      <object_component id="oc-30d">
         <name>.debug_info</name>
         <load_address>0x6023</load_address>
         <run_address>0x6023</run_address>
         <size>0x118</size>
         <input_file_ref idref="fl-3d"/>
      </object_component>
      <object_component id="oc-309">
         <name>.debug_info</name>
         <load_address>0x613b</load_address>
         <run_address>0x613b</run_address>
         <size>0x11e</size>
         <input_file_ref idref="fl-3d"/>
      </object_component>
      <object_component id="oc-b2">
         <name>.debug_info</name>
         <load_address>0x6259</load_address>
         <run_address>0x6259</run_address>
         <size>0xf5</size>
         <input_file_ref idref="fl-3e"/>
      </object_component>
      <object_component id="oc-101">
         <name>.debug_info</name>
         <load_address>0x634e</load_address>
         <run_address>0x634e</run_address>
         <size>0x16f</size>
         <input_file_ref idref="fl-3e"/>
      </object_component>
      <object_component id="oc-296">
         <name>.debug_info</name>
         <load_address>0x64bd</load_address>
         <run_address>0x64bd</run_address>
         <size>0x472</size>
         <input_file_ref idref="fl-3f"/>
      </object_component>
      <object_component id="oc-1e5">
         <name>.debug_info</name>
         <load_address>0x692f</load_address>
         <run_address>0x692f</run_address>
         <size>0x1d5</size>
         <input_file_ref idref="fl-3f"/>
      </object_component>
      <object_component id="oc-387">
         <name>.debug_info</name>
         <load_address>0x6b04</load_address>
         <run_address>0x6b04</run_address>
         <size>0x39</size>
         <input_file_ref idref="fl-3f"/>
      </object_component>
      <object_component id="oc-398">
         <name>.debug_info</name>
         <load_address>0x6b3d</load_address>
         <run_address>0x6b3d</run_address>
         <size>0x2c</size>
         <input_file_ref idref="fl-3f"/>
      </object_component>
      <object_component id="oc-2a1">
         <name>.debug_info</name>
         <load_address>0x6b69</load_address>
         <run_address>0x6b69</run_address>
         <size>0x2c</size>
         <input_file_ref idref="fl-3f"/>
      </object_component>
      <object_component id="oc-38c">
         <name>.debug_info</name>
         <load_address>0x6b95</load_address>
         <run_address>0x6b95</run_address>
         <size>0xcd</size>
         <input_file_ref idref="fl-3f"/>
      </object_component>
      <object_component id="oc-155">
         <name>.debug_info</name>
         <load_address>0x6c62</load_address>
         <run_address>0x6c62</run_address>
         <size>0x1b4</size>
         <input_file_ref idref="fl-40"/>
      </object_component>
      <object_component id="oc-f0">
         <name>.debug_info</name>
         <load_address>0x6e16</load_address>
         <run_address>0x6e16</run_address>
         <size>0x1c7</size>
         <input_file_ref idref="fl-40"/>
      </object_component>
      <object_component id="oc-150">
         <name>.debug_info</name>
         <load_address>0x6fdd</load_address>
         <run_address>0x6fdd</run_address>
         <size>0x46</size>
         <input_file_ref idref="fl-40"/>
      </object_component>
      <object_component id="oc-136">
         <name>.debug_info</name>
         <load_address>0x7023</load_address>
         <run_address>0x7023</run_address>
         <size>0x2c</size>
         <input_file_ref idref="fl-40"/>
      </object_component>
      <object_component id="oc-159">
         <name>.debug_info</name>
         <load_address>0x704f</load_address>
         <run_address>0x704f</run_address>
         <size>0x148</size>
         <input_file_ref idref="fl-44"/>
      </object_component>
      <object_component id="oc-290">
         <name>.debug_info</name>
         <load_address>0x7197</load_address>
         <run_address>0x7197</run_address>
         <size>0x145</size>
         <input_file_ref idref="fl-45"/>
      </object_component>
      <object_component id="oc-db">
         <name>.debug_info</name>
         <load_address>0x72dc</load_address>
         <run_address>0x72dc</run_address>
         <size>0x175</size>
         <input_file_ref idref="fl-46"/>
      </object_component>
      <object_component id="oc-3b">
         <name>.debug_info</name>
         <load_address>0x7451</load_address>
         <run_address>0x7451</run_address>
         <size>0x1df</size>
         <input_file_ref idref="fl-46"/>
      </object_component>
      <object_component id="oc-d6">
         <name>.debug_info</name>
         <load_address>0x7630</load_address>
         <run_address>0x7630</run_address>
         <size>0x46</size>
         <input_file_ref idref="fl-46"/>
      </object_component>
      <object_component id="oc-13b">
         <name>.debug_info</name>
         <load_address>0x7676</load_address>
         <run_address>0x7676</run_address>
         <size>0x2c</size>
         <input_file_ref idref="fl-46"/>
      </object_component>
      <object_component id="oc-133">
         <name>.debug_info</name>
         <load_address>0x76a2</load_address>
         <run_address>0x76a2</run_address>
         <size>0x16b</size>
         <input_file_ref idref="fl-47"/>
      </object_component>
      <object_component id="oc-36">
         <name>.debug_info</name>
         <load_address>0x780d</load_address>
         <run_address>0x780d</run_address>
         <size>0x287</size>
         <input_file_ref idref="fl-47"/>
      </object_component>
      <object_component id="oc-c5">
         <name>.debug_info</name>
         <load_address>0x7a94</load_address>
         <run_address>0x7a94</run_address>
         <size>0x60</size>
         <input_file_ref idref="fl-47"/>
      </object_component>
      <object_component id="oc-179">
         <name>.debug_info</name>
         <load_address>0x7af4</load_address>
         <run_address>0x7af4</run_address>
         <size>0x46</size>
         <input_file_ref idref="fl-47"/>
      </object_component>
      <object_component id="oc-12e">
         <name>.debug_info</name>
         <load_address>0x7b3a</load_address>
         <run_address>0x7b3a</run_address>
         <size>0x39</size>
         <input_file_ref idref="fl-47"/>
      </object_component>
      <object_component id="oc-360">
         <name>.debug_info</name>
         <load_address>0x7b73</load_address>
         <run_address>0x7b73</run_address>
         <size>0x15a</size>
         <input_file_ref idref="fl-48"/>
      </object_component>
      <object_component id="oc-256">
         <name>.debug_info</name>
         <load_address>0x7ccd</load_address>
         <run_address>0x7ccd</run_address>
         <size>0x1cd</size>
         <input_file_ref idref="fl-48"/>
      </object_component>
      <object_component id="oc-324">
         <name>.debug_info</name>
         <load_address>0x7e9a</load_address>
         <run_address>0x7e9a</run_address>
         <size>0xdb</size>
         <input_file_ref idref="fl-48"/>
      </object_component>
      <object_component id="oc-3bd">
         <name>.debug_info</name>
         <load_address>0x7f75</load_address>
         <run_address>0x7f75</run_address>
         <size>0x19c</size>
         <input_file_ref idref="fl-49"/>
      </object_component>
      <object_component id="oc-2fa">
         <name>.debug_info</name>
         <load_address>0x8111</load_address>
         <run_address>0x8111</run_address>
         <size>0x24c</size>
         <input_file_ref idref="fl-49"/>
      </object_component>
      <object_component id="oc-330">
         <name>.debug_info</name>
         <load_address>0x835d</load_address>
         <run_address>0x835d</run_address>
         <size>0x94</size>
         <input_file_ref idref="fl-49"/>
      </object_component>
      <object_component id="oc-349">
         <name>.debug_info</name>
         <load_address>0x83f1</load_address>
         <run_address>0x83f1</run_address>
         <size>0x1a4</size>
         <input_file_ref idref="fl-4a"/>
      </object_component>
      <object_component id="oc-323">
         <name>.debug_info</name>
         <load_address>0x8595</load_address>
         <run_address>0x8595</run_address>
         <size>0x15a</size>
         <input_file_ref idref="fl-4b"/>
      </object_component>
      <object_component id="oc-23e">
         <name>.debug_info</name>
         <load_address>0x86ef</load_address>
         <run_address>0x86ef</run_address>
         <size>0x1c9</size>
         <input_file_ref idref="fl-4b"/>
      </object_component>
      <object_component id="oc-335">
         <name>.debug_info</name>
         <load_address>0x88b8</load_address>
         <run_address>0x88b8</run_address>
         <size>0x197</size>
         <input_file_ref idref="fl-4c"/>
      </object_component>
      <object_component id="oc-244">
         <name>.debug_info</name>
         <load_address>0x8a4f</load_address>
         <run_address>0x8a4f</run_address>
         <size>0x27f</size>
         <input_file_ref idref="fl-4c"/>
      </object_component>
      <object_component id="oc-2f3">
         <name>.debug_info</name>
         <load_address>0x8cce</load_address>
         <run_address>0x8cce</run_address>
         <size>0x15b</size>
         <input_file_ref idref="fl-4f"/>
      </object_component>
      <object_component id="oc-405">
         <name>.debug_info</name>
         <load_address>0x8e29</load_address>
         <run_address>0x8e29</run_address>
         <size>0x160</size>
         <input_file_ref idref="fl-50"/>
      </object_component>
      <object_component id="oc-3b1">
         <name>.debug_info</name>
         <load_address>0x8f89</load_address>
         <run_address>0x8f89</run_address>
         <size>0x210</size>
         <input_file_ref idref="fl-50"/>
      </object_component>
      <object_component id="oc-412">
         <name>.debug_info</name>
         <load_address>0x9199</load_address>
         <run_address>0x9199</run_address>
         <size>0x195</size>
         <input_file_ref idref="fl-51"/>
      </object_component>
      <object_component id="oc-3b8">
         <name>.debug_info</name>
         <load_address>0x932e</load_address>
         <run_address>0x932e</run_address>
         <size>0x31e</size>
         <input_file_ref idref="fl-51"/>
      </object_component>
      <object_component id="oc-3d4">
         <name>.debug_info</name>
         <load_address>0x964c</load_address>
         <run_address>0x964c</run_address>
         <size>0x167</size>
         <input_file_ref idref="fl-52"/>
      </object_component>
      <object_component id="oc-32a">
         <name>.debug_info</name>
         <load_address>0x97b3</load_address>
         <run_address>0x97b3</run_address>
         <size>0x5c4</size>
         <input_file_ref idref="fl-52"/>
      </object_component>
      <object_component id="oc-359">
         <name>.debug_info</name>
         <load_address>0x9d77</load_address>
         <run_address>0x9d77</run_address>
         <size>0x197</size>
         <input_file_ref idref="fl-53"/>
      </object_component>
      <object_component id="oc-250">
         <name>.debug_info</name>
         <load_address>0x9f0e</load_address>
         <run_address>0x9f0e</run_address>
         <size>0x2d5</size>
         <input_file_ref idref="fl-53"/>
      </object_component>
      <object_component id="oc-33e">
         <name>.debug_info</name>
         <load_address>0xa1e3</load_address>
         <run_address>0xa1e3</run_address>
         <size>0x14d</size>
         <input_file_ref idref="fl-54"/>
      </object_component>
      <object_component id="oc-424">
         <name>.debug_info</name>
         <load_address>0xa330</load_address>
         <run_address>0xa330</run_address>
         <size>0x167</size>
         <input_file_ref idref="fl-55"/>
      </object_component>
      <object_component id="oc-40e">
         <name>.debug_info</name>
         <load_address>0xa497</load_address>
         <run_address>0xa497</run_address>
         <size>0x1ee</size>
         <input_file_ref idref="fl-55"/>
      </object_component>
      <object_component id="oc-346">
         <name>.debug_info</name>
         <load_address>0xa685</load_address>
         <run_address>0xa685</run_address>
         <size>0x182</size>
         <input_file_ref idref="fl-56"/>
      </object_component>
      <object_component id="oc-300">
         <name>.debug_info</name>
         <load_address>0xa807</load_address>
         <run_address>0xa807</run_address>
         <size>0xf3</size>
         <input_file_ref idref="fl-57"/>
      </object_component>
      <object_component id="oc-1da">
         <name>.debug_info</name>
         <load_address>0xa8fa</load_address>
         <run_address>0xa8fa</run_address>
         <size>0x117</size>
         <input_file_ref idref="fl-58"/>
      </object_component>
      <object_component id="oc-135">
         <name>.debug_info</name>
         <load_address>0xaa11</load_address>
         <run_address>0xaa11</run_address>
         <size>0x176</size>
         <input_file_ref idref="fl-5b"/>
      </object_component>
      <object_component id="oc-d0">
         <name>.debug_info</name>
         <load_address>0xab87</load_address>
         <run_address>0xab87</run_address>
         <size>0x16f</size>
         <input_file_ref idref="fl-5b"/>
      </object_component>
      <object_component id="oc-407">
         <name>.debug_info</name>
         <load_address>0xacf6</load_address>
         <run_address>0xacf6</run_address>
         <size>0x118</size>
         <input_file_ref idref="fl-5c"/>
      </object_component>
      <object_component id="oc-31e">
         <name>.debug_info</name>
         <load_address>0xae0e</load_address>
         <run_address>0xae0e</run_address>
         <size>0x11e</size>
         <input_file_ref idref="fl-5c"/>
      </object_component>
      <object_component id="oc-393">
         <name>.debug_info</name>
         <load_address>0xaf2c</load_address>
         <run_address>0xaf2c</run_address>
         <size>0x119</size>
         <input_file_ref idref="fl-5d"/>
      </object_component>
      <object_component id="oc-3d0">
         <name>.debug_info</name>
         <load_address>0xb045</load_address>
         <run_address>0xb045</run_address>
         <size>0x119</size>
         <input_file_ref idref="fl-5e"/>
      </object_component>
      <object_component id="oc-3e2">
         <name>.debug_info</name>
         <load_address>0xb15e</load_address>
         <run_address>0xb15e</run_address>
         <size>0x167</size>
         <input_file_ref idref="fl-60"/>
      </object_component>
      <object_component id="oc-353">
         <name>.debug_info</name>
         <load_address>0xb2c5</load_address>
         <run_address>0xb2c5</run_address>
         <size>0x3a0</size>
         <input_file_ref idref="fl-60"/>
      </object_component>
      <object_component id="oc-46d">
         <name>.debug_info</name>
         <load_address>0xb665</load_address>
         <run_address>0xb665</run_address>
         <size>0xa7</size>
      </object_component>
      <object_component id="oc-41f">
         <name>.debug_line</name>
         <load_address>0x0</load_address>
         <run_address>0x0</run_address>
         <size>0x55</size>
         <input_file_ref idref="fl-2"/>
      </object_component>
      <object_component id="oc-2c8">
         <name>.debug_line</name>
         <load_address>0x55</load_address>
         <run_address>0x55</run_address>
         <size>0x44</size>
         <input_file_ref idref="fl-2"/>
      </object_component>
      <object_component id="oc-2c2">
         <name>.debug_line</name>
         <load_address>0x99</load_address>
         <run_address>0x99</run_address>
         <size>0x4d</size>
         <input_file_ref idref="fl-2"/>
      </object_component>
      <object_component id="oc-2b3">
         <name>.debug_line</name>
         <load_address>0xe6</load_address>
         <run_address>0xe6</run_address>
         <size>0x44</size>
         <input_file_ref idref="fl-2"/>
      </object_component>
      <object_component id="oc-2b9">
         <name>.debug_line</name>
         <load_address>0x12a</load_address>
         <run_address>0x12a</run_address>
         <size>0x54</size>
         <input_file_ref idref="fl-2"/>
      </object_component>
      <object_component id="oc-3f7">
         <name>.debug_line</name>
         <load_address>0x17e</load_address>
         <run_address>0x17e</run_address>
         <size>0x45</size>
         <input_file_ref idref="fl-2"/>
      </object_component>
      <object_component id="oc-3fd">
         <name>.debug_line</name>
         <load_address>0x1c3</load_address>
         <run_address>0x1c3</run_address>
         <size>0x45</size>
         <input_file_ref idref="fl-2"/>
      </object_component>
      <object_component id="oc-3a8">
         <name>.debug_line</name>
         <load_address>0x208</load_address>
         <run_address>0x208</run_address>
         <size>0x5f</size>
         <input_file_ref idref="fl-2"/>
      </object_component>
      <object_component id="oc-195">
         <name>.debug_line</name>
         <load_address>0x267</load_address>
         <run_address>0x267</run_address>
         <size>0x43</size>
         <input_file_ref idref="fl-2"/>
      </object_component>
      <object_component id="oc-2df">
         <name>.debug_line</name>
         <load_address>0x2aa</load_address>
         <run_address>0x2aa</run_address>
         <size>0x45</size>
         <input_file_ref idref="fl-2"/>
      </object_component>
      <object_component id="oc-2dc">
         <name>.debug_line</name>
         <load_address>0x2ef</load_address>
         <run_address>0x2ef</run_address>
         <size>0x4d</size>
         <input_file_ref idref="fl-2"/>
      </object_component>
      <object_component id="oc-2d0">
         <name>.debug_line</name>
         <load_address>0x33c</load_address>
         <run_address>0x33c</run_address>
         <size>0x45</size>
         <input_file_ref idref="fl-2"/>
      </object_component>
      <object_component id="oc-2d6">
         <name>.debug_line</name>
         <load_address>0x381</load_address>
         <run_address>0x381</run_address>
         <size>0x54</size>
         <input_file_ref idref="fl-2"/>
      </object_component>
      <object_component id="oc-cd">
         <name>.debug_line</name>
         <load_address>0x3d5</load_address>
         <run_address>0x3d5</run_address>
         <size>0x20</size>
         <input_file_ref idref="fl-2"/>
      </object_component>
      <object_component id="oc-18a">
         <name>.debug_line</name>
         <load_address>0x3f5</load_address>
         <run_address>0x3f5</run_address>
         <size>0x62</size>
         <input_file_ref idref="fl-3"/>
      </object_component>
      <object_component id="oc-e8">
         <name>.debug_line</name>
         <load_address>0x457</load_address>
         <run_address>0x457</run_address>
         <size>0x57</size>
         <input_file_ref idref="fl-3"/>
      </object_component>
      <object_component id="oc-3a2">
         <name>.debug_line</name>
         <load_address>0x4ae</load_address>
         <run_address>0x4ae</run_address>
         <size>0x2c</size>
         <input_file_ref idref="fl-4"/>
      </object_component>
      <object_component id="oc-21e">
         <name>.debug_line</name>
         <load_address>0x4da</load_address>
         <run_address>0x4da</run_address>
         <size>0x47</size>
         <input_file_ref idref="fl-4"/>
      </object_component>
      <object_component id="oc-2e9">
         <name>.debug_line</name>
         <load_address>0x521</load_address>
         <run_address>0x521</run_address>
         <size>0x53</size>
         <input_file_ref idref="fl-4"/>
      </object_component>
      <object_component id="oc-224">
         <name>.debug_line</name>
         <load_address>0x574</load_address>
         <run_address>0x574</run_address>
         <size>0x4a</size>
         <input_file_ref idref="fl-4"/>
      </object_component>
      <object_component id="oc-19f">
         <name>.debug_line</name>
         <load_address>0x5be</load_address>
         <run_address>0x5be</run_address>
         <size>0x50</size>
         <input_file_ref idref="fl-4"/>
      </object_component>
      <object_component id="oc-1ab">
         <name>.debug_line</name>
         <load_address>0x60e</load_address>
         <run_address>0x60e</run_address>
         <size>0x3e</size>
         <input_file_ref idref="fl-5"/>
      </object_component>
      <object_component id="oc-36f">
         <name>.debug_line</name>
         <load_address>0x64c</load_address>
         <run_address>0x64c</run_address>
         <size>0x20</size>
         <input_file_ref idref="fl-6"/>
      </object_component>
      <object_component id="oc-1cb">
         <name>.debug_line</name>
         <load_address>0x66c</load_address>
         <run_address>0x66c</run_address>
         <size>0x65</size>
         <input_file_ref idref="fl-6"/>
      </object_component>
      <object_component id="oc-1b4">
[...]
         <object_component_ref idref="oc-25b"/>
      </symbol>
      <symbol id="sm-2ff">
         <name>__mspabi_mpyf</name>
         <value>0xdcc8</value>
         <object_component_ref idref="oc-260"/>
      </symbol>
      <symbol id="sm-311">
         <name>__mspabi_fixfi</name>
         <value>0xe222</value>
         <object_component_ref idref="oc-1c1"/>
      </symbol>
      <symbol id="sm-314">
         <name>__TI_int00</name>
         <value>0xffe0</value>
         <object_component_ref idref="oc-40"/>
      </symbol>
      <symbol id="sm-317">
         <name>__TI_int02</name>
         <value>0xffe4</value>
         <object_component_ref idref="oc-41"/>
      </symbol>
      <symbol id="sm-31a">
         <name>__TI_int03</name>
         <value>0xffe6</value>
         <object_component_ref idref="oc-42"/>
      </symbol>
      <symbol id="sm-31d">
         <name>__TI_int05</name>
         <value>0xffea</value>
         <object_component_ref idref="oc-43"/>
      </symbol>
      <symbol id="sm-320">
         <name>__TI_int06</name>
         <value>0xffec</value>
         <object_component_ref idref="oc-44"/>
      </symbol>
      <symbol id="sm-323">
         <name>__TI_int09</name>
         <value>0xfff2</value>
         <object_component_ref idref="oc-47"/>
      </symbol>
      <symbol id="sm-326">
         <name>__TI_int10</name>
         <value>0xfff4</value>
         <object_component_ref idref="oc-48"/>
      </symbol>
      <symbol id="sm-329">
         <name>__TI_int11</name>
         <value>0xfff6</value>
         <object_component_ref idref="oc-49"/>
      </symbol>
      <symbol id="sm-32c">
         <name>__TI_int12</name>
         <value>0xfff8</value>
         <object_component_ref idref="oc-4a"/>
      </symbol>
      <symbol id="sm-32f">
         <name>__TI_int13</name>
         <value>0xfffa</value>
         <object_component_ref idref="oc-4b"/>
      </symbol>
      <symbol id="sm-332">
         <name>__TI_int14</name>
         <value>0xfffc</value>
         <object_component_ref idref="oc-4c"/>
      </symbol>
      <symbol id="sm-33a">
         <name>__TI_ISR_TRAP</name>
         <value>0xeb1e</value>
         <object_component_ref idref="oc-dc"/>
      </symbol>
      <symbol id="sm-342">
         <name>__mspabi_slli</name>
         <value>0xe926</value>
         <object_component_ref idref="oc-b5"/>
      </symbol>
      <symbol id="sm-343">
         <name>__mspabi_slli_9</name>
         <value>0xe93e</value>
         <object_component_ref idref="oc-b5"/>
      </symbol>
      <symbol id="sm-344">
         <name>__mspabi_slli_8</name>
         <value>0xe940</value>
         <object_component_ref idref="oc-b5"/>
      </symbol>
      <symbol id="sm-345">
         <name>__mspabi_slli_7</name>
         <value>0xe942</value>
         <object_component_ref idref="oc-b5"/>
      </symbol>
      <symbol id="sm-346">
         <name>__mspabi_slli_6</name>
         <value>0xe944</value>
         <object_component_ref idref="oc-b5"/>
      </symbol>
      <symbol id="sm-347">
         <name>__mspabi_slli_5</name>
         <value>0xe946</value>
         <object_component_ref idref="oc-b5"/>
      </symbol>
      <symbol id="sm-348">
         <name>__mspabi_slli_4</name>
         <value>0xe948</value>
         <object_component_ref idref="oc-b5"/>
      </symbol>
      <symbol id="sm-349">
         <name>__mspabi_slli_3</name>
         <value>0xe94a</value>
         <object_component_ref idref="oc-b5"/>
      </symbol>
      <symbol id="sm-34a">
         <name>__mspabi_slli_2</name>
         <value>0xe94c</value>
         <object_component_ref idref="oc-b5"/>
      </symbol>
      <symbol id="sm-34b">
         <name>__mspabi_slli_1</name>
         <value>0xe94e</value>
         <object_component_ref idref="oc-b5"/>
      </symbol>
      <symbol id="sm-34c">
         <name>__mspabi_slli_15</name>
         <value>0xe932</value>
         <object_component_ref idref="oc-b5"/>
      </symbol>
      <symbol id="sm-34d">
         <name>__mspabi_slli_14</name>
         <value>0xe934</value>
         <object_component_ref idref="oc-b5"/>
      </symbol>
      <symbol id="sm-34e">
         <name>__mspabi_slli_13</name>
         <value>0xe936</value>
         <object_component_ref idref="oc-b5"/>
      </symbol>
      <symbol id="sm-34f">
         <name>__mspabi_slli_12</name>
         <value>0xe938</value>
         <object_component_ref idref="oc-b5"/>
      </symbol>
      <symbol id="sm-350">
         <name>__mspabi_slli_11</name>
         <value>0xe93a</value>
         <object_component_ref idref="oc-b5"/>
      </symbol>
      <symbol id="sm-351">
         <name>__mspabi_slli_10</name>
         <value>0xe93c</value>
         <object_component_ref idref="oc-b5"/>
      </symbol>
      <symbol id="sm-361">
         <name>__mspabi_slll_9</name>
         <value>0xe6a6</value>
         <object_component_ref idref="oc-35a"/>
      </symbol>
      <symbol id="sm-362">
         <name>__mspabi_slll_8</name>
         <value>0xe6aa</value>
         <object_component_ref idref="oc-35a"/>
      </symbol>
      <symbol id="sm-363">
         <name>__mspabi_slll_7</name>
         <value>0xe6ae</value>
         <object_component_ref idref="oc-35a"/>
      </symbol>
      <symbol id="sm-364">
         <name>__mspabi_slll_6</name>
         <value>0xe6b2</value>
         <object_component_ref idref="oc-35a"/>
      </symbol>
      <symbol id="sm-365">
         <name>__mspabi_slll_5</name>
         <value>0xe6b6</value>
         <object_component_ref idref="oc-35a"/>
      </symbol>
      <symbol id="sm-366">
         <name>__mspabi_slll_4</name>
         <value>0xe6ba</value>
         <object_component_ref idref="oc-35a"/>
      </symbol>
      <symbol id="sm-367">
         <name>__mspabi_slll_3</name>
         <value>0xe6be</value>
         <object_component_ref idref="oc-35a"/>
      </symbol>
      <symbol id="sm-368">
         <name>__mspabi_slll_2</name>
         <value>0xe6c2</value>
         <object_component_ref idref="oc-35a"/>
      </symbol>
      <symbol id="sm-369">
         <name>__mspabi_slll_1</name>
         <value>0xe6c6</value>
         <object_component_ref idref="oc-35a"/>
      </symbol>
      <symbol id="sm-36a">
         <name>__mspabi_slll</name>
         <value>0xeace</value>
         <object_component_ref idref="oc-311"/>
      </symbol>
      <symbol id="sm-36b">
         <name>__mspabi_slll_15</name>
         <value>0xe68e</value>
         <object_component_ref idref="oc-35a"/>
      </symbol>
      <symbol id="sm-36c">
         <name>__mspabi_slll_14</name>
         <value>0xe692</value>
         <object_component_ref idref="oc-35a"/>
      </symbol>
      <symbol id="sm-36d">
         <name>__mspabi_slll_13</name>
         <value>0xe696</value>
         <object_component_ref idref="oc-35a"/>
      </symbol>
      <symbol id="sm-36e">
         <name>__mspabi_slll_12</name>
         <value>0xe69a</value>
         <object_component_ref idref="oc-35a"/>
      </symbol>
      <symbol id="sm-36f">
         <name>__mspabi_slll_11</name>
         <value>0xe69e</value>
         <object_component_ref idref="oc-35a"/>
      </symbol>
      <symbol id="sm-370">
         <name>__mspabi_slll_10</name>
         <value>0xe6a2</value>
         <object_component_ref idref="oc-35a"/>
      </symbol>
      <symbol id="sm-378">
         <name>__mspabi_srli_8</name>
         <value>0xe560</value>
         <object_component_ref idref="oc-ba"/>
      </symbol>
      <symbol id="sm-379">
         <name>__mspabi_srli_9</name>
         <value>0xe55c</value>
         <object_component_ref idref="oc-ba"/>
      </symbol>
      <symbol id="sm-37a">
         <name>__mspabi_srli_6</name>
         <value>0xe568</value>
         <object_component_ref idref="oc-ba"/>
      </symbol>
      <symbol id="sm-37b">
         <name>__mspabi_srli_7</name>
         <value>0xe564</value>
         <object_component_ref idref="oc-ba"/>
      </symbol>
      <symbol id="sm-37c">
         <name>__mspabi_srli_4</name>
         <value>0xe570</value>
         <object_component_ref idref="oc-ba"/>
      </symbol>
      <symbol id="sm-37d">
         <name>__mspabi_srli_5</name>
         <value>0xe56c</value>
         <object_component_ref idref="oc-ba"/>
      </symbol>
      <symbol id="sm-37e">
         <name>__mspabi_srli_2</name>
         <value>0xe578</value>
         <object_component_ref idref="oc-ba"/>
      </symbol>
      <symbol id="sm-37f">
         <name>__mspabi_srli_3</name>
         <value>0xe574</value>
         <object_component_ref idref="oc-ba"/>
      </symbol>
      <symbol id="sm-380">
         <name>__mspabi_srli_1</name>
         <value>0xe57c</value>
         <object_component_ref idref="oc-ba"/>
      </symbol>
      <symbol id="sm-381">
         <name>__mspabi_srli</name>
         <value>0xe536</value>
         <object_component_ref idref="oc-ba"/>
      </symbol>
      <symbol id="sm-382">
         <name>__mspabi_srli_15</name>
         <value>0xe544</value>
         <object_component_ref idref="oc-ba"/>
      </symbol>
      <symbol id="sm-383">
         <name>__mspabi_srli_14</name>
         <value>0xe548</value>
         <object_component_ref idref="oc-ba"/>
      </symbol>
      <symbol id="sm-384">
         <name>__mspabi_srli_13</name>
         <value>0xe54c</value>
         <object_component_ref idref="oc-ba"/>
      </symbol>
      <symbol id="sm-385">
         <name>__mspabi_srli_12</name>
         <value>0xe550</value>
         <object_component_ref idref="oc-ba"/>
      </symbol>
      <symbol id="sm-386">
         <name>__mspabi_srli_11</name>
         <value>0xe554</value>
         <object_component_ref idref="oc-ba"/>
      </symbol>
      <symbol id="sm-387">
         <name>__mspabi_srli_10</name>
         <value>0xe558</value>
         <object_component_ref idref="oc-ba"/>
      </symbol>
      <symbol id="sm-397">
         <name>__mspabi_srll_8</name>
         <value>0xe37a</value>
         <object_component_ref idref="oc-307"/>
      </symbol>
      <symbol id="sm-398">
         <name>__mspabi_srll_9</name>
         <value>0xe374</value>
         <object_component_ref idref="oc-307"/>
      </symbol>
      <symbol id="sm-399">
         <name>__mspabi_srll_6</name>
         <value>0xe386</value>
         <object_component_ref idref="oc-307"/>
      </symbol>
      <symbol id="sm-39a">
         <name>__mspabi_srll_7</name>
         <value>0xe380</value>
         <object_component_ref idref="oc-307"/>
      </symbol>
      <symbol id="sm-39b">
         <name>__mspabi_srll_4</name>
         <value>0xe392</value>
         <object_component_ref idref="oc-307"/>
      </symbol>
      <symbol id="sm-39c">
         <name>__mspabi_srll_5</name>
         <value>0xe38c</value>
         <object_component_ref idref="oc-307"/>
      </symbol>
      <symbol id="sm-39d">
         <name>__mspabi_srll_2</name>
         <value>0xe39e</value>
         <object_component_ref idref="oc-307"/>
      </symbol>
      <symbol id="sm-39e">
         <name>__mspabi_srll_3</name>
         <value>0xe398</value>
         <object_component_ref idref="oc-307"/>
      </symbol>
      <symbol id="sm-39f">
         <name>__mspabi_srll_1</name>
         <value>0xe3a4</value>
         <object_component_ref idref="oc-307"/>
      </symbol>
      <symbol id="sm-3a0">
         <name>__mspabi_srll_15</name>
         <value>0xe350</value>
         <object_component_ref idref="oc-307"/>
      </symbol>
      <symbol id="sm-3a1">
         <name>__mspabi_srll_14</name>
         <value>0xe356</value>
         <object_component_ref idref="oc-307"/>
      </symbol>
      <symbol id="sm-3a2">
         <name>__mspabi_srll_13</name>
         <value>0xe35c</value>
         <object_component_ref idref="oc-307"/>
      </symbol>
      <symbol id="sm-3a3">
         <name>__mspabi_srll_12</name>
         <value>0xe362</value>
         <object_component_ref idref="oc-307"/>
      </symbol>
      <symbol id="sm-3a4">
         <name>__mspabi_srll_11</name>
         <value>0xe368</value>
         <object_component_ref idref="oc-307"/>
      </symbol>
      <symbol id="sm-3a5">
         <name>__mspabi_srll_10</name>
         <value>0xe36e</value>
         <object_component_ref idref="oc-307"/>
      </symbol>
      <symbol id="sm-3a6">
         <name>__mspabi_srll</name>
         <value>0xea9a</value>
         <object_component_ref idref="oc-30c"/>
      </symbol>
      <symbol id="sm-3b6">
         <name>_stack</name>
         <value>0x3b0</value>
         <object_component_ref idref="oc-b1"/>
      </symbol>
      <symbol id="sm-3b7">
         <name>_c_int00_noargs</name>
         <value>0xe9ec</value>
         <object_component_ref idref="oc-ff"/>
      </symbol>
      <symbol id="sm-3b8">
         <name>_reset_vector</name>
         <value>0xfffe</value>
         <object_component_ref idref="oc-b4"/>
      </symbol>
      <symbol id="sm-3da">
         <name>__TI_auto_init_nobinit_nopinit</name>
         <value>0xe60e</value>
         <object_component_ref idref="oc-1e3"/>
      </symbol>
      <symbol id="sm-3f2">
         <name>__TI_zero_init_nomemset</name>
         <value>0xea4e</value>
         <object_component_ref idref="oc-ed"/>
      </symbol>
      <symbol id="sm-3fe">
         <name>_system_pre_init</name>
         <value>0xeb32</value>
         <object_component_ref idref="oc-157"/>
      </symbol>
      <symbol id="sm-407">
         <name>_system_post_cinit</name>
         <value>0xeb3a</value>
         <object_component_ref idref="oc-28f"/>
      </symbol>
      <symbol id="sm-41d">
         <name>__TI_decompress_none</name>
         <value>0xea88</value>
         <object_component_ref idref="oc-3a"/>
      </symbol>
      <symbol id="sm-440">
         <name>__TI_decompress_lzss</name>
         <value>0xe0c2</value>
         <object_component_ref idref="oc-34"/>
      </symbol>
      <symbol id="sm-458">
         <name>__mspabi_cvtdf</name>
         <value>0xe036</value>
         <object_component_ref idref="oc-255"/>
      </symbol>
      <symbol id="sm-47f">
         <name>__mspabi_addd</name>
         <value>0xc930</value>
         <object_component_ref idref="oc-2f9"/>
      </symbol>
      <symbol id="sm-499">
         <name>__mspabi_cmpd</name>
         <value>0xdbec</value>
         <object_component_ref idref="oc-348"/>
      </symbol>
      <symbol id="sm-4aa">
         <name>__mspabi_cvtfd</name>
         <value>0xe13e</value>
         <object_component_ref idref="oc-23d"/>
      </symbol>
      <symbol id="sm-4cb">
         <name>__mspabi_divd</name>
         <value>0xd676</value>
         <object_component_ref idref="oc-243"/>
      </symbol>
      <symbol id="sm-4d6">
         <name>__mspabi_fltid</name>
         <value>0xeafc</value>
         <object_component_ref idref="oc-2f2"/>
      </symbol>
      <symbol id="sm-4ed">
         <name>__mspabi_fltlid</name>
         <value>0xde4a</value>
         <object_component_ref idref="oc-3af"/>
      </symbol>
      <symbol id="sm-50e">
         <name>__TI_frcaddd</name>
         <value>0xd416</value>
         <object_component_ref idref="oc-3b6"/>
      </symbol>
      <symbol id="sm-529">
         <name>__TI_frcdivd</name>
         <value>0xc4b8</value>
         <object_component_ref idref="oc-329"/>
      </symbol>
      <symbol id="sm-54b">
         <name>__mspabi_mpyd</name>
         <value>0xd1a8</value>
         <object_component_ref idref="oc-24f"/>
      </symbol>
      <symbol id="sm-554">
         <name>__mspabi_negd</name>
         <value>0xe952</value>
         <object_component_ref idref="oc-33c"/>
      </symbol>
      <symbol id="sm-567">
         <name>__TI_renormd</name>
         <value>0xdd8c</value>
         <object_component_ref idref="oc-40b"/>
      </symbol>
      <symbol id="sm-570">
         <name>__mspabi_subd</name>
         <value>0xe8a0</value>
         <object_component_ref idref="oc-342"/>
      </symbol>
      <symbol id="sm-577">
         <name>errno</name>
         <value>0x230</value>
         <object_component_ref idref="oc-2ff"/>
      </symbol>
      <symbol id="sm-581">
         <name>C$$EXIT</name>
         <value>0xeb26</value>
         <object_component_ref idref="oc-1d7"/>
      </symbol>
      <symbol id="sm-582">
         <name>abort</name>
         <value>0xeb26</value>
         <object_component_ref idref="oc-1d7"/>
      </symbol>
      <symbol id="sm-592">
         <name>memcpy</name>
         <value>0xeaac</value>
         <object_component_ref idref="oc-cf"/>
      </symbol>
      <symbol id="sm-5a2">
         <name>__mspabi_sral</name>
         <value>0xeabe</value>
         <object_component_ref idref="oc-406"/>
      </symbol>
      <symbol id="sm-5a3">
         <name>__mspabi_sral_15</name>
         <value>0xe650</value>
         <object_component_ref idref="oc-31d"/>
      </symbol>
      <symbol id="sm-5a4">
         <name>__mspabi_sral_14</name>
         <value>0xe654</value>
         <object_component_ref idref="oc-31d"/>
      </symbol>
      <symbol id="sm-5a5">
         <name>__mspabi_sral_13</name>
         <value>0xe658</value>
         <object_component_ref idref="oc-31d"/>
      </symbol>
      <symbol id="sm-5a6">
         <name>__mspabi_sral_12</name>
         <value>0xe65c</value>
         <object_component_ref idref="oc-31d"/>
      </symbol>
      <symbol id="sm-5a7">
         <name>__mspabi_sral_11</name>
         <value>0xe660</value>
         <object_component_ref idref="oc-31d"/>
      </symbol>
      <symbol id="sm-5a8">
         <name>__mspabi_sral_10</name>
         <value>0xe664</value>
         <object_component_ref idref="oc-31d"/>
      </symbol>
      <symbol id="sm-5a9">
         <name>__mspabi_sral_8</name>
         <value>0xe66c</value>
         <object_component_ref idref="oc-31d"/>
      </symbol>
      <symbol id="sm-5aa">
         <name>__mspabi_sral_9</name>
         <value>0xe668</value>
         <object_component_ref idref="oc-31d"/>
      </symbol>
      <symbol id="sm-5ab">
         <name>__mspabi_sral_6</name>
         <value>0xe674</value>
         <object_component_ref idref="oc-31d"/>
      </symbol>
      <symbol id="sm-5ac">
         <name>__mspabi_sral_7</name>
         <value>0xe670</value>
         <object_component_ref idref="oc-31d"/>
      </symbol>
      <symbol id="sm-5ad">
         <name>__mspabi_sral_4</name>
         <value>0xe67c</value>
         <object_component_ref idref="oc-31d"/>
      </symbol>
      <symbol id="sm-5ae">
         <name>__mspabi_sral_5</name>
         <value>0xe678</value>
         <object_component_ref idref="oc-31d"/>
      </symbol>
      <symbol id="sm-5af">
         <name>__mspabi_sral_2</name>
         <value>0xe684</value>
         <object_component_ref idref="oc-31d"/>
      </symbol>
      <symbol id="sm-5b0">
         <name>__mspabi_sral_3</name>
         <value>0xe680</value>
         <object_component_ref idref="oc-31d"/>
      </symbol>
      <symbol id="sm-5b1">
         <name>__mspabi_sral_1</name>
         <value>0xe688</value>
         <object_component_ref idref="oc-31d"/>
      </symbol>
      <symbol id="sm-5bb">
         <name>__mspabi_mpyi_sw</name>
         <value>0xea62</value>
         <object_component_ref idref="oc-391"/>
      </symbol>
      <symbol id="sm-5bc">
         <name>__mspabi_mpyi</name>
         <value>0xea62</value>
         <object_component_ref idref="oc-391"/>
      </symbol>
      <symbol id="sm-5c6">
         <name>__mspabi_mpyl_sw</name>
         <value>0xe9a2</value>
         <object_component_ref idref="oc-3ce"/>
      </symbol>
      <symbol id="sm-5c7">
         <name>__mspabi_mpyl</name>
         <value>0xe9a2</value>
         <object_component_ref idref="oc-3ce"/>
      </symbol>
      <symbol id="sm-5d8">
         <name>__TI_frcmpyd</name>
         <value>0xcf22</value>
         <object_component_ref idref="oc-352"/>
      </symbol>
   </symbol_table>
   <title>Link successful</title>
</link_info>
