******************************************************************************
                  MSP430 Linker PC v18.1.3                     
******************************************************************************
>> Linked Fri Jul 31 21:17:40 2020

OUTPUT FILE NAME:   <Measure.out>
ENTRY POINT SYMBOL: "_c_int00_noargs"  address: 0000e9ec


MEMORY CONFIGURATION

         name            origin    length      used     unused   attr    fill
----------------------  --------  ---------  --------  --------  ----  --------
  SFR                   00000000   00000010  00000000  00000010  RWIX
  PERIPHERALS_8BIT      00000010   000000f0  00000000  000000f0  RWIX
  PERIPHERALS_16BIT     00000100   00000100  00000000  00000100  RWIX
  RAM                   00000200   00000200  00000081  0000017f  RWIX
  INFOD                 00001000   00000040  00000000  00000040  RWIX
  INFOC                 00001040   00000040  00000000  00000040  RWIX
  INFOB                 00001080   00000040  00000000  00000040  RWIX
  INFOA                 000010c0   00000040  00000000  00000040  RWIX
  FLASH                 0000c000   00003fde  00002bf2  000013ec  RWIX
  BSLSIGNATURE          0000ffde   00000002  00000002  00000000  RWIX  ffff 
  INT00                 0000ffe0   00000002  00000002  00000000  RWIX
  INT01                 0000ffe2   00000002  00000000  00000002  RWIX
  INT02                 0000ffe4   00000002  00000002  00000000  RWIX
  INT03                 0000ffe6   00000002  00000002  00000000  RWIX
  INT04                 0000ffe8   00000002  00000000  00000002  RWIX
  INT05                 0000ffea   00000002  00000002  00000000  RWIX
  INT06                 0000ffec   00000002  00000002  00000000  RWIX
  INT07                 0000ffee   00000002  00000002  00000000  RWIX
  INT08                 0000fff0   00000002  00000002  00000000  RWIX
  INT09                 0000fff2   00000002  00000002  00000000  RWIX
  INT10                 0000fff4   00000002  00000002  00000000  RWIX
  INT11                 0000fff6   00000002  00000002  00000000  RWIX
  INT12                 0000fff8   00000002  00000002  00000000  RWIX
  INT13                 0000fffa   00000002  00000002  00000000  RWIX
  INT14                 0000fffc   00000002  00000002  00000000  RWIX
  RESET                 0000fffe   00000002  00000002  00000000  RWIX


SECTION ALLOCATION MAP

 output                                  attributes/
section   page    origin      length       input sections
--------  ----  ----------  ----------   ----------------
.bss       0    00000200    0000002d     UNINITIALIZED
                  00000200    00000018     (.common:RT_Info)
                  00000218    00000014     (.common:str)
                  0000022c    00000001     (.common:rxBuffer)

.data      0    0000022e    00000004     UNINITIALIZED
                  0000022e    00000002     Uart.obj (.data)
                  00000230    00000002     rts430_eabi.lib : errno.c.obj (.data)

.stack     0    000003b0    00000050     UNINITIALIZED
                  000003b0    00000002     rts430_eabi.lib : boot.c.obj (.stack)
                  000003b2    0000004e     --HOLE--

.text      0    0000c000    00002b3c     
                  0000c000    000004b8     rts430_eabi.lib : s_atan.c.obj (.text:atan)
                  0000c4b8    00000478                     : frcdivd.c.obj (.text:__TI_frcdivd)
                  0000c930    000002fa                     : addd.c.obj (.text:__mspabi_addd)
                  0000cc2a    000002f8                     : e_sqrt.c.obj (.text:sqrt)
                  0000cf22    00000286                     : frcmpyd.c.obj (.text:__TI_frcmpyd)
                  0000d1a8    0000026e                     : mpyd.c.obj (.text:__mspabi_mpyd)
                  0000d416    00000260                     : frcaddd.c.obj (.text:__TI_frcaddd)
                  0000d676    00000238                     : divd.c.obj (.text:__mspabi_divd)
                  0000d8ae    0000020c     measure.obj (.text:make_angle)
                  0000daba    00000132     rts430_eabi.lib : fs_add.asm.obj (.text)
                  0000dbec    000000dc                     : cmpd.c.obj (.text:__mspabi_cmpd)
                  0000dcc8    000000c4                     : fs_mpy.asm.obj (.text)
                  0000dd8c    000000be                     : renormd.c.obj (.text:__TI_renormd)
                  0000de4a    000000ac                     : fltlid.c.obj (.text:__mspabi_fltlid)
                  0000def6    000000a8     adxl345.obj (.text:Multiple_read_ADXL345)
                  0000df9e    00000098     adxl345.obj (.text:Init_ADXL345)
                  0000e036    0000008c     rts430_eabi.lib : cvtdf.c.obj (.text:__mspabi_cvtdf)
                  0000e0c2    0000007c                     : copy_decompress_lzss.c.obj (.text:decompress:lzss:__TI_decompress_lzss)
                  0000e13e    00000072                     : cvtfd.c.obj (.text:__mspabi_cvtfd)
                  0000e1b0    00000072     measure.obj (.text:get_raw_value)
                  0000e222    00000068     rts430_eabi.lib : fs_toi.asm.obj (.text)
                  0000e28a    00000064     double2str.obj (.text:int2str)
                  0000e2ee    00000062     measure.obj (.text:make_g_float)
                  0000e350    0000005c     rts430_eabi.lib : lsr32.asm.obj (.text:l_lsr_const)
                  0000e3ac    00000054     Uart.obj (.text:Timer_A1_ISR)
                  0000e400    00000050     IIC.obj (.text:IIC_Readbyte)
                  0000e450    0000004e     main.obj (.text:main)
                  0000e49e    0000004c     IIC.obj (.text:IIC_Sendbyte)
                  0000e4ea    0000004c     IIC.obj (.text:IIC_Waitack)
                  0000e536    0000004c     rts430_eabi.lib : lsr16.asm.obj (.text)
                  0000e582    00000046     IIC.obj (.text:B_IIC_Sendbyte)
                  0000e5c8    00000046     IIC.obj (.text:B_IIC_Waitack)
                  0000e60e    00000042     rts430_eabi.lib : autoinit.c.obj (.text:__TI_auto_init_nobinit_nopinit:__TI_auto_init_nobinit_nopinit)
                  0000e650    0000003e                     : asr32.asm.obj (.text:l_asr_const)
                  0000e68e    0000003e                     : lsl32.asm.obj (.text:l_lsl_const)
                  0000e6cc    00000038     IIC.obj (.text:IIC_Start)
                  0000e704    00000038     IIC.obj (.text:IIC_Stop)
                  0000e73c    00000034     adxl345.obj (.text:B_Single_Write_ADXL345)
                  0000e770    00000034     IIC.obj (.text:IIC_Ack)
                  0000e7a4    00000034     adxl345.obj (.text:Single_Write_ADXL345)
                  0000e7d8    00000032     IIC.obj (.text:B_IIC_Start)
                  0000e80a    00000032     IIC.obj (.text:B_IIC_Stop)
                  0000e83c    00000032     IIC.obj (.text:IIC_Nack)
                  0000e86e    00000032     uart_self.obj (.text:UART_Init)
                  0000e8a0    0000002e     rts430_eabi.lib : subd.c.obj (.text:__mspabi_subd)
                  0000e8ce    0000002c                     : asr16.asm.obj (.text)
                  0000e8fa    0000002c                     : div16s.asm.obj (.text)
                  0000e926    0000002c                     : lsl16.asm.obj (.text)
                  0000e952    0000002a                     : negd.c.obj (.text:__mspabi_negd)
                  0000e97c    00000026     IIC.obj (.text:IIC_Init)
                  0000e9a2    00000026     rts430_eabi.lib : mult32.asm.obj (.text)
                  0000e9c8    00000024     uart_self.obj (.text:USCI0RX_ISR)
                  0000e9ec    0000001c     rts430_eabi.lib : boot.c.obj (.text:_c_int00_noargs)
                  0000ea08    0000001a     uart_self.obj (.text:putstr)
                  0000ea22    00000016     measure.obj (.text:get_mean)
                  0000ea38    00000016     rts430_eabi.lib : div16u.asm.obj (.text)
                  0000ea4e    00000014                     : copy_zero_init.c.obj (.text:decompress:ZI:__TI_zero_init_nomemset:__TI_zero_init_nomemset)
                  0000ea62    00000014                     : mult16.asm.obj (.text)
                  0000ea76    00000012     main.obj (.text:System_Clock)
                  0000ea88    00000012     rts430_eabi.lib : copy_decompress_none.c.obj (.text:decompress:none:__TI_decompress_none)
                  0000ea9a    00000012                     : lsr32.asm.obj (.text:l_lsr)
                  0000eaac    00000012                     : memcpy.c.obj (.text:memcpy)
                  0000eabe    00000010                     : asr32.asm.obj (.text:l_asr)
                  0000eace    00000010                     : lsl32.asm.obj (.text:l_lsl)
                  0000eade    00000010                     : epilog.asm.obj (.text)
                  0000eaee    0000000e     led.obj (.text:init_led)
                  0000eafc    0000000c     rts430_eabi.lib : fltid.c.obj (.text:__mspabi_fltid)
                  0000eb08    0000000c     uart_self.obj (.text:putchar)
                  0000eb14    0000000a     beep.obj (.text:init_beep)
                  0000eb1e    00000008     rts430_eabi.lib : isr_trap.asm.obj (.text:_isr:__TI_ISR_TRAP)
                  0000eb26    00000006                     : exit.c.obj (.text:abort)
                  0000eb2c    00000006     led.obj (.text:on_led)
                  0000eb32    00000004     rts430_eabi.lib : pre_init.c.obj (.text:_system_pre_init)
                  0000eb36    00000004     uart_self.obj (.text:receive)
                  0000eb3a    00000002     rts430_eabi.lib : startup.c.obj (.text:_system_post_cinit)

.const     0    0000eb3c    0000009c     
                  0000eb3c    00000058     rts430_eabi.lib : s_atan.c.obj (.const:aT)
                  0000eb94    00000020                     : s_atan.c.obj (.const:atanhi)
                  0000ebb4    00000020                     : s_atan.c.obj (.const:atanlo)
                  0000ebd4    00000004     main.obj (.const:.string)

.cinit     0    0000ebd8    0000001a     
                  0000ebd8    00000008     (.cinit..data.load) [load image]
                  0000ebe0    00000006     (__TI_handler_table)
                  0000ebe6    00000004     (.cinit..bss.load) [load image, compression = zero_init]
                  0000ebea    00000008     (__TI_cinit_table)

.binit     0    0000c000    00000000     

.init_array 
*          0    0000c000    00000000     UNINITIALIZED

TRAPINT    0    0000ffe0    00000002     
                  0000ffe0    00000002     rts430_eabi.lib : int00.asm.obj (.int00)

PORT1      0    0000ffe4    00000002     
                  0000ffe4    00000002     rts430_eabi.lib : int02.asm.obj (.int02)

PORT2      0    0000ffe6    00000002     
                  0000ffe6    00000002     rts430_eabi.lib : int03.asm.obj (.int03)

ADC10      0    0000ffea    00000002     
                  0000ffea    00000002     rts430_eabi.lib : int05.asm.obj (.int05)

USCIAB0TX 
*          0    0000ffec    00000002     
                  0000ffec    00000002     rts430_eabi.lib : int06.asm.obj (.int06)

USCIAB0RX 
*          0    0000ffee    00000002     
                  0000ffee    00000002     uart_self.obj (.int07)

TIMER0_A1 
*          0    0000fff0    00000002     
                  0000fff0    00000002     Uart.obj (.int08)

TIMER0_A0 
*          0    0000fff2    00000002     
                  0000fff2    00000002     rts430_eabi.lib : int09.asm.obj (.int09)

WDT        0    0000fff4    00000002     
                  0000fff4    00000002     rts430_eabi.lib : int10.asm.obj (.int10)

COMPARATORA 
*          0    0000fff6    00000002     
                  0000fff6    00000002     rts430_eabi.lib : int11.asm.obj (.int11)

TIMER1_A1 
*          0    0000fff8    00000002     
                  0000fff8    00000002     rts430_eabi.lib : int12.asm.obj (.int12)

TIMER1_A0 
*          0    0000fffa    00000002     
                  0000fffa    00000002     rts430_eabi.lib : int13.asm.obj (.int13)

NMI        0    0000fffc    00000002     
                  0000fffc    00000002     rts430_eabi.lib : int14.asm.obj (.int14)

.reset     0    0000fffe    00000002     
                  0000fffe    00000002     rts430_eabi.lib : boot.c.obj (.reset)

$fill000   0    0000ffde    00000002     
                  0000ffde    00000002     --HOLE-- [fill = ffff]

MODULE SUMMARY

       Module                       code    ro data   rw data
       ------                       ----    -------   -------
    .\
       measure.obj                  758     0         24     
       IIC.obj                      724     0         0      
       adxl345.obj                  424     0         0      
       uart_self.obj                128     2         0      
       main.obj                     96      4         20     
       double2str.obj               100     0         0      
       Uart.obj                     84      2         3      
       led.obj                      20      0         0      
       beep.obj                     10      0         0      
    +--+----------------------------+-------+---------+---------+
       Total:                       2344    8         47     
                                                             
    D:\ti\ccsv8\tools\compiler\ti-cgt-msp430_18.1.3.LTS\lib\rts430_eabi.lib
       s_atan.c.obj                 1208    152       0      
       frcdivd.c.obj                1144    0         0      
       addd.c.obj                   762     0         0      
       e_sqrt.c.obj                 760     0         0      
       frcmpyd.c.obj                646     0         0      
       mpyd.c.obj                   622     0         0      
       frcaddd.c.obj                608     0         0      
       divd.c.obj                   568     0         0      
       fs_add.asm.obj               306     0         0      
       cmpd.c.obj                   220     0         0      
       fs_mpy.asm.obj               196     0         0      
       renormd.c.obj                190     0         0      
       fltlid.c.obj                 172     0         0      
       cvtdf.c.obj                  140     0         0      
       copy_decompress_lzss.c.obj   124     0         0      
       cvtfd.c.obj                  114     0         0      
       lsr32.asm.obj                110     0         0      
       fs_toi.asm.obj               104     0         0      
       asr32.asm.obj                78      0         0      
       lsl32.asm.obj                78      0         0      
       lsr16.asm.obj                76      0         0      
       autoinit.c.obj               66      0         0      
       subd.c.obj                   46      0         0      
       asr16.asm.obj                44      0         0      
       div16s.asm.obj               44      0         0      
       lsl16.asm.obj                44      0         0      
       negd.c.obj                   42      0         0      
       mult32.asm.obj               38      0         0      
       boot.c.obj                   28      2         0      
       div16u.asm.obj               22      0         0      
       copy_zero_init.c.obj         20      0         0      
       mult16.asm.obj               20      0         0      
       copy_decompress_none.c.obj   18      0         0      
       memcpy.c.obj                 18      0         0      
       epilog.asm.obj               16      0         0      
       fltid.c.obj                  12      0         0      
       isr_trap.asm.obj             8       0         0      
       exit.c.obj                   6       0         0      
       pre_init.c.obj               4       0         0      
       errno.c.obj                  0       0         2      
       int00.asm.obj                0       2         0      
       int02.asm.obj                0       2         0      
       int03.asm.obj                0       2         0      
       int05.asm.obj                0       2         0      
       int06.asm.obj                0       2         0      
       int09.asm.obj                0       2         0      
       int10.asm.obj                0       2         0      
       int11.asm.obj                0       2         0      
       int12.asm.obj                0       2         0      
       int13.asm.obj                0       2         0      
       int14.asm.obj                0       2         0      
       startup.c.obj                2       0         0      
    +--+----------------------------+-------+---------+---------+
       Total:                       8724    176       2      
                                                             
       Stack:                       0       0         80     
       Linker Generated:            0       26        0      
    +--+----------------------------+-------+---------+---------+
       Grand Total:                 11068   210       129    


LINKER GENERATED COPY TABLES

__TI_cinit_table @ 0000ebea records: 2, size/record: 4, table size: 8
	.data: load addr=0000ebd8, load size=00000008 bytes, run addr=0000022e, run size=00000004 bytes, compression=copy
	.bss: load addr=0000ebe6, load size=00000004 bytes, run addr=00000200, run size=0000002d bytes, compression=zero_init


LINKER GENERATED HANDLER TABLE

__TI_handler_table @ 0000ebe0 records: 3, size/record: 2, table size: 6
	index: 0, handler: __TI_zero_init
	index: 1, handler: __TI_decompress_lzss
	index: 2, handler: __TI_decompress_none


GLOBAL SYMBOLS: SORTED ALPHABETICALLY BY Name 

address   name                          
-------   ----                          
0000004a  ADC10AE0                      
000001b0  ADC10CTL0                     
000001b2  ADC10CTL1                     
00000048  ADC10DTC0                     
00000049  ADC10DTC1                     
000001b4  ADC10MEM                      
000001bc  ADC10SA                       
00000057  BCSCTL1                       
00000058  BCSCTL2                       
00000053  BCSCTL3                       
0000e582  B_IIC_Sendbyte                
0000e7d8  B_IIC_Start                   
0000e80a  B_IIC_Stop                    
0000e5c8  B_IIC_Waitack                 
0000e73c  B_Single_Write_ADXL345        
0000eb26  C$$EXIT                       
00000059  CACTL1                        
0000005a  CACTL2                        
000010fb  CALBC1_12MHZ                  
000010f9  CALBC1_16MHZ                  
000010ff  CALBC1_1MHZ                   
000010fd  CALBC1_8MHZ                   
000010fa  CALDCO_12MHZ                  
000010f8  CALDCO_16MHZ                  
000010fe  CALDCO_1MHZ                   
000010fc  CALDCO_8MHZ                   
0000005b  CAPD                          
00000056  DCOCTL                        
00000128  FCTL1                         
0000012a  FCTL2                         
0000012c  FCTL3                         
00000000  IE1                           
00000001  IE2                           
00000002  IFG1                          
00000003  IFG2                          
0000e770  IIC_Ack                       
0000e97c  IIC_Init                      
0000e83c  IIC_Nack                      
0000e400  IIC_Readbyte                  
0000e49e  IIC_Sendbyte                  
0000e6cc  IIC_Start                     
0000e704  IIC_Stop                      
0000e4ea  IIC_Waitack                   
0000df9e  Init_ADXL345                  
0000def6  Multiple_read_ADXL345         
00000022  P1DIR                         
00000025  P1IE                          
00000024  P1IES                         
00000023  P1IFG                         
00000020  P1IN                          
00000021  P1OUT                         
00000027  P1REN                         
00000026  P1SEL                         
00000041  P1SEL2                        
0000002a  P2DIR                         
0000002d  P2IE                          
0000002c  P2IES                         
0000002b  P2IFG                         
00000028  P2IN                          
00000029  P2OUT                         
0000002f  P2REN                         
0000002e  P2SEL                         
00000042  P2SEL2                        
0000001a  P3DIR                         
00000018  P3IN                          
00000019  P3OUT                         
00000010  P3REN                         
0000001b  P3SEL                         
00000043  P3SEL2                        
00000200  RT_Info                       
0000e7a4  Single_Write_ADXL345          
0000ea76  System_Clock                  
00000172  TA0CCR0                       
00000174  TA0CCR1                       
00000176  TA0CCR2                       
00000162  TA0CCTL0                      
00000164  TA0CCTL1                      
00000166  TA0CCTL2                      
00000160  TA0CTL                        
0000012e  TA0IV                         
00000170  TA0R                          
00000192  TA1CCR0                       
00000194  TA1CCR1                       
00000196  TA1CCR2                       
00000182  TA1CCTL0                      
00000184  TA1CCTL1                      
00000186  TA1CCTL2                      
00000180  TA1CTL                        
0000011e  TA1IV                         
00000190  TA1R                          
000010db  TLV_ADC10_1_LEN               
000010da  TLV_ADC10_1_TAG               
000010c0  TLV_CHECKSUM                  
000010f7  TLV_DCO_30_LEN                
000010f6  TLV_DCO_30_TAG                
0000e3ac  Timer_A1_ISR                  
0000e86e  UART_Init                     
0000005d  UCA0ABCTL                     
00000062  UCA0BR0                       
00000063  UCA0BR1                       
00000060  UCA0CTL0                      
00000061  UCA0CTL1                      
0000005f  UCA0IRRCTL                    
0000005e  UCA0IRTCTL                    
00000064  UCA0MCTL                      
00000066  UCA0RXBUF                     
00000065  UCA0STAT                      
00000067  UCA0TXBUF                     
0000006a  UCB0BR0                       
0000006b  UCB0BR1                       
00000068  UCB0CTL0                      
00000069  UCB0CTL1                      
0000006c  UCB0I2CIE                     
00000118  UCB0I2COA                     
0000011a  UCB0I2CSA                     
0000006e  UCB0RXBUF                     
0000006d  UCB0STAT                      
0000006f  UCB0TXBUF                     
0000e9c8  USCI0RX_ISR                   
00000120  WDTCTL                        
00000400  __STACK_END                   
00000050  __STACK_SIZE                  
0000ebea  __TI_CINIT_Base               
0000ebf2  __TI_CINIT_Limit              
0000ebe0  __TI_Handler_Table_Base       
0000ebe6  __TI_Handler_Table_Limit      
0000eb1e  __TI_ISR_TRAP                 
0000e60e  __TI_auto_init_nobinit_nopinit
0000e0c2  __TI_decompress_lzss          
0000ea88  __TI_decompress_none          
0000d416  __TI_frcaddd                  
0000c4b8  __TI_frcdivd                  
0000cf22  __TI_frcmpyd                  
0000ffe0  __TI_int00                    
0000ffe4  __TI_int02                    
0000ffe6  __TI_int03                    
0000ffea  __TI_int05                    
0000ffec  __TI_int06                    
0000ffee  __TI_int07                    
0000fff0  __TI_int08                    
0000fff2  __TI_int09                    
0000fff4  __TI_int10                    
0000fff6  __TI_int11                    
0000fff8  __TI_int12                    
0000fffa  __TI_int13                    
0000fffc  __TI_int14                    
ffffffff  __TI_pprof_out_hndl           
ffffffff  __TI_prof_data_size           
ffffffff  __TI_prof_data_start          
0000dd8c  __TI_renormd                  
0000ea4e  __TI_zero_init_nomemset       
ffffffff  __c_args__                    
0000c930  __mspabi_addd                 
0000dac0  __mspabi_addf                 
0000dbec  __mspabi_cmpd                 
0000e036  __mspabi_cvtdf                
0000e13e  __mspabi_cvtfd                
0000d676  __mspabi_divd                 
0000e8fa  __mspabi_divi                 
0000ea38  __mspabi_divu                 
0000e222  __mspabi_fixfi                
0000eafc  __mspabi_fltid                
0000de4a  __mspabi_fltlid               
0000eaea  __mspabi_func_epilog_1        
0000eae8  __mspabi_func_epilog_2        
0000eae6  __mspabi_func_epilog_3        
0000eae4  __mspabi_func_epilog_4        
0000eae2  __mspabi_func_epilog_5        
0000eae0  __mspabi_func_epilog_6        
0000eade  __mspabi_func_epilog_7        
0000d1a8  __mspabi_mpyd                 
0000dcc8  __mspabi_mpyf                 
0000ea62  __mspabi_mpyi                 
0000ea62  __mspabi_mpyi_sw              
0000e9a2  __mspabi_mpyl                 
0000e9a2  __mspabi_mpyl_sw              
0000e952  __mspabi_negd                 
0000e8fa  __mspabi_remi                 
0000ea38  __mspabi_remu                 
0000e926  __mspabi_slli                 
0000e94e  __mspabi_slli_1               
0000e93c  __mspabi_slli_10              
0000e93a  __mspabi_slli_11              
0000e938  __mspabi_slli_12              
0000e936  __mspabi_slli_13              
0000e934  __mspabi_slli_14              
0000e932  __mspabi_slli_15              
0000e94c  __mspabi_slli_2               
0000e94a  __mspabi_slli_3               
0000e948  __mspabi_slli_4               
0000e946  __mspabi_slli_5               
0000e944  __mspabi_slli_6               
0000e942  __mspabi_slli_7               
0000e940  __mspabi_slli_8               
0000e93e  __mspabi_slli_9               
0000eace  __mspabi_slll                 
0000e6c6  __mspabi_slll_1               
0000e6a2  __mspabi_slll_10              
0000e69e  __mspabi_slll_11              
0000e69a  __mspabi_slll_12              
0000e696  __mspabi_slll_13              
0000e692  __mspabi_slll_14              
0000e68e  __mspabi_slll_15              
0000e6c2  __mspabi_slll_2               
0000e6be  __mspabi_slll_3               
0000e6ba  __mspabi_slll_4               
0000e6b6  __mspabi_slll_5               
0000e6b2  __mspabi_slll_6               
0000e6ae  __mspabi_slll_7               
0000e6aa  __mspabi_slll_8               
0000e6a6  __mspabi_slll_9               
0000e8ce  __mspabi_srai                 
0000e8f6  __mspabi_srai_1               
0000e8e4  __mspabi_srai_10              
0000e8e2  __mspabi_srai_11              
0000e8e0  __mspabi_srai_12              
0000e8de  __mspabi_srai_13              
0000e8dc  __mspabi_srai_14              
0000e8da  __mspabi_srai_15              
0000e8f4  __mspabi_srai_2               
0000e8f2  __mspabi_srai_3               
0000e8f0  __mspabi_srai_4               
0000e8ee  __mspabi_srai_5               
0000e8ec  __mspabi_srai_6               
0000e8ea  __mspabi_srai_7               
0000e8e8  __mspabi_srai_8               
0000e8e6  __mspabi_srai_9               
0000eabe  __mspabi_sral                 
0000e688  __mspabi_sral_1               
0000e664  __mspabi_sral_10              
0000e660  __mspabi_sral_11              
0000e65c  __mspabi_sral_12              
0000e658  __mspabi_sral_13              
0000e654  __mspabi_sral_14              
0000e650  __mspabi_sral_15              
0000e684  __mspabi_sral_2               
0000e680  __mspabi_sral_3               
0000e67c  __mspabi_sral_4               
0000e678  __mspabi_sral_5               
0000e674  __mspabi_sral_6               
0000e670  __mspabi_sral_7               
0000e66c  __mspabi_sral_8               
0000e668  __mspabi_sral_9               
0000e536  __mspabi_srli                 
0000e57c  __mspabi_srli_1               
0000e558  __mspabi_srli_10              
0000e554  __mspabi_srli_11              
0000e550  __mspabi_srli_12              
0000e54c  __mspabi_srli_13              
0000e548  __mspabi_srli_14              
0000e544  __mspabi_srli_15              
0000e578  __mspabi_srli_2               
0000e574  __mspabi_srli_3               
0000e570  __mspabi_srli_4               
0000e56c  __mspabi_srli_5               
0000e568  __mspabi_srli_6               
0000e564  __mspabi_srli_7               
0000e560  __mspabi_srli_8               
0000e55c  __mspabi_srli_9               
0000ea9a  __mspabi_srll                 
0000e3a4  __mspabi_srll_1               
0000e36e  __mspabi_srll_10              
0000e368  __mspabi_srll_11              
0000e362  __mspabi_srll_12              
0000e35c  __mspabi_srll_13              
0000e356  __mspabi_srll_14              
0000e350  __mspabi_srll_15              
0000e39e  __mspabi_srll_2               
0000e398  __mspabi_srll_3               
0000e392  __mspabi_srll_4               
0000e38c  __mspabi_srll_5               
0000e386  __mspabi_srll_6               
0000e380  __mspabi_srll_7               
0000e37a  __mspabi_srll_8               
0000e374  __mspabi_srll_9               
0000e8a0  __mspabi_subd                 
0000daba  __mspabi_subf                 
0000e9ec  _c_int00_noargs               
0000fffe  _reset_vector                 
000003b0  _stack                        
0000eb3a  _system_post_cinit            
0000eb32  _system_pre_init              
0000eb26  abort                         
0000c000  atan                          
0000c000  atanl                         
00000230  errno                         
0000ea22  get_mean                      
0000e1b0  get_raw_value                 
0000eb14  init_beep                     
0000eaee  init_led                      
0000e28a  int2str                       
0000e450  main                          
0000d8ae  make_angle                    
0000e2ee  make_g_float                  
0000eaac  memcpy                        
0000eb2c  on_led                        
0000eb08  putchar                       
0000ea08  putstr                        
0000eb36  receive                       
0000022c  rxBuffer                      
0000cc2a  sqrt                          
0000cc2a  sqrtl                         
00000218  str                           


GLOBAL SYMBOLS: SORTED BY Symbol Address 

address   name                          
-------   ----                          
00000000  IE1                           
00000001  IE2                           
00000002  IFG1                          
00000003  IFG2                          
00000010  P3REN                         
00000018  P3IN                          
00000019  P3OUT                         
0000001a  P3DIR                         
0000001b  P3SEL                         
00000020  P1IN                          
00000021  P1OUT                         
00000022  P1DIR                         
00000023  P1IFG                         
00000024  P1IES                         
00000025  P1IE                          
00000026  P1SEL                         
00000027  P1REN                         
00000028  P2IN                          
00000029  P2OUT                         
0000002a  P2DIR                         
0000002b  P2IFG                         
0000002c  P2IES                         
0000002d  P2IE                          
0000002e  P2SEL                         
0000002f  P2REN                         
00000041  P1SEL2                        
00000042  P2SEL2                        
00000043  P3SEL2                        
00000048  ADC10DTC0                     
00000049  ADC10DTC1                     
0000004a  ADC10AE0                      
00000050  __STACK_SIZE                  
00000053  BCSCTL3                       
00000056  DCOCTL                        
00000057  BCSCTL1                       
00000058  BCSCTL2                       
00000059  CACTL1                        
0000005a  CACTL2                        
0000005b  CAPD                          
0000005d  UCA0ABCTL                     
0000005e  UCA0IRTCTL                    
0000005f  UCA0IRRCTL                    
00000060  UCA0CTL0                      
00000061  UCA0CTL1                      
00000062  UCA0BR0                       
00000063  UCA0BR1                       
00000064  UCA0MCTL                      
00000065  UCA0STAT                      
00000066  UCA0RXBUF                     
00000067  UCA0TXBUF                     
00000068  UCB0CTL0                      
00000069  UCB0CTL1                      
0000006a  UCB0BR0                       
0000006b  UCB0BR1                       
0000006c  UCB0I2CIE                     
0000006d  UCB0STAT                      
0000006e  UCB0RXBUF                     
0000006f  UCB0TXBUF                     
00000118  UCB0I2COA                     
0000011a  UCB0I2CSA                     
0000011e  TA1IV                         
00000120  WDTCTL                        
00000128  FCTL1                         
0000012a  FCTL2                         
0000012c  FCTL3                         
0000012e  TA0IV                         
00000160  TA0CTL                        
00000162  TA0CCTL0                      
00000164  TA0CCTL1                      
00000166  TA0CCTL2                      
00000170  TA0R                          
00000172  TA0CCR0                       
00000174  TA0CCR1                       
00000176  TA0CCR2                       
00000180  TA1CTL                        
00000182  TA1CCTL0                      
00000184  TA1CCTL1                      
00000186  TA1CCTL2                      
00000190  TA1R                          
00000192  TA1CCR0                       
00000194  TA1CCR1                       
00000196  TA1CCR2                       
000001b0  ADC10CTL0                     
000001b2  ADC10CTL1                     
000001b4  ADC10MEM                      
000001bc  ADC10SA                       
00000200  RT_Info                       
00000218  str                           
0000022c  rxBuffer                      
00000230  errno                         
000003b0  _stack                        
00000400  __STACK_END                   
000010c0  TLV_CHECKSUM                  
000010da  TLV_ADC10_1_TAG               
000010db  TLV_ADC10_1_LEN               
000010f6  TLV_DCO_30_TAG                
000010f7  TLV_DCO_30_LEN                
000010f8  CALDCO_16MHZ                  
000010f9  CALBC1_16MHZ                  
000010fa  CALDCO_12MHZ                  
000010fb  CALBC1_12MHZ                  
000010fc  CALDCO_8MHZ                   
000010fd  CALBC1_8MHZ                   
000010fe  CALDCO_1MHZ                   
000010ff  CALBC1_1MHZ                   
0000c000  atan                          
0000c000  atanl                         
0000c4b8  __TI_frcdivd                  
0000c930  __mspabi_addd                 
0000cc2a  sqrt                          
0000cc2a  sqrtl                         
0000cf22  __TI_frcmpyd                  
0000d1a8  __mspabi_mpyd                 
0000d416  __TI_frcaddd                  
0000d676  __mspabi_divd                 
0000d8ae  make_angle                    
0000daba  __mspabi_subf                 
0000dac0  __mspabi_addf                 
0000dbec  __mspabi_cmpd                 
0000dcc8  __mspabi_mpyf                 
0000dd8c  __TI_renormd                  
0000de4a  __mspabi_fltlid               
0000def6  Multiple_read_ADXL345         
0000df9e  Init_ADXL345                  
0000e036  __mspabi_cvtdf                
0000e0c2  __TI_decompress_lzss          
0000e13e  __mspabi_cvtfd                
0000e1b0  get_raw_value                 
0000e222  __mspabi_fixfi                
0000e28a  int2str                       
0000e2ee  make_g_float                  
0000e350  __mspabi_srll_15              
0000e356  __mspabi_srll_14              
0000e35c  __mspabi_srll_13              
0000e362  __mspabi_srll_12              
0000e368  __mspabi_srll_11              
0000e36e  __mspabi_srll_10              
0000e374  __mspabi_srll_9               
0000e37a  __mspabi_srll_8               
0000e380  __mspabi_srll_7               
0000e386  __mspabi_srll_6               
0000e38c  __mspabi_srll_5               
0000e392  __mspabi_srll_4               
0000e398  __mspabi_srll_3               
0000e39e  __mspabi_srll_2               
0000e3a4  __mspabi_srll_1               
0000e3ac  Timer_A1_ISR                  
0000e400  IIC_Readbyte                  
0000e450  main                          
0000e49e  IIC_Sendbyte                  
0000e4ea  IIC_Waitack                   
0000e536  __mspabi_srli                 
0000e544  __mspabi_srli_15              
0000e548  __mspabi_srli_14              
0000e54c  __mspabi_srli_13              
0000e550  __mspabi_srli_12              
0000e554  __mspabi_srli_11              
0000e558  __mspabi_srli_10              
0000e55c  __mspabi_srli_9               
0000e560  __mspabi_srli_8               
0000e564  __mspabi_srli_7               
0000e568  __mspabi_srli_6               
0000e56c  __mspabi_srli_5               
0000e570  __mspabi_srli_4               
0000e574  __mspabi_srli_3               
0000e578  __mspabi_srli_2               
0000e57c  __mspabi_srli_1               
0000e582  B_IIC_Sendbyte                
0000e5c8  B_IIC_Waitack                 
0000e60e  __TI_auto_init_nobinit_nopinit
0000e650  __mspabi_sral_15              
0000e654  __mspabi_sral_14              
0000e658  __mspabi_sral_13              
0000e65c  __mspabi_sral_12              
0000e660  __mspabi_sral_11              
0000e664  __mspabi_sral_10              
0000e668  __mspabi_sral_9               
0000e66c  __mspabi_sral_8               
0000e670  __mspabi_sral_7               
0000e674  __mspabi_sral_6               
0000e678  __mspabi_sral_5               
0000e67c  __mspabi_sral_4               
0000e680  __mspabi_sral_3               
0000e684  __mspabi_sral_2               
0000e688  __mspabi_sral_1               
0000e68e  __mspabi_slll_15              
0000e692  __mspabi_slll_14              
0000e696  __mspabi_slll_13              
0000e69a  __mspabi_slll_12              
0000e69e  __mspabi_slll_11              
0000e6a2  __mspabi_slll_10              
0000e6a6  __mspabi_slll_9               
0000e6aa  __mspabi_slll_8               
0000e6ae  __mspabi_slll_7               
0000e6b2  __mspabi_slll_6               
0000e6b6  __mspabi_slll_5               
0000e6ba  __mspabi_slll_4               
0000e6be  __mspabi_slll_3               
0000e6c2  __mspabi_slll_2               
0000e6c6  __mspabi_slll_1               
0000e6cc  IIC_Start                     
0000e704  IIC_Stop                      
0000e73c  B_Single_Write_ADXL345        
0000e770  IIC_Ack                       
0000e7a4  Single_Write_ADXL345          
0000e7d8  B_IIC_Start                   
0000e80a  B_IIC_Stop                    
0000e83c  IIC_Nack                      
0000e86e  UART_Init                     
0000e8a0  __mspabi_subd                 
0000e8ce  __mspabi_srai                 
0000e8da  __mspabi_srai_15              
0000e8dc  __mspabi_srai_14              
0000e8de  __mspabi_srai_13              
0000e8e0  __mspabi_srai_12              
0000e8e2  __mspabi_srai_11              
0000e8e4  __mspabi_srai_10              
0000e8e6  __mspabi_srai_9               
0000e8e8  __mspabi_srai_8               
0000e8ea  __mspabi_srai_7               
0000e8ec  __mspabi_srai_6               
0000e8ee  __mspabi_srai_5               
0000e8f0  __mspabi_srai_4               
0000e8f2  __mspabi_srai_3               
0000e8f4  __mspabi_srai_2               
0000e8f6  __mspabi_srai_1               
0000e8fa  __mspabi_divi                 
0000e8fa  __mspabi_remi                 
0000e926  __mspabi_slli                 
0000e932  __mspabi_slli_15              
0000e934  __mspabi_slli_14              
0000e936  __mspabi_slli_13              
0000e938  __mspabi_slli_12              
0000e93a  __mspabi_slli_11              
0000e93c  __mspabi_slli_10              
0000e93e  __mspabi_slli_9               
0000e940  __mspabi_slli_8               
0000e942  __mspabi_slli_7               
0000e944  __mspabi_slli_6               
0000e946  __mspabi_slli_5               
0000e948  __mspabi_slli_4               
0000e94a  __mspabi_slli_3               
0000e94c  __mspabi_slli_2               
0000e94e  __mspabi_slli_1               
0000e952  __mspabi_negd                 
0000e97c  IIC_Init                      
0000e9a2  __mspabi_mpyl                 
0000e9a2  __mspabi_mpyl_sw              
0000e9c8  USCI0RX_ISR                   
0000e9ec  _c_int00_noargs               
0000ea08  putstr                        
0000ea22  get_mean                      
0000ea38  __mspabi_divu                 
0000ea38  __mspabi_remu                 
0000ea4e  __TI_zero_init_nomemset       
0000ea62  __mspabi_mpyi                 
0000ea62  __mspabi_mpyi_sw              
0000ea76  System_Clock                  
0000ea88  __TI_decompress_none          
0000ea9a  __mspabi_srll                 
0000eaac  memcpy                        
0000eabe  __mspabi_sral                 
0000eace  __mspabi_slll                 
0000eade  __mspabi_func_epilog_7        
0000eae0  __mspabi_func_epilog_6        
0000eae2  __mspabi_func_epilog_5        
0000eae4  __mspabi_func_epilog_4        
0000eae6  __mspabi_func_epilog_3        
0000eae8  __mspabi_func_epilog_2        
0000eaea  __mspabi_func_epilog_1        
0000eaee  init_led                      
0000eafc  __mspabi_fltid                
0000eb08  putchar                       
0000eb14  init_beep                     
0000eb1e  __TI_ISR_TRAP                 
0000eb26  C$$EXIT                       
0000eb26  abort                         
0000eb2c  on_led                        
0000eb32  _system_pre_init              
0000eb36  receive                       
0000eb3a  _system_post_cinit            
0000ebe0  __TI_Handler_Table_Base       
0000ebe6  __TI_Handler_Table_Limit      
0000ebea  __TI_CINIT_Base               
0000ebf2  __TI_CINIT_Limit              
0000ffe0  __TI_int00                    
0000ffe4  __TI_int02                    
0000ffe6  __TI_int03                    
0000ffea  __TI_int05                    
0000ffec  __TI_int06                    
0000ffee  __TI_int07                    
0000fff0  __TI_int08                    
0000fff2  __TI_int09                    
0000fff4  __TI_int10                    
0000fff6  __TI_int11                    
0000fff8  __TI_int12                    
0000fffa  __TI_int13                    
0000fffc  __TI_int14                    
0000fffe  _reset_vector                 
ffffffff  __TI_pprof_out_hndl           
ffffffff  __TI_prof_data_size           
ffffffff  __TI_prof_data_start          
ffffffff  __c_args__                    

[303 symbols]
